12-19 15:32:00.007   988  1039 D PowerManagerService: acquireWakeLockInternal: lock=214225706, flags=0x40000001, tag="*alarm*", ws=WorkSource{1000}, uid=1000, pid=988
12-19 15:32:00.007   988  1039 D PowerManagerService: updateWakeLockSummaryLocked: mWakefulness=Awake, mWakeLockSummary=0x1
12-19 15:32:00.007   988  1039 D PowerManagerService: updateUserActivitySummaryLocked: mWakefulness=Awake, mUserActivitySummary=0x1, nextTimeout=24838914 (in 1753629 ms)
12-19 15:32:00.008   988  1039 D DisplayPowerController: requestPowerState: policy=BRIGHT, useProximitySensor=false, screenBrightness=102, screenAutoBrightnessAdjustment=1.0, brightnessSetByUser=true, useAutoBrightness=true, blockScreenOn=false, lowPowerMode=false, boostScreenBrightness=false, dozeScreenBrightness=-1, dozeScreenState=UNKNOWN, waitForNegativeProximity=false
12-19 15:32:00.008   988  1039 I PowerManagerService: setBrightness mButtonLight 0.
12-19 15:32:00.008   988  1039 D PowerManagerService: updateDisplayPowerStateLocked: mDisplayReady=true, policy=3, mWakefulness=1, mWakeLockSummary=0x1, mUserActivitySummary=0x1, mBootCompleted=true, mScreenBrightnessBoostInProgress=false
12-19 15:32:00.011   988  1039 D PowerManagerService: Acquiring suspend blocker "PowerManagerService.WakeLocks".
12-19 15:32:00.012   988  1039 D PowerManagerNotifier: onWakeLockAcquired: flags=1073741825, tag="*alarm*", packageName=android, ownerUid=1000, ownerPid=988, workSource=WorkSource{1000}
12-19 15:32:00.020   988   988 V AlarmManager: APP set(PendingIntent{e69b5f0: PendingIntentRecord{11c769 android broadcastIntent}}) : type=3 triggerAtTime=28973277 win=0 tElapsed=28973277 maxElapsed=28973277 interval=0 flags=0x1
12-19 15:32:00.021   988   988 D AlarmManager:  whichBatch = -1
12-19 15:32:00.021   988   988 D ActivityThread: BDC-Calling finishReceiver: IIntentReceiver=ed1816d
12-19 15:32:00.025  1121  1121 I lenovokeyguard.log: (1121.0/main/1.5)[LenovoAdapterMtk]{mBroadcastReceiver.onReceive}<Context com.android.systemui.SystemUIApplication@35ddbe7><Intent #Intent;action=android.intent.action.TIME_TICK;launchFlags=0x50000114;i.android.intent.extra.ALARM_COUNT=1;end>
12-19 15:32:00.025  1121  1121 D ActivityThread: BDC-Calling onReceive end receiver=class com.lenovo.keyguard.adapter.LenovoAdapterMtk$1
12-19 15:32:00.025  1121  1121 D ActivityThread: BDC-Calling finishReceiver: IIntentReceiver=fe41d44
12-19 15:32:00.026  1121  1121 I lenovokeyguard.log: (1121.0/main/1.5)[KeyguardUpdateMonitor]{onTimeChanged}
12-19 15:32:00.030   988  1015 I LcdStepRate: mHandler: on msg MSG_RESET_LCD_STEP_RATE
12-19 15:32:00.033  1121  1121 D SettingsInterface:  from settings cache , name = time_12_24 , value = null
12-19 15:32:00.034  1121  1121 D SettingsInterface:  from settings cache , name = time_12_24 , value = null
12-19 15:32:00.034  1121  1121 D SettingsInterface:  from settings cache , name = time_12_24 , value = null
12-19 15:32:00.036  1121  1121 D SettingsInterface:  from settings cache , name = time_12_24 , value = null
12-19 15:32:00.037  1121  1121 D SettingsInterface:  from settings cache , name = time_12_24 , value = null
12-19 15:32:00.038  1121  1121 D ActivityThread: BDC-Calling onReceive end receiver=class com.android.systemui.statusbar.KeyguardIndicationController$2
12-19 15:32:00.038  1121  1121 D ActivityThread: BDC-Calling finishReceiver: IIntentReceiver=ba35e2d
12-19 15:32:00.040  1121  1121 D SettingsInterface:  from settings cache , name = time_12_24 , value = null
12-19 15:32:00.042  1121  1121 D ActivityThread: BDC-Calling onReceive end receiver=class com.android.systemui.statusbar.policy.Clock$1
12-19 15:32:00.042  1121  1121 D ActivityThread: BDC-Calling finishReceiver: IIntentReceiver=f0eff62
12-19 15:32:00.063  1121  1121 D ActivityThread: BDC-Calling onReceive end receiver=class android.widget.TextClock$2
12-19 15:32:00.063  1121  1121 D ActivityThread: BDC-Calling finishReceiver: IIntentReceiver=2fec8f3
12-19 15:32:00.065  1121  1121 D ActivityThread: BDC-Calling onReceive end receiver=class android.widget.TextClock$2
12-19 15:32:00.065  1121  1121 D ActivityThread: BDC-Calling finishReceiver: IIntentReceiver=6a7c9b0
12-19 15:32:00.068  1121  1121 D SettingsInterface:  from settings cache , name = time_12_24 , value = null
12-19 15:32:00.069  1121  1121 D ActivityThread: BDC-Calling onReceive end receiver=class com.android.systemui.statusbar.policy.Clock$1
12-19 15:32:00.069  1121  1121 D ActivityThread: BDC-Calling finishReceiver: IIntentReceiver=304b029
12-19 15:32:00.081  1121  1121 D ActivityThread: BDC-Calling onReceive end receiver=class com.android.systemui.statusbar.policy.DateView$1
12-19 15:32:00.081  1121  1121 D ActivityThread: BDC-Calling finishReceiver: IIntentReceiver=f61afae
12-19 15:32:00.083  1121  1121 D ActivityThread: BDC-Calling onReceive end receiver=class com.android.systemui.statusbar.policy.DateView$1
12-19 15:32:00.083  1121  1121 D ActivityThread: BDC-Calling finishReceiver: IIntentReceiver=eb3014f
12-19 15:32:00.092  1121  1121 D ActivityThread: BDC-Calling onReceive end receiver=class android.widget.TextClock$2
12-19 15:32:00.092  1121  1121 D ActivityThread: BDC-Calling finishReceiver: IIntentReceiver=eb7d0dc
12-19 15:32:00.099   988  1039 D SettingsInterface:  from settings cache , name = background_power_saving_enable , value = 1
12-19 15:32:00.099   988  1039 D DataShapingService: Alarm manager openLteDataUpLinkGate: false
12-19 15:32:00.099   988  1039 V AlarmManager: openLteGateSuccess = false
12-19 15:32:00.099   988  1039 I ActivityManager: [Background Service Priority Adjustment] Set callerFg as false for service.getFlags():260
12-19 15:32:00.102   988  1039 V ActivityManager_MU: bringUpServiceLocked: appInfo.uid=10033 app=ProcessRecord{8905f46 21161:com.lenovo.lewea/u0a33}
12-19 15:32:00.102   988  1039 V ActivityManager_MU: realStartServiceLocked, ServiceRecord.uid = 10033, ProcessRecord.uid = 10033
12-19 15:32:00.108   988   988 D AlarmManager: onSendFinished begin
12-19 15:32:00.109   988  1039 V AlarmManager: sending alarm Alarm{61b0a32 type 1 when 1513704720098 com.lenovo.lewea} success
12-19 15:32:00.111  1121  1121 D ActivityThread: BDC-Calling onReceive end receiver=class android.widget.TextClock$2
12-19 15:32:00.111  1121  1121 D ActivityThread: BDC-Calling finishReceiver: IIntentReceiver=c0f25e5
12-19 15:32:00.114 21161 21161 D ActivityThread: SVC-Creating service: CreateServiceData{token=android.os.BinderProxy@c6b8861 className=com.lenovo.weather.service.TimeTickService packageName=com.lenovo.lewea intent=null}
12-19 15:32:00.115 21161 21161 D LenovoWeatherApp: TimeTickService onCreate
12-19 15:32:00.116 21161 21161 D ActivityThread: SVC-CREATE_SERVICE handled : 0 / CreateServiceData{token=android.os.BinderProxy@c6b8861 className=com.lenovo.weather.service.TimeTickService packageName=com.lenovo.lewea intent=null}
12-19 15:32:00.116 21161 21161 D ActivityThread: SVC-Calling onStartCommand: com.lenovo.weather.service.TimeTickService@95ccf86, flags=0, startId=1
12-19 15:32:00.116 21161 21161 D LenovoWeatherApp: TimeTickService onStartCommand
12-19 15:32:00.117   988  1450 V ActivityManager_MU: getIntentSenderLocked(): uid=10033
12-19 15:32:00.118   988  1624 D AlarmManager: manual remove option = PendingIntent{b4ac383: PendingIntentRecord{48cc37f com.lenovo.lewea startService}}
12-19 15:32:00.119   988  4082 V AlarmManager: APP set(PendingIntent{b95900: PendingIntentRecord{48cc37f com.lenovo.lewea startService}}) : type=1 triggerAtTime=1513704780118 win=-1 tElapsed=28973394 maxElapsed=29018393 interval=0 flags=0x0
12-19 15:32:00.119   988  4082 D AlarmManager:  whichBatch = -1
12-19 15:32:00.120   988  4080 V ActivityManager: Broadcast: Intent { act=com.lenovo.weather.action.TIME_TICK flg=0x10 } ordered=false userid=0 callerApp=ProcessRecord{8905f46 21161:com.lenovo.lewea/u0a33}
12-19 15:32:00.120   988  4080 D RestrictedPackageService: filterBroadcastReceiver for com.lenovo.weather.action.TIME_TICK
12-19 15:32:00.121   988  1004 V ActivityManager_MU: isSingleton(com.lenovo.lewea, ApplicationInfo{dfe3b0d com.lenovo.lewea}, com.lenovo.weather.receiver.CommonReceiver, 0x0) = false
12-19 15:32:00.131  1121  1121 D SettingsInterface:  from settings cache , name = time_12_24 , value = null
12-19 15:32:00.131  1121  1121 D ActivityThread: BDC-Calling onReceive end receiver=class com.android.systemui.statusbar.policy.Clock$1
12-19 15:32:00.131  1121  1121 D ActivityThread: BDC-Calling finishReceiver: IIntentReceiver=41d18ba
12-19 15:32:00.133  1121  1121 D ActivityThread: BDC-Calling onReceive end receiver=class android.widget.DateTimeView$ReceiverInfo$1
12-19 15:32:00.133  1121  1121 D ActivityThread: BDC-Calling finishReceiver: IIntentReceiver=fc0d9ec
12-19 15:32:00.135   988   988 D AlarmManager: onSendFinished begin
12-19 15:32:00.135   988   988 D PowerManagerService: releaseWakeLockInternal: lock=214225706 [*alarm*], flags=0x0, total_time=129ms
12-19 15:32:00.135   988   988 D PowerManagerNotifier: onWakeLockReleased: flags=1073741825, tag="*alarm*", packageName=android, ownerUid=1000, ownerPid=988, workSource=WorkSource{1000}
12-19 15:32:00.136   988   988 D PowerManagerService: updateWakeLockSummaryLocked: mWakefulness=Awake, mWakeLockSummary=0x0
12-19 15:32:00.136   988   988 D PowerManagerService: updateUserActivitySummaryLocked: mWakefulness=Awake, mUserActivitySummary=0x1, nextTimeout=24838914 (in 1753501 ms)
12-19 15:32:00.136   988   988 D DisplayPowerController: requestPowerState: policy=BRIGHT, useProximitySensor=false, screenBrightness=102, screenAutoBrightnessAdjustment=1.0, brightnessSetByUser=true, useAutoBrightness=true, blockScreenOn=false, lowPowerMode=false, boostScreenBrightness=false, dozeScreenBrightness=-1, dozeScreenState=UNKNOWN, waitForNegativeProximity=false
12-19 15:32:00.136   988   988 I PowerManagerService: setBrightness mButtonLight 0.
12-19 15:32:00.136   988   988 D PowerManagerService: updateDisplayPowerStateLocked: mDisplayReady=true, policy=3, mWakefulness=1, mWakeLockSummary=0x0, mUserActivitySummary=0x1, mBootCompleted=true, mScreenBrightnessBoostInProgress=false
12-19 15:32:00.136   988   988 D PowerManagerService: Releasing suspend blocker "PowerManagerService.WakeLocks".
12-19 15:32:00.137   988  4084 V ActivityManager_MU: getServiceByName(ComponentInfo{com.lenovo.lewea/com.lenovo.weather.service.TimeTickService}), callingUser = 0
12-19 15:32:00.141 21161 21161 D ActivityThread: SVC-SERVICE_ARGS handled : 0 / ServiceArgsData{token=android.os.BinderProxy@c6b8861 startId=1 args=Intent { flg=0x104 cmp=com.lenovo.lewea/com.lenovo.weather.service.TimeTickService (has extras) }}
12-19 15:32:00.142 21161 21161 D ActivityThread: BDC-Calling onReceive: intent=Intent { act=com.lenovo.weather.action.TIME_TICK flg=0x10 cmp=com.lenovo.lewea/com.lenovo.weather.receiver.CommonReceiver }, receiver=com.lenovo.weather.receiver.CommonReceiver@b636047
12-19 15:32:00.142 21161 21161 D LenovoWeatherApp: CommonReceiver action=com.lenovo.weather.action.TIME_TICK
12-19 15:32:00.145   988   998 D AppOps  : noteOperation: allowing code 51 uid 10033 package com.lenovo.lewea
12-19 15:32:00.147 21161 21161 V LenovoWeatherApp: imeiNo=354101071542458
12-19 15:32:00.147 21161 21161 V LenovoWeatherApp: locationTime=38:00
12-19 15:32:00.147 21161 21161 D ActivityThread: BDC-Calling onReceive end receiver=class com.lenovo.weather.receiver.CommonReceiver
12-19 15:32:00.148   988  3783 V ActivityManager_MU: isSingleton(com.lenovo.lewea, ApplicationInfo{dfe3b0d com.lenovo.lewea}, com.lenovo.lewea.widget.WeatherWidget, 0x0) = false
12-19 15:32:00.151 21161 21161 D ActivityThread: BDC-RECEIVER handled : 0 / ReceiverData{intent=Intent { act=com.lenovo.weather.action.TIME_TICK flg=0x10 cmp=com.lenovo.lewea/com.lenovo.weather.receiver.CommonReceiver } packageName=com.lenovo.lewea resultCode=-1 resultData=null resultExtras=null}
12-19 15:32:00.151 21161 21161 D ActivityThread: SVC-Destroying service: com.lenovo.weather.service.TimeTickService@95ccf86
12-19 15:32:00.151 21161 21161 D LenovoWeatherApp: TimeTickService onDestroy
12-19 15:32:00.153 21161 21161 D ActivityThread: SVC-STOP_SERVICE handled : 0 / android.os.BinderProxy@c6b8861
12-19 15:32:00.153 21161 21161 D ActivityThread: BDC-Calling onReceive: intent=Intent { act=com.lenovo.weather.action.TIME_TICK flg=0x10 cmp=com.lenovo.lewea/.widget.WeatherWidget }, receiver=com.lenovo.lewea.widget.WeatherWidget@e8fd074
12-19 15:32:00.153 21161 21161 D LenovoWeatherApp: WeatherWidget action = com.lenovo.weather.action.TIME_TICK
12-19 15:32:00.155   988  1450 V ActivityManager_MU: bringUpServiceLocked: appInfo.uid=10033 app=ProcessRecord{8905f46 21161:com.lenovo.lewea/u0a33}
12-19 15:32:00.155   988  1450 V ActivityManager_MU: realStartServiceLocked, ServiceRecord.uid = 10033, ProcessRecord.uid = 10033
12-19 15:32:00.158 21161 21161 D ActivityThread: BDC-Calling onReceive end receiver=class com.lenovo.lewea.widget.WeatherWidget
12-19 15:32:00.159 21161 21161 D ActivityThread: BDC-RECEIVER handled : 0 / ReceiverData{intent=Intent { act=com.lenovo.weather.action.TIME_TICK flg=0x10 cmp=com.lenovo.lewea/.widget.WeatherWidget } packageName=com.lenovo.lewea resultCode=0 resultData=null resultExtras=null}
12-19 15:32:00.160 21161 21161 D ActivityThread: SVC-Creating service: CreateServiceData{token=android.os.BinderProxy@277499d className=com.lenovo.weather.service.UpdateAppWidgetService packageName=com.lenovo.lewea intent=null}
12-19 15:32:00.161 21161 21161 D ActivityThread: SVC-CREATE_SERVICE handled : 0 / CreateServiceData{token=android.os.BinderProxy@277499d className=com.lenovo.weather.service.UpdateAppWidgetService packageName=com.lenovo.lewea intent=null}
12-19 15:32:00.161 21161 21161 D ActivityThread: SVC-Calling onStartCommand: com.lenovo.weather.service.UpdateAppWidgetService@1a65e12, flags=0, startId=1
12-19 15:32:00.163 21161 21161 D ActivityThread: SVC-SERVICE_ARGS handled : 0 / ServiceArgsData{token=android.os.BinderProxy@277499d startId=1 args=Intent { cmp=com.lenovo.lewea/com.lenovo.weather.service.UpdateAppWidgetService }}
12-19 15:32:00.164 21161 21161 D LenovoWeatherApp: UpdateAppWidgetService ids.length = 0
12-19 15:32:00.165   988  1622 V ActivityManager_MU: getServiceByName(ComponentInfo{com.lenovo.lewea/com.lenovo.weather.service.UpdateAppWidgetService}), callingUser = 0
12-19 15:32:00.167 21161 21161 D ActivityThread: SVC-Destroying service: com.lenovo.weather.service.UpdateAppWidgetService@1a65e12
12-19 15:32:00.169 21161 21161 D ActivityThread: SVC-STOP_SERVICE handled : 0 / android.os.BinderProxy@277499d
12-19 15:32:00.425   988  1015 D AutoBrightnessLenovo.LightSensorSample: onSensorChanged: lux = 505.0
12-19 15:32:00.425   988  1015 D AutoBrightnessLenovo: updateAmbientLux: Scheduling ambient lux update for 2308720223087202 (in 1500 ms)
12-19 15:32:00.523  4658  4675 I PerfService: PerfServiceNative_getPackName
12-19 15:32:00.524   988  6700 I libPerfService: perfGetLastBoostPid 3460
12-19 15:32:00.525   988  6700 D PerfServiceManager: [PerfService] getLastBoostPid 3460 
12-19 15:32:00.525   988  6700 I libPerfService: perfGetLastBoostPid 3460
12-19 15:32:00.689   290   313 I BufferQueueProducer: [StatusBar](this:0x7fa4a3b400,id:5,api:1,p:1121,c:290) queueBuffer: fps=4.01 dur=1495.96 max=706.44 min=18.40
12-19 15:32:00.694   290   290 I SurfaceFlinger: [Built-in Screen (type:0)] fps:4.018123,dur:1493.23,max:710.56,min:16.24
12-19 15:32:00.704 20671 20739 D MAL-Daemon:  (void* rilproxy_urc_threa,  964) URC = (+ECSQ: 17,32,1,1,1,-46,-434,7,23
12-19 15:32:00.704 20671 20739 D MAL-Daemon: )
12-19 15:32:00.704 20671 20739 W MAL-Daemon:  (    mdfx_task_send_event,  636) mdfx_task_send_event(): [ACT] should NOT enter this leagcy API!!
12-19 15:32:00.705 20671 20739 W MAL-Daemon:  (    mdfx_task_send_event,  636) mdfx_task_send_event(): [ACT] should NOT enter this leagcy API!!
12-19 15:32:00.706 20671 20713 I MAL-Daemon:  (             rds_ru_task,  445) [RDS-I][RU][rds_ru_task] RCV Event: 104 
12-19 15:32:00.706 20671 20713 I MAL-Daemon:  (         rds_ru_urc_hdlr, 1733) [RDS-I][RDS][rds_ru_urc_hdlr] get URC: +ECSQ: 17,32,1,1,1,-46,-434,7,23
12-19 15:32:00.706 20671 20713 I MAL-Daemon: 
12-19 15:32:00.706 20671 20713 I MAL-Daemon:  (     ru_parse_3gppsigval, 1458) [RDS-I][RDS][ru_parse_3gppsigval] 3gppsigval #args act<7>
12-19 15:32:00.706 20671 20713 I MAL-Daemon:  (         rds_ru_urc_hdlr, 1913) [RDS-I][RDS][RU][rds_ru_urc_hdlr] Update 3GPP STATUS rsrp<-109> rsrq<17> regstat<6> 
12-19 15:32:00.706 20671 20713 I MAL-Daemon:  (         rds_ru_urc_hdlr, 1915) [RDS-I][RDS][RU][rds_ru_urc_hdlr] ru_check_ctx_ptr<0xf6073c9c, 0xf6073c9c>
12-19 15:32:00.706 20671 20713 W MAL-Daemon:  (    mdfx_task_send_event,  636) mdfx_task_send_event(): [ACT] should NOT enter this leagcy API!!
12-19 15:32:00.707 20671 20713 I MAL-Daemon:  (    ru_send_event_entity,  350) [RDS-I][RDS][RU][ru_send_event_entity] send event 605 to 602 with ret(0)
12-19 15:32:00.707 20671 20713 I MAL-Daemon:  (             rds_ru_task,  445) [RDS-I][RU][rds_ru_task] RCV Event: 605 
12-19 15:32:00.707 20671 20713 I MAL-Daemon:  (  rds_ru_3gpp_status_ind, 1390) [RDS-I][RU][EVENT_RU_DM_3GPP_STATUS_IND] i4ltersrp:-109, i4ltersrq:17, u43gpp_status:0x6
12-19 15:32:00.707 20671 20713 E MAL-Daemon:  (  rds_ru_3gpp_status_ind, 1421) [RDS-E][RU][EVENT_RU_DM_3GPP_STATUS_IND] Invalid u43gpp_status:0x6
12-19 15:32:00.708 20671 20695 D MAL-Daemon:  (          atmngr_urc_hdl,  206) atmngr_urc_hdl(): [AT_URC] "
12-19 15:32:00.708 20671 20695 D MAL-Daemon: +ECSQ: 17,32,1,1,1,-46,-434,7,23
12-19 15:32:00.708 20671 20695 D MAL-Daemon: "!!
12-19 15:32:00.715 20671 20713 I MAL-Daemon:  (          rds_ru_rpl_gen, 4866) [RDS-I][RU][rds_ru_rpl_gen][RDS][OP0] TYPE : <0>, UI Policy : <3>, RDS Policy : <3>
12-19 15:32:00.715 20671 20713 I MAL-Daemon:  (      rds_cell_only_orng, 3608) [RDS-I][RU][RDS IMS/MMS][rds_cell_only_orng] 
12-19 15:32:00.715 20671 20713 I MAL-Daemon:  (          rds_ru_rpl_gen, 4877) [RDS-I][RU][rds_ru_rpl_gen][RDS][OP0] TYPE : <0>, RAN1 : <254> ,RAN2 : <254>
12-19 15:32:00.715 20671 20713 I MAL-Daemon:  (          rds_ru_rpl_gen, 4866) [RDS-I][RU][rds_ru_rpl_gen][RDS][OP0] TYPE : <1>, UI Policy : <3>, RDS Policy : <3>
12-19 15:32:00.715 20671 20713 I MAL-Daemon:  (      rds_cell_only_orng, 3608) [RDS-I][RU][RDS IMS/MMS][rds_cell_only_orng] 
12-19 15:32:00.715 20671 20713 I MAL-Daemon:  (          rds_ru_rpl_gen, 4877) [RDS-I][RU][rds_ru_rpl_gen][RDS][OP0] TYPE : <1>, RAN1 : <254> ,RAN2 : <254>
12-19 15:32:00.715 20671 20713 I MAL-Daemon:  (          rds_ru_rpl_gen, 4866) [RDS-I][RU][rds_ru_rpl_gen][RDS][OP0] TYPE : <2>, UI Policy : <3>, RDS Policy : <3>
12-19 15:32:00.715 20671 20713 I MAL-Daemon:  (      rds_cell_only_orng, 3608) [RDS-I][RU][RDS IMS/MMS][rds_cell_only_orng] 
12-19 15:32:00.715 20671 20713 I MAL-Daemon:  (          rds_ru_rpl_gen, 4877) [RDS-I][RU][rds_ru_rpl_gen][RDS][OP0] TYPE : <2>, RAN1 : <254> ,RAN2 : <254>
12-19 15:32:00.715 20671 20713 I MAL-Daemon:  (          rds_ru_rpl_gen, 4866) [RDS-I][RU][rds_ru_rpl_gen][RDS][OP0] TYPE : <3>, UI Policy : <3>, RDS Policy : <3>
12-19 15:32:00.715 20671 20713 I MAL-Daemon:  (          rds_ru_rpl_gen, 4877) [RDS-I][RU][rds_ru_rpl_gen][RDS][OP0] TYPE : <3>, RAN1 : <1> ,RAN2 : <255>
12-19 15:32:00.715 20671 20713 I MAL-Daemon:  (          rds_ru_rpl_gen, 4866) [RDS-I][RU][rds_ru_rpl_gen][RDS][OP0] TYPE : <4>, UI Policy : <3>, RDS Policy : <3>
12-19 15:32:00.715 20671 20713 I MAL-Daemon:  (          rds_ru_rpl_gen, 4877) [RDS-I][RU][rds_ru_rpl_gen][RDS][OP0] TYPE : <4>, RAN1 : <1> ,RAN2 : <255>
12-19 15:32:00.715 20671 20713 I MAL-Daemon:  (          rds_ru_rpl_gen, 4866) [RDS-I][RU][rds_ru_rpl_gen][RDS][OP0] TYPE : <5>, UI Policy : <3>, RDS Policy : <3>
12-19 15:32:00.715 20671 20713 I MAL-Daemon:  (          rds_ru_rpl_gen, 4877) [RDS-I][RU][rds_ru_rpl_gen][RDS][OP0] TYPE : <5>, RAN1 : <1> ,RAN2 : <255>
12-19 15:32:00.715 20671 20713 I MAL-Daemon:  (          rds_ru_rpl_gen, 4877) [RDS-I][RU][rds_ru_rpl_gen][RDS][OP0] TYPE : <6>, RAN1 : <254> ,RAN2 : <254>
12-19 15:32:00.715 20671 20713 I MAL-Daemon:  (    rds_op_check_feature,  304) [RDS-I][RDS][OP][rds_op_check_feature] operator id(0) check feature<0>, curr_opmsk is <1>, sys_opmsk is <0x0001, 1>
12-19 15:32:00.715 20671 20713 I MAL-Daemon:  (  rds_ru_ims_vops_update, 4666) [RDS-I][RU][rds_ru_ims_vops_update][RDS IMS]Policy type: 0 IMS VOPS IE is Disabled, update IMS RPL from Ori:(254, 254) New:(254,254)
12-19 15:32:00.715 20671 20713 I MAL-Daemon:  (  rds_ru_ims_vops_update, 4666) [RDS-I][RU][rds_ru_ims_vops_update][RDS IMS]Policy type: 1 IMS VOPS IE is Disabled, update IMS RPL from Ori:(254, 254) New:(254,254)
12-19 15:32:00.715 20671 20713 I MAL-Daemon:  (  rds_ru_ims_vops_update, 4666) [RDS-I][RU][rds_ru_ims_vops_update][RDS IMS]Policy type: 2 IMS VOPS IE is Disabled, update IMS RPL from Ori:(254, 254) New:(254,254)
12-19 15:32:00.715 20671 20713 I MAL-Daemon:  (          rds_ru_rpl_gen, 4901) [RDS-I][RU][rds_ru_rpl_gen][RDS] Current policy: fgimsolte_en<0>, fgwfc_en<0>, erdspolicy<3>, 
12-19 15:32:00.715 20671 20713 I MAL-Daemon:  (          rds_ru_rpl_gen, 4904) [RDS-I][RU][rds_ru_rpl_gen][RDS] Threshold i4wifirssih<-75>, i4wifirssil<-85>, i4wifirssih_ho<-78>, i4wifirssil_ho<-88>, i4wifisnrh<10>, i4wifisnrl<6>
12-19 15:32:00.715 20671 20713 I MAL-Daemon:  (          rds_ru_rpl_gen, 4907) [RDS-I][RU][rds_ru_rpl_gen][RDS] Threshold i4ltersrph<-106>, i4ltersrpm<-111>, i4ltersrpl<-116>, i4ltersrqh<5>, i4ltersrqm<3>, i4ltersrql<1>
12-19 15:32:00.715 20671 20713 I MAL-Daemon:  (          rds_ru_rpl_gen, 4910) [RDS-I][RU][rds_ru_rpl_gen][RDS] current rds ru status: i4wifirssi<-127>, i4wifisnr<0>, i4ltersrp<-109>, i4ltersrq<17>, u4active_ran<65538> 
12-19 15:32:00.715 20671 20713 I MAL-Daemon:  (          rds_ru_rpl_gen, 4913) [RDS-I][RU][rds_ru_rpl_gen][RDS] current wifi backhaul : rtp_plr<0>, rtp_jitter<0>, ping_ind<0>
12-19 15:32:00.716 20671 20713 I MAL-Daemon:  (          rds_ru_rpl_gen, 4916) [RDS-I][RU][rds_ru_rpl_gen][RDS] Call stat : IR92<0>, IR94<0> 
12-19 15:32:00.716 20671 20713 I MAL-Daemon:  (          rds_ru_rpl_gen, 4922) [RDS-I][RU][RDS IMS/MMS][rds_ru_rpl_gen] Ori:(254,254)/(1,255) New:(254,254)/(1,255)
12-19 15:32:00.716 20671 20713 I MAL-Daemon:  (          rds_ru_rpl_gen, 4927) [RDS-I][RU][RDS IMS/MMS WIFI][rds_ru_rpl_gen] Ori:(254,254)/(1,255) New:(254,254)/(1,255)
12-19 15:32:00.716 20671 20713 I MAL-Daemon:  (          rds_ru_rpl_gen, 4932) [RDS-I][RU][RDS IMS/MMS CELL][rds_ru_rpl_gen] Ori:(254,254)/(1,255) New:(254,254)/(1,255)
12-19 15:32:00.716 20671 20713 I MAL-Daemon:  (          rds_ru_rpl_gen, 4936) [RDS-I][RU][RDS EMG][rds_ru_rpl_gen] Ori:(254,254) New:(254,254)
12-19 15:32:00.726   988   998 V ActivityManager: Broadcast sticky: Intent { act=android.intent.action.SIG_STR flg=0x20000010 (has extras) } ordered=false userid=-1 callerApp=ProcessRecord{313d9ba 988:system/1000}
12-19 15:32:00.726   988   998 D RestrictedPackageService: filterBroadcastReceiver for android.intent.action.SIG_STR
12-19 15:32:00.727   988  1004 V ActivityManager_MU: isSingleton(com.lenovo.ideafriend, ApplicationInfo{16b977e com.lenovo.ideafriend}, com.lenovo.ideafriend.mms.android.transaction.MmsSystemEventReceiver, 0x0) = false
12-19 15:32:00.731  3043  3043 D ActivityThread: BDC-Calling onReceive: intent=Intent { act=android.intent.action.SIG_STR flg=0x20000010 cmp=com.lenovo.ideafriend/.mms.android.transaction.MmsSystemEventReceiver (has extras) }, receiver=com.lenovo.ideafriend.mms.android.transaction.MmsSystemEventReceiver@96eee5c
12-19 15:32:00.731  3043  3043 D Mms     : onReceive(): intent=Intent { act=android.intent.action.SIG_STR flg=0x20000010 cmp=com.lenovo.ideafriend/.mms.android.transaction.MmsSystemEventReceiver (has extras) }
12-19 15:32:00.731  3043  3043 D ActivityThread: BDC-Calling onReceive end receiver=class com.lenovo.ideafriend.mms.android.transaction.MmsSystemEventReceiver
12-19 15:32:00.734  3043  3043 D ActivityThread: BDC-RECEIVER handled : 0 / ReceiverData{intent=Intent { act=android.intent.action.SIG_STR flg=0x20000010 cmp=com.lenovo.ideafriend/.mms.android.transaction.MmsSystemEventReceiver (has extras) } packageName=com.lenovo.ideafriend resultCode=-1 resultData=null resultExtras=null}
12-19 15:32:00.831   988  1015 I LcdStepRate: mHandler: on msg MSG_RESET_LCD_STEP_RATE
12-19 15:32:00.924   988  1015 D AutoBrightnessLenovo.LightSensorSample: onSensorChanged: lux = 594.0
12-19 15:32:00.925   988  1015 D AutoBrightnessLenovo: updateAmbientLux: Scheduling ambient lux update for 2308770123087701 (in 1499 ms)
12-19 15:32:01.280   387   387 I thermal_repeater: select timeout
12-19 15:32:01.424   988  1015 D AutoBrightnessLenovo.LightSensorSample: onSensorChanged: lux = 516.0
12-19 15:32:01.425   988  1015 D AutoBrightnessLenovo: updateAmbientLux: Scheduling ambient lux update for 2308820223088202 (in 1500 ms)
12-19 15:32:01.527  4658  4675 I PerfService: PerfServiceNative_getPackName
12-19 15:32:01.527   988  1624 I libPerfService: perfGetLastBoostPid 3460
12-19 15:32:01.528   988  1624 D PerfServiceManager: [PerfService] getLastBoostPid 3460 
12-19 15:32:01.528   988  1624 I libPerfService: perfGetLastBoostPid 3460
12-19 15:32:01.631   988  1015 I LcdStepRate: mHandler: on msg MSG_RESET_LCD_STEP_RATE
12-19 15:32:01.924   988  1015 D AutoBrightnessLenovo.LightSensorSample: onSensorChanged: lux = 501.0
12-19 15:32:01.925   988  1015 D AutoBrightnessLenovo: updateAmbientLux: Scheduling ambient lux update for 2308870223088702 (in 1500 ms)
12-19 15:32:02.186   290  3199 I BufferQueueProducer: [StatusBar](this:0x7fa4a3b400,id:5,api:1,p:1121,c:290) queueBuffer: fps=0.67 dur=1496.50 max=1496.50 min=1496.50
12-19 15:32:02.200   290   290 I SurfaceFlinger: [Built-in Screen (type:0)] fps:0.664289,dur:1505.37,max:1505.37,min:1505.37
12-19 15:32:02.424   988  1015 D AutoBrightnessLenovo.LightSensorSample: onSensorChanged: lux = 489.0
12-19 15:32:02.425   988  1015 D AutoBrightnessLenovo: updateAmbientLux: Scheduling ambient lux update for 2308920223089202 (in 1500 ms)
12-19 15:32:02.432   988  1015 I LcdStepRate: mHandler: on msg MSG_RESET_LCD_STEP_RATE
12-19 15:32:02.530  4658  4675 I PerfService: PerfServiceNative_getPackName
12-19 15:32:02.531   988  4084 I libPerfService: perfGetLastBoostPid 3460
12-19 15:32:02.531   988  4084 D PerfServiceManager: [PerfService] getLastBoostPid 3460 
12-19 15:32:02.531   988  4084 I libPerfService: perfGetLastBoostPid 3460
12-19 15:32:02.654   988  1483 W Watchdog: SWT Watchdog after wait current time:23087931
12-19 15:32:02.654   988  1483 D AES     : AEEIOCTL_GET/SET_SF_STATE IOCTL,cmd= 1074294797, lParam=0. 
12-19 15:32:02.654   988  1483 W Watchdog: **Get SF Time **1
12-19 15:32:02.655   988  1483 D AES     : AEEIOCTL_RT_MON_Kick IOCTL,cmd= -2147192822, lParam=300. 
12-19 15:32:02.655   988  1483 W Watchdog: SWT Watchdog before synchronized:23087932
12-19 15:32:02.655   988  1483 W Watchdog: SWT Watchdog after synchronized:23087932
12-19 15:32:02.655   988  1483 W Watchdog: SWT Watchdog before wait timeout:30000
12-19 15:32:02.655   988  1483 W Watchdog: SWT Watchdog before wait current time:23087933
12-19 15:32:02.655   988  1483 W Watchdog: SWT Watchdog before wait start:23087932
12-19 15:32:02.655   988  1483 W Watchdog: SWT Watchdog before wait CHECK_INTERVAL:30000
12-19 15:32:02.656   988  1006 D InputReader: InputReader::monitor: lock
12-19 15:32:02.656   988  1006 D InputReader: InputReader::monitor: wait 
12-19 15:32:02.660   988  1006 D InputReader: InputReader::monitor: unlock
12-19 15:32:02.660   988  1006 D InputReader: InputReader::monitor: done
12-19 15:32:02.924   988  1015 D AutoBrightnessLenovo.LightSensorSample: onSensorChanged: lux = 492.0
12-19 15:32:02.925   988  1015 D AutoBrightnessLenovo: updateAmbientLux: Scheduling ambient lux update for 2308970123089701 (in 1499 ms)
12-19 15:32:03.232   988  1015 I LcdStepRate: mHandler: on msg MSG_RESET_LCD_STEP_RATE
12-19 15:32:03.424   988  1015 D AutoBrightnessLenovo.LightSensorSample: onSensorChanged: lux = 506.0
12-19 15:32:03.425   988  1015 D AutoBrightnessLenovo: updateAmbientLux: Scheduling ambient lux update for 2309020223090202 (in 1500 ms)
12-19 15:32:03.533  4658  4675 I PerfService: PerfServiceNative_getPackName
12-19 15:32:03.534   988  6700 I libPerfService: perfGetLastBoostPid 3460
12-19 15:32:03.534   988  6700 D PerfServiceManager: [PerfService] getLastBoostPid 3460 
12-19 15:32:03.534   988  6700 I libPerfService: perfGetLastBoostPid 3460
12-19 15:32:03.700   290   311 I BufferQueueProducer: [StatusBar](this:0x7fa4a3b400,id:5,api:1,p:1121,c:290) queueBuffer: fps=0.66 dur=1512.98 max=1512.98 min=1512.98
12-19 15:32:03.716   290   290 I SurfaceFlinger: [Built-in Screen (type:0)] fps:0.659383,dur:1516.57,max:1516.57,min:1516.57
12-19 15:32:03.924   988  1015 D AutoBrightnessLenovo.LightSensorSample: onSensorChanged: lux = 499.0
12-19 15:32:03.925   988  1015 D AutoBrightnessLenovo: updateAmbientLux: Scheduling ambient lux update for 2309070123090701 (in 1499 ms)
12-19 15:32:04.033   988  1015 I LcdStepRate: mHandler: on msg MSG_RESET_LCD_STEP_RATE
12-19 15:32:04.217 20671 21136 I MAL-Daemon:  (    ru_mdmngr_send_atcmd, 1931) [RDS-I][RDS][RU][ru_mdmngr_send_atcmd] try to send ATcmd : AT+ECSQ 
12-19 15:32:04.217 20671 21136 I MAL-Daemon:  (    ru_mdmngr_send_atcmd, 1940) [RDS-I][RDS][RU][ru_mdmngr_send_atcmd] ru_check_ctx_ptr<0xf6073c9c, 0xf6073c9c>
12-19 15:32:04.217 20671 21136 W MAL-Daemon:  (    mdfx_task_send_event,  636) mdfx_task_send_event(): [ACT] should NOT enter this leagcy API!!
12-19 15:32:04.218 20671 21136 I MAL-Daemon:  (    ru_send_event_entity,  350) [RDS-I][RDS][RU][ru_send_event_entity] send event 101 to 101 with ret(0)
12-19 15:32:04.218 20671 20702 D MAL-Daemon:  (         mdmngr_task_hdl,   36) mdmngr_task_hdl(), receive event = 101 (vendor/mediatek/proprietary/frameworks/opt/mal/entity/mdmngr/mdmngr.c:36)
12-19 15:32:04.219 20671 20702 D MAL-Daemon:  (         mdmngr_task_hdl,   67) EVENT_MDMNGR_ATCMD_REQ@MDMNGR, priv_data = f732ea00, channel = 1, cmd = (AT+ECSQ) (vendor/mediatek/proprietary/frameworks/opt/mal/entity/mdmngr/mdmngr.c:67)
12-19 15:32:04.219 20671 20702 W MAL-Daemon:  (    mdfx_task_send_event,  636) mdfx_task_send_event(): [ACT] should NOT enter this leagcy API!!
12-19 15:32:04.219 20671 20740 I MAL-Daemon:  ( mdfx_event_do_statistic,  153) mdfx_event_do_statistic(): [STATISTIC] TID = 20740 has used 9990588 bytes!!
12-19 15:32:04.219 20671 20740 E MAL-Daemon:  (void* rilproxy_task_hdl(,  439) rilproxy_task_hdl(), receive event = 401
12-19 15:32:04.219 20671 20740 D MAL-Daemon:  (int rilproxy_send_ril_re,  320) send ril request, request_id = 2130, serial_no = 18600, length = 18000000, send_size = 24(18), fd = 31
12-19 15:32:04.238 20671 20738 D MAL-Daemon:  (void* rilproxy_cmd_resp_,  670) recv ril resp, length = 60, type = 0, result = 0, serial_no = 18600
12-19 15:32:04.238 20671 20738 D MAL-Daemon:  (void* rilproxy_cmd_resp_,  676) event_id = 401
12-19 15:32:04.239 20671 20702 D MAL-Daemon:  (         mdmngr_task_hdl,   36) mdmngr_task_hdl(), receive event = 102 (vendor/mediatek/proprietary/frameworks/opt/mal/entity/mdmngr/mdmngr.c:36)
12-19 15:32:04.239 20671 20702 D MAL-Daemon:  (         mdmngr_task_hdl,  115) EVENT_MDMNGR_ATCMD_RESP@MDMNGR (vendor/mediatek/proprietary/frameworks/opt/mal/entity/mdmngr/mdmngr.c:115)
12-19 15:32:04.239 20671 20702 D MAL-Daemon:  (         mdmngr_task_hdl,  122) event_req = f732ea00, ID = 101 (vendor/mediatek/proprietary/frameworks/opt/mal/entity/mdmngr/mdmngr.c:122)
12-19 15:32:04.239 20671 20702 D MAL-Daemon:  (         mdmngr_task_hdl,  125) atcmd_resp->priv_data = f63f6fa0 (vendor/mediatek/proprietary/frameworks/opt/mal/entity/mdmngr/mdmngr.c:125)
12-19 15:32:04.240 20671 20713 I MAL-Daemon:  (             rds_ru_task,  445) [RDS-I][RU][rds_ru_task] RCV Event: 102 
12-19 15:32:04.240 20671 20713 I MAL-Daemon:  (rds_ru_mdmngr_atrsp_hndl, 2186) [RDS-I][RDS][RU][rds_ru_mdmngr_atrsp_hndl] get AT resp: +ECSQ: 17,32,1,1,1,-46,-434,7,23
12-19 15:32:04.240 20671 20713 I MAL-Daemon: 
12-19 15:32:04.240 20671 20713 I MAL-Daemon: OK
12-19 15:32:04.240 20671 20713 I MAL-Daemon: 
12-19 15:32:04.240 20671 20713 I MAL-Daemon:  (     ru_parse_3gppsigval, 1458) [RDS-I][RDS][ru_parse_3gppsigval] 3gppsigval #args act<7>
12-19 15:32:04.424   988  1015 D AutoBrightnessLenovo.LightSensorSample: onSensorChanged: lux = 484.0
12-19 15:32:04.425   988  1015 D AutoBrightnessLenovo: updateAmbientLux: Scheduling ambient lux update for 2309120223091202 (in 1500 ms)
12-19 15:32:04.536  4658  4675 I PerfService: PerfServiceNative_getPackName
12-19 15:32:04.537   988  1623 I libPerfService: perfGetLastBoostPid 3460
12-19 15:32:04.537   988  1623 D PerfServiceManager: [PerfService] getLastBoostPid 3460 
12-19 15:32:04.538   988  1623 I libPerfService: perfGetLastBoostPid 3460
12-19 15:32:04.833   988  1015 I LcdStepRate: mHandler: on msg MSG_RESET_LCD_STEP_RATE
12-19 15:32:04.924   988  1015 D AutoBrightnessLenovo.LightSensorSample: onSensorChanged: lux = 490.0
12-19 15:32:04.925   988  1015 D AutoBrightnessLenovo: updateAmbientLux: Scheduling ambient lux update for 2309170123091701 (in 1499 ms)
12-19 15:32:05.197   290  3657 I BufferQueueProducer: [StatusBar](this:0x7fa4a3b400,id:5,api:1,p:1121,c:290) queueBuffer: fps=0.67 dur=1498.42 max=1498.42 min=1498.42
12-19 15:32:05.216   290   290 I SurfaceFlinger: [Built-in Screen (type:0)] fps:0.666839,dur:1499.61,max:1499.61,min:1499.61
12-19 15:32:05.339 20276 20601 D bt_btm_pm: btm_pm_proc_mode_change switched from ACTIVE to SNIFF.
12-19 15:32:05.424   988  1015 D AutoBrightnessLenovo.LightSensorSample: onSensorChanged: lux = 484.0
12-19 15:32:05.425   988  1015 D AutoBrightnessLenovo: updateAmbientLux: Scheduling ambient lux update for 2309220223092202 (in 1500 ms)
12-19 15:32:05.540  4658  4675 I PerfService: PerfServiceNative_getPackName
12-19 15:32:05.540   988  4083 I libPerfService: perfGetLastBoostPid 3460
12-19 15:32:05.541   988  4083 D PerfServiceManager: [PerfService] getLastBoostPid 3460 
12-19 15:32:05.542   988  4083 I libPerfService: perfGetLastBoostPid 3460
12-19 15:32:05.634   988  1015 I LcdStepRate: mHandler: on msg MSG_RESET_LCD_STEP_RATE
12-19 15:32:05.824 20671 20739 D MAL-Daemon:  (void* rilproxy_urc_threa,  964) URC = (+ECSQ: 17,32,1,1,1,-46,-434,7,20
12-19 15:32:05.824 20671 20739 D MAL-Daemon: )
12-19 15:32:05.824 20671 20739 W MAL-Daemon:  (    mdfx_task_send_event,  636) mdfx_task_send_event(): [ACT] should NOT enter this leagcy API!!
12-19 15:32:05.824 20671 20739 W MAL-Daemon:  (    mdfx_task_send_event,  636) mdfx_task_send_event(): [ACT] should NOT enter this leagcy API!!
12-19 15:32:05.825 20671 20713 I MAL-Daemon:  (             rds_ru_task,  445) [RDS-I][RU][rds_ru_task] RCV Event: 104 
12-19 15:32:05.825 20671 20713 I MAL-Daemon:  (         rds_ru_urc_hdlr, 1733) [RDS-I][RDS][rds_ru_urc_hdlr] get URC: +ECSQ: 17,32,1,1,1,-46,-434,7,20
12-19 15:32:05.825 20671 20713 I MAL-Daemon: 
12-19 15:32:05.825 20671 20713 I MAL-Daemon:  (     ru_parse_3gppsigval, 1458) [RDS-I][RDS][ru_parse_3gppsigval] 3gppsigval #args act<7>
12-19 15:32:05.826 20671 20695 D MAL-Daemon:  (          atmngr_urc_hdl,  206) atmngr_urc_hdl(): [AT_URC] "
12-19 15:32:05.826 20671 20695 D MAL-Daemon: +ECSQ: 17,32,1,1,1,-46,-434,7,20
12-19 15:32:05.826 20671 20695 D MAL-Daemon: "!!
12-19 15:32:05.846   988  1622 V ActivityManager: Broadcast sticky: Intent { act=android.intent.action.SIG_STR flg=0x20000010 (has extras) } ordered=false userid=-1 callerApp=ProcessRecord{313d9ba 988:system/1000}
12-19 15:32:05.846   988  1622 D RestrictedPackageService: filterBroadcastReceiver for android.intent.action.SIG_STR
12-19 15:32:05.847   988  1004 V ActivityManager_MU: isSingleton(com.lenovo.ideafriend, ApplicationInfo{c6c14df com.lenovo.ideafriend}, com.lenovo.ideafriend.mms.android.transaction.MmsSystemEventReceiver, 0x0) = false
12-19 15:32:05.851  3043  3043 D ActivityThread: BDC-Calling onReceive: intent=Intent { act=android.intent.action.SIG_STR flg=0x20000010 cmp=com.lenovo.ideafriend/.mms.android.transaction.MmsSystemEventReceiver (has extras) }, receiver=com.lenovo.ideafriend.mms.android.transaction.MmsSystemEventReceiver@803b565
12-19 15:32:05.851  3043  3043 D Mms     : onReceive(): intent=Intent { act=android.intent.action.SIG_STR flg=0x20000010 cmp=com.lenovo.ideafriend/.mms.android.transaction.MmsSystemEventReceiver (has extras) }
12-19 15:32:05.851  3043  3043 D ActivityThread: BDC-Calling onReceive end receiver=class com.lenovo.ideafriend.mms.android.transaction.MmsSystemEventReceiver
12-19 15:32:05.853  3043  3043 D ActivityThread: BDC-RECEIVER handled : 0 / ReceiverData{intent=Intent { act=android.intent.action.SIG_STR flg=0x20000010 cmp=com.lenovo.ideafriend/.mms.android.transaction.MmsSystemEventReceiver (has extras) } packageName=com.lenovo.ideafriend resultCode=-1 resultData=null resultExtras=null}
12-19 15:32:05.924   988  1015 D AutoBrightnessLenovo.LightSensorSample: onSensorChanged: lux = 509.0
12-19 15:32:05.924   988  1015 D AutoBrightnessLenovo: updateAmbientLux: Scheduling ambient lux update for 2309270123092701 (in 1500 ms)
12-19 15:32:06.282   387   387 I thermal_repeater: oh, queryMdThermalInfo (0)Connection refused
12-19 15:32:06.299   387   387 I thermal_repeater: [recvMdThermalInfo] ret=27, strLen=127,  3, 42, -127, -1, 32767, 17
12-19 15:32:06.424   988  1015 D AutoBrightnessLenovo.LightSensorSample: onSensorChanged: lux = 512.0
12-19 15:32:06.425   988  1015 D AutoBrightnessLenovo: updateAmbientLux: Scheduling ambient lux update for 2309320223093202 (in 1500 ms)
12-19 15:32:06.435   988  1015 I LcdStepRate: mHandler: on msg MSG_RESET_LCD_STEP_RATE
12-19 15:32:06.543  4658  4675 I PerfService: PerfServiceNative_getPackName
12-19 15:32:06.544   988  4084 I libPerfService: perfGetLastBoostPid 3460
12-19 15:32:06.544   988  4084 D PerfServiceManager: [PerfService] getLastBoostPid 3460 
12-19 15:32:06.544   988  4084 I libPerfService: perfGetLastBoostPid 3460
12-19 15:32:06.694   290  1717 I BufferQueueProducer: [StatusBar](this:0x7fa4a3b400,id:5,api:1,p:1121,c:290) queueBuffer: fps=0.67 dur=1497.13 max=1497.13 min=1497.13
12-19 15:32:06.715   290   290 I SurfaceFlinger: [Built-in Screen (type:0)] fps:0.666846,dur:1499.60,max:1499.60,min:1499.60
12-19 15:32:06.924   988  1015 D AutoBrightnessLenovo.LightSensorSample: onSensorChanged: lux = 485.0
12-19 15:32:06.925   988  1015 D AutoBrightnessLenovo: updateAmbientLux: Scheduling ambient lux update for 2309370123093701 (in 1499 ms)
12-19 15:32:07.235   988  1015 I LcdStepRate: mHandler: on msg MSG_RESET_LCD_STEP_RATE
12-19 15:32:07.424   988  1015 D AutoBrightnessLenovo.LightSensorSample: onSensorChanged: lux = 506.0
12-19 15:32:07.425   988  1015 D AutoBrightnessLenovo: updateAmbientLux: Scheduling ambient lux update for 2309420223094202 (in 1500 ms)
12-19 15:32:07.547  4658  4675 I PerfService: PerfServiceNative_getPackName
12-19 15:32:07.547   988  4079 I libPerfService: perfGetLastBoostPid 3460
12-19 15:32:07.548   988  4079 D PerfServiceManager: [PerfService] getLastBoostPid 3460 
12-19 15:32:07.548   988  4079 I libPerfService: perfGetLastBoostPid 3460
12-19 15:32:07.924   988  1015 D AutoBrightnessLenovo.LightSensorSample: onSensorChanged: lux = 158.0
12-19 15:32:07.925   988  1015 D AutoBrightnessLenovo: updateAmbientLux: Scheduling ambient lux update for 2309470123094701 (in 1499 ms)
12-19 15:32:08.036   988  1015 I LcdStepRate: mHandler: on msg MSG_RESET_LCD_STEP_RATE
12-19 15:32:08.192   290   313 I BufferQueueProducer: [StatusBar](this:0x7fa4a3b400,id:5,api:1,p:1121,c:290) queueBuffer: fps=0.67 dur=1497.46 max=1497.46 min=1497.46
12-19 15:32:08.215   290   290 I SurfaceFlinger: [Built-in Screen (type:0)] fps:0.666723,dur:1499.87,max:1499.87,min:1499.87
12-19 15:32:08.424   988  1015 D AutoBrightnessLenovo.LightSensorSample: onSensorChanged: lux = 537.0
12-19 15:32:08.425   988  1015 D AutoBrightnessLenovo: updateAmbientLux: Scheduling ambient lux update for 2309520223095202 (in 1500 ms)
12-19 15:32:08.550  4658  4675 I PerfService: PerfServiceNative_getPackName
12-19 15:32:08.551   988  4080 I libPerfService: perfGetLastBoostPid 3460
12-19 15:32:08.551   988  4080 D PerfServiceManager: [PerfService] getLastBoostPid 3460 
12-19 15:32:08.551   988  4080 I libPerfService: perfGetLastBoostPid 3460
12-19 15:32:08.836   988  1015 I LcdStepRate: mHandler: on msg MSG_RESET_LCD_STEP_RATE
12-19 15:32:08.924   988  1015 D AutoBrightnessLenovo.LightSensorSample: onSensorChanged: lux = 539.0
12-19 15:32:08.925   988  1015 D AutoBrightnessLenovo: updateAmbientLux: Scheduling ambient lux update for 2309570223095702 (in 1500 ms)
12-19 15:32:09.123 13417 13429 I System  : FinalizerDaemon: finalize objects = 146
12-19 15:32:09.190 13440 13440 W secondary_proce: type=1400 audit(0.0:8141): avc: denied { read } for name="gpu_memory" dev="debugfs" ino=130 scontext=u:r:untrusted_app:s0:c512,c768 tcontext=u:object_r:debugfs:s0 tclass=file permissive=0
12-19 15:32:09.424   988  1015 D AutoBrightnessLenovo.LightSensorSample: onSensorChanged: lux = 538.0
12-19 15:32:09.424   988  1015 D AutoBrightnessLenovo: updateAmbientLux: Scheduling ambient lux update for 2309620123096201 (in 1499 ms)
12-19 15:32:09.553  4658  4675 I PerfService: PerfServiceNative_getPackName
12-19 15:32:09.554   988  1622 I libPerfService: perfGetLastBoostPid 3460
12-19 15:32:09.554   988  1622 D PerfServiceManager: [PerfService] getLastBoostPid 3460 
12-19 15:32:09.554   988  1622 I libPerfService: perfGetLastBoostPid 3460
12-19 15:32:09.637   988  1015 I LcdStepRate: mHandler: on msg MSG_RESET_LCD_STEP_RATE
12-19 15:32:09.683   290  3199 I BufferQueueProducer: [StatusBar](this:0x7fa4a3b400,id:5,api:1,p:1121,c:290) queueBuffer: fps=0.67 dur=1490.69 max=1490.69 min=1490.69
12-19 15:32:09.698   290   290 I SurfaceFlinger: [Built-in Screen (type:0)] fps:0.674381,dur:1482.84,max:1482.84,min:1482.84
12-19 15:32:09.924   988  1015 D AutoBrightnessLenovo.LightSensorSample: onSensorChanged: lux = 515.0
12-19 15:32:09.924   988  1015 D AutoBrightnessLenovo: updateAmbientLux: Scheduling ambient lux update for 2309670123096701 (in 1499 ms)
12-19 15:32:10.424   988  1015 D AutoBrightnessLenovo.LightSensorSample: onSensorChanged: lux = 546.0
12-19 15:32:10.425   988  1015 D AutoBrightnessLenovo: updateAmbientLux: Scheduling ambient lux update for 2309720223097202 (in 1500 ms)
12-19 15:32:10.437   988  1015 I LcdStepRate: mHandler: on msg MSG_RESET_LCD_STEP_RATE
12-19 15:32:10.555  4658  4675 I PerfService: PerfServiceNative_getPackName
12-19 15:32:10.556   988   998 I libPerfService: perfGetLastBoostPid 3460
12-19 15:32:10.556   988   998 D PerfServiceManager: [PerfService] getLastBoostPid 3460 
12-19 15:32:10.556   988   998 I libPerfService: perfGetLastBoostPid 3460
12-19 15:32:10.924   988  1015 D AutoBrightnessLenovo.LightSensorSample: onSensorChanged: lux = 556.0
12-19 15:32:10.925   988  1015 D AutoBrightnessLenovo: updateAmbientLux: Scheduling ambient lux update for 2309770223097702 (in 1500 ms)
12-19 15:32:10.944 20671 20739 D MAL-Daemon:  (void* rilproxy_urc_threa,  964) URC = (+ECSQ: 16,32,1,1,1,-48,-435,7,17
12-19 15:32:10.944 20671 20739 D MAL-Daemon: )
12-19 15:32:10.944 20671 20739 W MAL-Daemon:  (    mdfx_task_send_event,  636) mdfx_task_send_event(): [ACT] should NOT enter this leagcy API!!
12-19 15:32:10.944 20671 20739 W MAL-Daemon:  (    mdfx_task_send_event,  636) mdfx_task_send_event(): [ACT] should NOT enter this leagcy API!!
12-19 15:32:10.945 20671 20713 I MAL-Daemon:  (             rds_ru_task,  445) [RDS-I][RU][rds_ru_task] RCV Event: 104 
12-19 15:32:10.946 20671 20713 I MAL-Daemon:  (         rds_ru_urc_hdlr, 1733) [RDS-I][RDS][rds_ru_urc_hdlr] get URC: +ECSQ: 16,32,1,1,1,-48,-435,7,17
12-19 15:32:10.946 20671 20713 I MAL-Daemon: 
12-19 15:32:10.946 20671 20713 I MAL-Daemon:  (     ru_parse_3gppsigval, 1458) [RDS-I][RDS][ru_parse_3gppsigval] 3gppsigval #args act<7>
12-19 15:32:10.946 20671 20713 I MAL-Daemon:  (         rds_ru_urc_hdlr, 1913) [RDS-I][RDS][RU][rds_ru_urc_hdlr] Update 3GPP STATUS rsrp<-109> rsrq<16> regstat<6> 
12-19 15:32:10.946 20671 20713 I MAL-Daemon:  (         rds_ru_urc_hdlr, 1915) [RDS-I][RDS][RU][rds_ru_urc_hdlr] ru_check_ctx_ptr<0xf6073c9c, 0xf6073c9c>
12-19 15:32:10.946 20671 20713 W MAL-Daemon:  (    mdfx_task_send_event,  636) mdfx_task_send_event(): [ACT] should NOT enter this leagcy API!!
12-19 15:32:10.946 20671 20713 I MAL-Daemon:  (    ru_send_event_entity,  350) [RDS-I][RDS][RU][ru_send_event_entity] send event 605 to 602 with ret(0)
12-19 15:32:10.946 20671 20713 I MAL-Daemon:  (             rds_ru_task,  445) [RDS-I][RU][rds_ru_task] RCV Event: 605 
12-19 15:32:10.947 20671 20713 I MAL-Daemon:  (  rds_ru_3gpp_status_ind, 1390) [RDS-I][RU][EVENT_RU_DM_3GPP_STATUS_IND] i4ltersrp:-109, i4ltersrq:16, u43gpp_status:0x6
12-19 15:32:10.947 20671 20713 E MAL-Daemon:  (  rds_ru_3gpp_status_ind, 1421) [RDS-E][RU][EVENT_RU_DM_3GPP_STATUS_IND] Invalid u43gpp_status:0x6
12-19 15:32:10.947 20671 20713 I MAL-Daemon:  (          rds_ru_rpl_gen, 4866) [RDS-I][RU][rds_ru_rpl_gen][RDS][OP0] TYPE : <0>, UI Policy : <3>, RDS Policy : <3>
12-19 15:32:10.947 20671 20713 I MAL-Daemon:  (      rds_cell_only_orng, 3608) [RDS-I][RU][RDS IMS/MMS][rds_cell_only_orng] 
12-19 15:32:10.947 20671 20713 I MAL-Daemon:  (          rds_ru_rpl_gen, 4877) [RDS-I][RU][rds_ru_rpl_gen][RDS][OP0] TYPE : <0>, RAN1 : <254> ,RAN2 : <254>
12-19 15:32:10.947 20671 20713 I MAL-Daemon:  (          rds_ru_rpl_gen, 4866) [RDS-I][RU][rds_ru_rpl_gen][RDS][OP0] TYPE : <1>, UI Policy : <3>, RDS Policy : <3>
12-19 15:32:10.947 20671 20713 I MAL-Daemon:  (      rds_cell_only_orng, 3608) [RDS-I][RU][RDS IMS/MMS][rds_cell_only_orng] 
12-19 15:32:10.948 20671 20713 I MAL-Daemon:  (          rds_ru_rpl_gen, 4877) [RDS-I][RU][rds_ru_rpl_gen][RDS][OP0] TYPE : <1>, RAN1 : <254> ,RAN2 : <254>
12-19 15:32:10.948 20671 20713 I MAL-Daemon:  (          rds_ru_rpl_gen, 4866) [RDS-I][RU][rds_ru_rpl_gen][RDS][OP0] TYPE : <2>, UI Policy : <3>, RDS Policy : <3>
12-19 15:32:10.948 20671 20713 I MAL-Daemon:  (      rds_cell_only_orng, 3608) [RDS-I][RU][RDS IMS/MMS][rds_cell_only_orng] 
12-19 15:32:10.948 20671 20713 I MAL-Daemon:  (          rds_ru_rpl_gen, 4877) [RDS-I][RU][rds_ru_rpl_gen][RDS][OP0] TYPE : <2>, RAN1 : <254> ,RAN2 : <254>
12-19 15:32:10.948 20671 20713 I MAL-Daemon:  (          rds_ru_rpl_gen, 4866) [RDS-I][RU][rds_ru_rpl_gen][RDS][OP0] TYPE : <3>, UI Policy : <3>, RDS Policy : <3>
12-19 15:32:10.948 20671 20713 I MAL-Daemon:  (          rds_ru_rpl_gen, 4877) [RDS-I][RU][rds_ru_rpl_gen][RDS][OP0] TYPE : <3>, RAN1 : <1> ,RAN2 : <255>
12-19 15:32:10.948 20671 20713 I MAL-Daemon:  (          rds_ru_rpl_gen, 4866) [RDS-I][RU][rds_ru_rpl_gen][RDS][OP0] TYPE : <4>, UI Policy : <3>, RDS Policy : <3>
12-19 15:32:10.948 20671 20713 I MAL-Daemon:  (          rds_ru_rpl_gen, 4877) [RDS-I][RU][rds_ru_rpl_gen][RDS][OP0] TYPE : <4>, RAN1 : <1> ,RAN2 : <255>
12-19 15:32:10.949 20671 20713 I MAL-Daemon:  (          rds_ru_rpl_gen, 4866) [RDS-I][RU][rds_ru_rpl_gen][RDS][OP0] TYPE : <5>, UI Policy : <3>, RDS Policy : <3>
12-19 15:32:10.949 20671 20713 I MAL-Daemon:  (          rds_ru_rpl_gen, 4877) [RDS-I][RU][rds_ru_rpl_gen][RDS][OP0] TYPE : <5>, RAN1 : <1> ,RAN2 : <255>
12-19 15:32:10.949 20671 20713 I MAL-Daemon:  (          rds_ru_rpl_gen, 4877) [RDS-I][RU][rds_ru_rpl_gen][RDS][OP0] TYPE : <6>, RAN1 : <254> ,RAN2 : <254>
12-19 15:32:10.949 20671 20713 I MAL-Daemon:  (    rds_op_check_feature,  304) [RDS-I][RDS][OP][rds_op_check_feature] operator id(0) check feature<0>, curr_opmsk is <1>, sys_opmsk is <0x0001, 1>
12-19 15:32:10.949 20671 20713 I MAL-Daemon:  (  rds_ru_ims_vops_update, 4666) [RDS-I][RU][rds_ru_ims_vops_update][RDS IMS]Policy type: 0 IMS VOPS IE is Disabled, update IMS RPL from Ori:(254, 254) New:(254,254)
12-19 15:32:10.949 20671 20713 I MAL-Daemon:  (  rds_ru_ims_vops_update, 4666) [RDS-I][RU][rds_ru_ims_vops_update][RDS IMS]Policy type: 1 IMS VOPS IE is Disabled, update IMS RPL from Ori:(254, 254) New:(254,254)
12-19 15:32:10.950 20671 20713 I MAL-Daemon:  (  rds_ru_ims_vops_update, 4666) [RDS-I][RU][rds_ru_ims_vops_update][RDS IMS]Policy type: 2 IMS VOPS IE is Disabled, update IMS RPL from Ori:(254, 254) New:(254,254)
12-19 15:32:10.950 20671 20713 I MAL-Daemon:  (          rds_ru_rpl_gen, 4901) [RDS-I][RU][rds_ru_rpl_gen][RDS] Current policy: fgimsolte_en<0>, fgwfc_en<0>, erdspolicy<3>, 
12-19 15:32:10.950 20671 20713 I MAL-Daemon:  (          rds_ru_rpl_gen, 4904) [RDS-I][RU][rds_ru_rpl_gen][RDS] Threshold i4wifirssih<-75>, i4wifirssil<-85>, i4wifirssih_ho<-78>, i4wifirssil_ho<-88>, i4wifisnrh<10>, i4wifisnrl<6>
12-19 15:32:10.950 20671 20713 I MAL-Daemon:  (          rds_ru_rpl_gen, 4907) [RDS-I][RU][rds_ru_rpl_gen][RDS] Threshold i4ltersrph<-106>, i4ltersrpm<-111>, i4ltersrpl<-116>, i4ltersrqh<5>, i4ltersrqm<3>, i4ltersrql<1>
12-19 15:32:10.950 20671 20713 I MAL-Daemon:  (          rds_ru_rpl_gen, 4910) [RDS-I][RU][rds_ru_rpl_gen][RDS] current rds ru status: i4wifirssi<-127>, i4wifisnr<0>, i4ltersrp<-109>, i4ltersrq<16>, u4active_ran<65538> 
12-19 15:32:10.950 20671 20713 I MAL-Daemon:  (          rds_ru_rpl_gen, 4913) [RDS-I][RU][rds_ru_rpl_gen][RDS] current wifi backhaul : rtp_plr<0>, rtp_jitter<0>, ping_ind<0>
12-19 15:32:10.951 20671 20713 I MAL-Daemon:  (          rds_ru_rpl_gen, 4916) [RDS-I][RU][rds_ru_rpl_gen][RDS] Call stat : IR92<0>, IR94<0> 
12-19 15:32:10.951 20671 20713 I MAL-Daemon:  (          rds_ru_rpl_gen, 4922) [RDS-I][RU][RDS IMS/MMS][rds_ru_rpl_gen] Ori:(254,254)/(1,255) New:(254,254)/(1,255)
12-19 15:32:10.951 20671 20713 I MAL-Daemon:  (          rds_ru_rpl_gen, 4927) [RDS-I][RU][RDS IMS/MMS WIFI][rds_ru_rpl_gen] Ori:(254,254)/(1,255) New:(254,254)/(1,255)
12-19 15:32:10.951 20671 20713 I MAL-Daemon:  (          rds_ru_rpl_gen, 4932) [RDS-I][RU][RDS IMS/MMS CELL][rds_ru_rpl_gen] Ori:(254,254)/(1,255) New:(254,254)/(1,255)
