12-19 15:31:18.958   988  4079 D ActivityManager: 	at com.android.server.am.ActivityStack.startActivityLocked(ActivityStack.java:2594)
12-19 15:31:18.958   988  4079 D ActivityManager: 	at com.android.server.am.ActivityStackSupervisor.startActivityUncheckedLocked(ActivityStackSupervisor.java:3034)
12-19 15:31:18.958   988  4079 D ActivityManager: 	at com.android.server.am.ActivityStackSupervisor.startActivityLocked(ActivityStackSupervisor.java:1980)
12-19 15:31:18.958   988  4079 D ActivityManager: 	at com.android.server.am.ActivityStackSupervisor.startActivityMayWait(ActivityStackSupervisor.java:1292)
12-19 15:31:18.958   988  4079 D ActivityManager: 	at com.android.server.am.ActivityManagerService.startActivityAsUser(ActivityManagerService.java:4228)
12-19 15:31:18.958   988  4079 D ActivityManager: 	at com.android.server.am.ActivityManagerService.startActivity(ActivityManagerService.java:4215)
12-19 15:31:18.958   988  4079 D ActivityManager: 	at android.app.ActivityManagerNative.onTransact(ActivityManagerNative.java:190)
12-19 15:31:18.958   988  4079 D ActivityManager: 	at com.android.server.am.ActivityManagerService.onTransact(ActivityManagerService.java:2769)
12-19 15:31:18.958   988  4079 D ActivityManager: 	at android.os.Binder.execTransact(Binder.java:458)
12-19 15:31:18.958   988  4079 D ActivityManager: setMovingToBack false to TaskRecord{98a7dc5 #53 A=br.com.gestaodopromotor.app U=0 sz=0}
12-19 15:31:18.962   988  4079 I ActivityManager: Adding activity ActivityRecord{aec1c3c u0 br.com.gestaodopromotor.app/.MainActivity t53} to stack to task TaskRecord{98a7dc5 #53 A=br.com.gestaodopromotor.app U=0 sz=0}
12-19 15:31:18.962   988  4079 I ActivityManager: java.lang.RuntimeException: here
12-19 15:31:18.962   988  4079 I ActivityManager: 	at com.android.server.am.ActivityStack.startActivityLocked(ActivityStack.java:2655)
12-19 15:31:18.962   988  4079 I ActivityManager: 	at com.android.server.am.ActivityStackSupervisor.startActivityUncheckedLocked(ActivityStackSupervisor.java:3034)
12-19 15:31:18.962   988  4079 I ActivityManager: 	at com.android.server.am.ActivityStackSupervisor.startActivityLocked(ActivityStackSupervisor.java:1980)
12-19 15:31:18.962   988  4079 I ActivityManager: 	at com.android.server.am.ActivityStackSupervisor.startActivityMayWait(ActivityStackSupervisor.java:1292)
12-19 15:31:18.962   988  4079 I ActivityManager: 	at com.android.server.am.ActivityManagerService.startActivityAsUser(ActivityManagerService.java:4228)
12-19 15:31:18.962   988  4079 I ActivityManager: 	at com.android.server.am.ActivityManagerService.startActivity(ActivityManagerService.java:4215)
12-19 15:31:18.962   988  4079 I ActivityManager: 	at android.app.ActivityManagerNative.onTransact(ActivityManagerNative.java:190)
12-19 15:31:18.962   988  4079 I ActivityManager: 	at com.android.server.am.ActivityManagerService.onTransact(ActivityManagerService.java:2769)
12-19 15:31:18.962   988  4079 I ActivityManager: 	at android.os.Binder.execTransact(Binder.java:458)
12-19 15:31:18.962   988  4079 V ActivityManager: Prepare open transition: starting ActivityRecord{aec1c3c u0 br.com.gestaodopromotor.app/.MainActivity t53}
12-19 15:31:18.963   988  4079 V ActivityManager: Resuming ActivityRecord{aec1c3c u0 br.com.gestaodopromotor.app/.MainActivity t53}
12-19 15:31:18.963   988  4079 D ActivityManager: pauseBackStacks: stack=ActivityStack{b67cfb9 stackId=0, 2 tasks} mResumedActivity=ActivityRecord{c022ff7 u0 com.lenovo.olauncher/com.android.launcher3.Launcher t2}
12-19 15:31:18.964   988  4079 V ActivityManager: Moving to PAUSING: ActivityRecord{c022ff7 u0 com.lenovo.olauncher/com.android.launcher3.Launcher t2}
12-19 15:31:18.964   988  4079 V ActivityManager: Enqueueing pending pause: ActivityRecord{c022ff7 u0 com.lenovo.olauncher/com.android.launcher3.Launcher t2}
12-19 15:31:18.964   988  4079 D ActivityManager: updateUsageStats: comp=ActivityRecord{c022ff7 u0 com.lenovo.olauncher/com.android.launcher3.Launcher t2}res=false
12-19 15:31:18.964   988  4079 D PowerManagerService: acquireWakeLockInternal: lock=115036150, flags=0x1, tag="*launch*", ws=WorkSource{10190}, uid=1000, pid=988
12-19 15:31:18.964   988  4079 D PowerManagerService: updateWakeLockSummaryLocked: mWakefulness=Awake, mWakeLockSummary=0x1
12-19 15:31:18.965   988  4079 D PowerManagerService: updateUserActivitySummaryLocked: mWakefulness=Awake, mUserActivitySummary=0x9, nextTimeout=23045625 (in 1383 ms)
12-19 15:31:18.965   988  4079 D DisplayPowerController: requestPowerState: policy=BRIGHT, useProximitySensor=false, screenBrightness=102, screenAutoBrightnessAdjustment=1.0, brightnessSetByUser=true, useAutoBrightness=true, blockScreenOn=false, lowPowerMode=false, boostScreenBrightness=false, dozeScreenBrightness=-1, dozeScreenState=UNKNOWN, waitForNegativeProximity=false
12-19 15:31:18.965   988  4079 I PowerManagerService: setBrightness mButtonLight, screenBrightness=102
12-19 15:31:18.965   988  4079 D PowerManagerService: updateDisplayPowerStateLocked: mDisplayReady=true, policy=3, mWakefulness=1, mWakeLockSummary=0x1, mUserActivitySummary=0x9, mBootCompleted=true, mScreenBrightnessBoostInProgress=false
12-19 15:31:18.965   988  4079 D PowerManagerService: Acquiring suspend blocker "PowerManagerService.WakeLocks".
12-19 15:31:18.965   988  4079 D PowerManagerNotifier: onWakeLockAcquired: flags=1, tag="*launch*", packageName=android, ownerUid=1000, ownerPid=988, workSource=WorkSource{10190}
12-19 15:31:18.966   988  4079 V WindowManager: Pausing WindowToken AppWindowToken{b647582 token=Token{9ea58cd ActivityRecord{c022ff7 u0 com.lenovo.olauncher/com.android.launcher3.Launcher t2}}}
12-19 15:31:18.966   988  4079 V ActivityManager: Waiting for pause to complete...
12-19 15:31:18.966   988  4079 V ActivityManager: resumeTopActivityLocked: Skip resume: need to start pausing
12-19 15:31:18.967   988  4079 V WindowManager: Looking for focus: 7 = Window{cd0135c u0 StatusBar}, flags=-2122055608, canReceive=false
12-19 15:31:18.967   988  4079 V WindowManager: findFocusedWindow: Found new focus @ 2 = Window{9ab452d u0 com.lenovo.olauncher/com.android.launcher3.Launcher}
12-19 15:31:18.967   988  4079 D SettingsInterface:  from settings cache , name = full_screen_expand_statusbar , value = 1
12-19 15:31:18.969   988  4079 V WindowManager: Set focused app to: AppWindowToken{dfc2e4b token=Token{da7c31a ActivityRecord{aec1c3c u0 br.com.gestaodopromotor.app/.MainActivity t53}}} old focus=AppWindowToken{b647582 token=Token{9ea58cd ActivityRecord{c022ff7 u0 com.lenovo.olauncher/com.android.launcher3.Launcher t2}}} moveFocusNow=true
12-19 15:31:18.969   988  4079 V WindowManager: Looking for focus: 7 = Window{cd0135c u0 StatusBar}, flags=-2122055608, canReceive=false
12-19 15:31:18.969   988  4079 V WindowManager: findFocusedWindow: Reached focused app=AppWindowToken{dfc2e4b token=Token{da7c31a ActivityRecord{aec1c3c u0 br.com.gestaodopromotor.app/.MainActivity t53}}}
12-19 15:31:18.971   988  4079 V WindowManager: Changing focus from Window{9ab452d u0 com.lenovo.olauncher/com.android.launcher3.Launcher} to null Callers=com.android.server.wm.WindowManagerService.setFocusedApp:4587 com.android.server.am.ActivityManagerService.setFocusedActivityLocked:2971 com.android.server.am.ActivityStackSupervisor.startActivityUncheckedLocked:3037 com.android.server.am.ActivityStackSupervisor.startActivityLocked:1980 
12-19 15:31:18.971   988  4079 D SettingsInterface:  from settings cache , name = full_screen_expand_statusbar , value = 1
12-19 15:31:18.971   988  4079 D WindowManager: Input focus has changed to null
12-19 15:31:18.973   988  1009 D WindowClient: Add to mViews: android.view.View{37cc028 V.ED..... ......I. 0,0-0,0}, this = android.view.WindowManagerGlobal@fcfa244
12-19 15:31:18.973   988  1009 D ViewRootImpl: hardware acceleration is disabled, fakeHwAccelerated = true, HardwareRenderer.sRendererDisabled = false, forceHwAccelerated = false, HardwareRenderer.sSystemRendererDisabled = false, this = ViewRoot{59a3141 FastStarting,ident = 59}
12-19 15:31:18.974   988  4082 V ActivityManager: Broadcast: Intent { act=com.android.launcher3.action.LAUNCH flg=0x10 (has extras) } ordered=false userid=0 callerApp=ProcessRecord{a1fd493 3460:com.lenovo.olauncher/u0a25}
12-19 15:31:18.974   988  4082 D RestrictedPackageService: filterBroadcastReceiver for com.android.launcher3.action.LAUNCH
12-19 15:31:18.975   988  1009 D WindowManager: addWindowToListInOrderLocked: win=Window{edd6427 u0 FastStarting} Callers=com.android.server.wm.WindowManagerService.addWindow:2864 com.android.server.wm.Session.addToDisplay:171 android.view.ViewRootImpl.setView:643 android.view.WindowManagerGlobal.addView:319 
12-19 15:31:18.975   988  1004 W BroadcastQueue: Permission Denial: broadcasting Intent { act=com.android.launcher3.action.LAUNCH flg=0x10 (has extras) } from com.lenovo.olauncher (pid=3460, uid=10025) requires com.google.android.launcher.permission.RECEIVE_LAUNCH_BROADCASTS due to receiver com.google.android.gms/.icing.proxy.ApplicationLauncherReceiver
12-19 15:31:18.975   988  1004 V ActivityManager_MU: isSingleton(com.google.android.gms.persistent, ApplicationInfo{5f1b6d4 com.google.android.gms}, com.google.android.gms.icing.proxy.ApplicationLauncherReceiver, 0x0) = false
12-19 15:31:18.975   988  1004 W BroadcastQueue: Permission Denial: receiving Intent { act=com.android.launcher3.action.LAUNCH flg=0x10 (has extras) } to com.google.android.gms/.chimera.GmsIntentOperationService$GmsExternalReceiver requires com.android.launcher3.permission.RECEIVE_LAUNCH_BROADCASTS due to sender com.lenovo.olauncher (uid 10025)
12-19 15:31:18.975   988  1004 V ActivityManager_MU: isSingleton(com.google.android.gms.persistent, ApplicationInfo{997a07d com.google.android.gms}, com.google.android.gms.chimera.GmsIntentOperationService$GmsExternalReceiver, 0x0) = false
12-19 15:31:18.977   290   290 I BufferQueue: [unnamed-290-391](this:0x7f9feb0400,id:391,api:0,p:-1,c:-1) BufferQueue core=(290:/system/bin/surfaceflinger)
12-19 15:31:18.977   290   290 D BufferQueueDump: [unnamed-290-391] this:0x7fa4a08f40, value:0x7fd63de4cc, iLen:6
12-19 15:31:18.977   290   290 I BufferQueueConsumer: [unnamed-290-391](this:0x7f9feb0400,id:391,api:0,p:-1,c:290) connect(C): consumer=(290:/system/bin/surfaceflinger) controlledByApp=false
12-19 15:31:18.977   290   290 D BufferQueueDump: [unnamed-290-391] this:0x7fa4a08f40, value:0x7fd63de4ec, iLen:6
12-19 15:31:18.977   290   290 I BufferQueueConsumer: [unnamed-290-391](this:0x7f9feb0400,id:391,api:0,p:-1,c:290) setConsumerName: unnamed-290-391
12-19 15:31:18.977   290   290 D BufferQueueDump: [FastStarting] this:0x7fa4a08f40, value:0x7fd63de55c, iLen:6
12-19 15:31:18.977   290   290 I BufferQueueConsumer: [FastStarting](this:0x7f9feb0400,id:391,api:0,p:-1,c:290) setConsumerName: FastStarting
12-19 15:31:18.978   290   290 I BufferQueueConsumer: [FastStarting](this:0x7f9feb0400,id:391,api:0,p:-1,c:290) setDefaultBufferSize: width=1080 height=1920
12-19 15:31:18.979   988  1009 V WindowManager: Looking for focus: 8 = Window{cd0135c u0 StatusBar}, flags=-2122055608, canReceive=false
12-19 15:31:18.979   988  1778 I WindowStateAnimator: drawIfNeeded
12-19 15:31:18.980   988  1009 V WindowManager: findFocusedWindow: Reached focused app=AppWindowToken{dfc2e4b token=Token{da7c31a ActivityRecord{aec1c3c u0 br.com.gestaodopromotor.app/.MainActivity t53}}}
12-19 15:31:18.980   988  1778 D Surface : Surface::connect(this=0x7f86cd7a00,api=2)
12-19 15:31:18.980   290  1717 I BufferQueueProducer: [FastStarting](this:0x7f9feb0400,id:391,api:2,p:988,c:290) connect(P): api=2 producer=(988:system_server) producerControlledByApp=false
12-19 15:31:18.981   290   313 I BufferQueueProducer: [FastStarting](this:0x7f9feb0400,id:391,api:2,p:988,c:290) new GraphicBuffer needed
12-19 15:31:18.982   988  1009 D SettingsInterface:  from settings cache , name = full_screen_expand_statusbar , value = 1
12-19 15:31:18.983   290   313 I [MALI][Gralloc]: [+]hnd(0x7fa4bde540), client(27), share_fd(30), hnd->flags:4
12-19 15:31:18.983   290   313 D GraphicBuffer: alloc, handle(0x7fa4bde540) (w:1080 h:1920 s:1088 f:0x1 u:0x000933) err(0)
12-19 15:31:18.984   988  1009 I WindowManager: Focus moving from Window{9ab452d u0 com.lenovo.olauncher/com.android.launcher3.Launcher} to null
12-19 15:31:18.984   988  1009 I WindowManager: Losing focus: Window{9ab452d u0 com.lenovo.olauncher/com.android.launcher3.Launcher}
12-19 15:31:18.985   988  1009 D SettingsInterface:  from settings cache , name = full_screen_expand_statusbar , value = 1
12-19 15:31:18.985   988  1778 I [MALI][Gralloc]: [+]r_hnd(0x7f786897a0), client(122), share_fd(251)
12-19 15:31:18.985   988  1778 D GraphicBuffer: register, handle(0x7f786897a0) (w:1080 h:1920 s:1088 f:0x1 u:0x000933)
12-19 15:31:18.989   988  1778 I WindowStateAnimator: lockCanvas, mToken =AppWindowToken{dfc2e4b token=Token{da7c31a ActivityRecord{aec1c3c u0 br.com.gestaodopromotor.app/.MainActivity t53}}}
12-19 15:31:18.989  3460  3460 I Activity: [AppLaunch] activity.onPause +
12-19 15:31:18.989  3460  3460 I Activity: [AppLaunch] activity.onPause -
12-19 15:31:18.990  3460  3460 D ActivityThread: ACT-AM_ON_PAUSE_CALLED ActivityRecord{2843189 token=android.os.BinderProxy@257058e {com.lenovo.olauncher/com.android.launcher3.Launcher}}
12-19 15:31:18.990   988   998 V ActivityManager: Activity paused: token=Token{9ea58cd ActivityRecord{c022ff7 u0 com.lenovo.olauncher/com.android.launcher3.Launcher t2}}, timeout=false
12-19 15:31:18.990   988   998 V ActivityManager: Moving to PAUSED: ActivityRecord{c022ff7 u0 com.lenovo.olauncher/com.android.launcher3.Launcher t2} (pause complete)
12-19 15:31:18.990   988   998 V ActivityManager: Complete pause: ActivityRecord{c022ff7 u0 com.lenovo.olauncher/com.android.launcher3.Launcher t2}
12-19 15:31:18.990   988   998 V ActivityManager: Enqueueing pending stop: ActivityRecord{c022ff7 u0 com.lenovo.olauncher/com.android.launcher3.Launcher t2}
12-19 15:31:18.993   988   998 V ActivityManager: Resuming ActivityRecord{aec1c3c u0 br.com.gestaodopromotor.app/.MainActivity t53}
12-19 15:31:18.994   988   998 V ActivityManager: Resuming top, waiting visible to hide: ActivityRecord{c022ff7 u0 com.lenovo.olauncher/com.android.launcher3.Launcher t2}
12-19 15:31:18.995   988   998 V ActivityManager: Prepare open transition: prev=ActivityRecord{c022ff7 u0 com.lenovo.olauncher/com.android.launcher3.Launcher t2}
12-19 15:31:18.995   988   998 D ActivityManager: resumeTopActivityLocked: Restarting ActivityRecord{aec1c3c u0 br.com.gestaodopromotor.app/.MainActivity t53}
12-19 15:31:18.996   988   998 V ActivityManager: Clearing bad process: 10190/br.com.gestaodopromotor.app
12-19 15:31:18.996   988   998 V ActivityManager: startProcess: name=br.com.gestaodopromotor.app app=null knownToBeDead=true thread=null pid=-1
12-19 15:31:18.997   988   998 D AppOps  : noteOperation: allowing code 59 uid 10190 package br.com.gestaodopromotor.app
12-19 15:31:18.997   988   998 D AppOps  : noteOperation: allowing code 60 uid 10190 package br.com.gestaodopromotor.app
12-19 15:31:19.007   988  1778 I WindowStateAnimator: unlockCanvasAndPost
12-19 15:31:19.010   988   995 I System  : FinalizerDaemon: finalize objects = 429
12-19 15:31:19.014   988   998 I ActivityManager: Start proc 25444:br.com.gestaodopromotor.app/u0a190 for activity br.com.gestaodopromotor.app/.MainActivity
12-19 15:31:19.014   988   998 D ActivityManager: Delay resumeKeyDispatchingLocked() to avoid deadlock.
12-19 15:31:19.015  3460  3460 D ActivityThread: ACT-PAUSE_ACTIVITY handled : 1 / android.os.BinderProxy@257058e
12-19 15:31:19.015   988  1005 V NetworkStats: setKernelCounterSet uid=10190 set=1
12-19 15:31:19.015   988 25449 V WindowManager: Resuming WindowToken AppWindowToken{b647582 token=Token{9ea58cd ActivityRecord{c022ff7 u0 com.lenovo.olauncher/com.android.launcher3.Launcher t2}}}
12-19 15:31:19.041   988  1063 D PerfServiceManager: [PerfService] MESSAGE_TIMEOUT:103 
12-19 15:31:19.042   988  1063 I libPerfService: 3: set freq: 1300000
12-19 15:31:19.042   988  1063 I libPerfService: 3: set vcore level: 0
12-19 15:31:19.124 25444 25444 I art     : Late-enabling -Xcheck:jni
12-19 15:31:19.139 25444 25444 I ActivityThread: [AppLaunch] attachApplication -> AMS
12-19 15:31:19.140   988  1622 V ActivityManager_MU: generateApplicationProvidersLocked, app.info.uid = 10190
12-19 15:31:19.141   988  1622 V ActivityManager_MU: isSingleton(br.com.gestaodopromotor.app, ApplicationInfo{78cfb5b br.com.gestaodopromotor.app}, com.google.firebase.provider.FirebaseInitProvider, 0x0) = false
12-19 15:31:19.141   988  1622 V ActivityManager_MU: generateApplicationProvidersLocked, cpi.uid = 10190
12-19 15:31:19.141   988  1622 V ActivityManager_MU: isSingleton(br.com.gestaodopromotor.app, ApplicationInfo{78cfb5b br.com.gestaodopromotor.app}, com.facebook.internal.FacebookInitProvider, 0x0) = false
12-19 15:31:19.141   988  1622 V ActivityManager_MU: generateApplicationProvidersLocked, cpi.uid = 10190
12-19 15:31:19.141   988  1622 V ActivityManager: Binding proc br.com.gestaodopromotor.app with config {1.0 724mcc10mnc pt_BR ldltr sw360dp w360dp h616dp 480dpi nrml long port finger -keyb/v/h -nav/h s.6 THEMEUIFont(,)}
12-19 15:31:19.142   988  1622 D InputReader: InputReader:: getSwitchState lock 
12-19 15:31:19.142   988  1622 D InputReader: InputReader::getStateLocked:: return 
12-19 15:31:19.142   988  1622 V ActivityManager: Ensuring correct configuration: ActivityRecord{aec1c3c u0 br.com.gestaodopromotor.app/.MainActivity t53}
12-19 15:31:19.142   988  1622 V ActivityManager: Configuration unchanged in ActivityRecord{aec1c3c u0 br.com.gestaodopromotor.app/.MainActivity t53}
12-19 15:31:19.142   988  1004 D ActivityManager: handleMessage: IDLE_NOW_MSG: r=null
12-19 15:31:19.143   988  1622 I libPerfService: perfSetFavorPid - pid:25444, 6364
12-19 15:31:19.144   988  1622 V ActivityManager: Launching: ActivityRecord{aec1c3c u0 br.com.gestaodopromotor.app/.MainActivity t53} icicle=null with results=null newIntents=null andResume=true
12-19 15:31:19.145   988  1622 V ActivityManager: Moving to RESUMED: ActivityRecord{aec1c3c u0 br.com.gestaodopromotor.app/.MainActivity t53} (starting new instance)
12-19 15:31:19.145   988  1622 D ActivityManager: scheduleIdleTimeoutLocked: Callers=com.android.server.am.ActivityStack.completeResumeLocked:1288 com.android.server.am.ActivityStack.minimalResumeActivityLocked:774 com.android.server.am.ActivityStackSupervisor.realStartActivityLocked:1600 com.android.server.am.ActivityStackSupervisor.attachApplicationLocked:738 
12-19 15:31:19.145   988  1622 D ActivityManager: updateUsageStats: comp=ActivityRecord{aec1c3c u0 br.com.gestaodopromotor.app/.MainActivity t53}res=true
12-19 15:31:19.146   988  1622 V ActivityManager: Ensuring correct configuration: ActivityRecord{aec1c3c u0 br.com.gestaodopromotor.app/.MainActivity t53}
12-19 15:31:19.146   988  1622 V ActivityManager: Configuration unchanged in ActivityRecord{aec1c3c u0 br.com.gestaodopromotor.app/.MainActivity t53}
12-19 15:31:19.149   988  1622 V WindowManager: Looking for focus: 8 = Window{cd0135c u0 StatusBar}, flags=-2122055608, canReceive=false
12-19 15:31:19.149   988  1622 V WindowManager: findFocusedWindow: No focusable windows.
12-19 15:31:19.149   988  1622 D WindowManager: notifyActivityDrawnForKeyguard: waiting=false Callers=com.android.server.wm.WindowManagerService.handleAppTransitionReadyLocked:10269 com.android.server.wm.WindowManagerService.performLayoutAndPlaceSurfacesLockedInner:10909 com.android.server.wm.WindowManagerService.performLayoutAndPlaceSurfacesLockedLoop:9633 com.android.server.wm.WindowManagerService.performLayoutAndPlaceSurfacesLocked:9580 com.android.server.wm.WindowManagerService.executeAppTransition:4703 
12-19 15:31:19.151   988  1622 D SettingsInterface:  from settings cache , name = full_screen_expand_statusbar , value = 1
12-19 15:31:19.152   988  1622 I ActivityManager: Launch completed; removing icicle of null
12-19 15:31:19.152   988  1004 D ActivityManager: allResumedActivitiesIdle: stack=4 ActivityRecord{aec1c3c u0 br.com.gestaodopromotor.app/.MainActivity t53} not idle
12-19 15:31:19.153 25444 25444 I ActivityThread: [AppLaunch] handleBindApplication is called
12-19 15:31:19.154  1507  1544 D ForegroundUtils: Foreground changed, PID: 25444 UID: 10190 foreground: true
12-19 15:31:19.154  1507  1544 D ForegroundUtils: Foreground UID/PID combinations:
12-19 15:31:19.154  1507  1544 D ForegroundUtils: UID: 10025 PID: 3460
12-19 15:31:19.154  1507  1544 D ForegroundUtils: UID: 10190 PID: 25444
12-19 15:31:19.157 25444 25444 D LenovoAppIconTheme: ExtraResources;cleanCachedIcon;clear cache..
12-19 15:31:19.161   988  1009 D SettingsInterface:  from settings cache , name = full_screen_expand_statusbar , value = 1
12-19 15:31:19.161  3460  3622 D Surface : Surface::disconnect(this=0x7f7be92800,api=1)
12-19 15:31:19.162   290   313 I BufferQueueProducer: [com.lenovo.olauncher/com.android.launcher3.Launcher](this:0x7f9fea5000,id:390,api:1,p:-1,c:290) disconnect(P): api 1
12-19 15:31:19.162   290   313 I BufferQueueConsumer: [com.lenovo.olauncher/com.android.launcher3.Launcher](this:0x7f9fea5000,id:390,api:1,p:-1,c:290) getReleasedBuffers: returning mask 0xffffffffffffffff
12-19 15:31:19.163   290   313 D GraphicBuffer: free, handle(0x7fa45c9320) (w:1080 h:1920 s:1088 f:0x1 u:0x000b00)
12-19 15:31:19.163   290   313 I [MALI][Gralloc]: [-]hnd(0x7fa45c9320), client(27), share_fd(65)
12-19 15:31:19.163   290   313 D GraphicBuffer: free, handle(0x7fa4bdefe0) (w:1080 h:1920 s:1088 f:0x1 u:0x000b00)
12-19 15:31:19.163   290   313 I [MALI][Gralloc]: [-]hnd(0x7fa4bdefe0), client(27), share_fd(55)
12-19 15:31:19.164  3460  3622 D GraphicBuffer: unregister, handle(0x7f85c63220) (w:1080 h:1920 s:1088 f:0x1 u:0x000b00)
12-19 15:31:19.165  3460  3622 I [MALI][Gralloc]: [-]r_hnd(0x7f85c63220), client(36), share_fd(47)
12-19 15:31:19.165  3460  3622 D GraphicBuffer: unregister, handle(0x7f85c62d20) (w:1080 h:1920 s:1088 f:0x1 u:0x000b00)
12-19 15:31:19.166  3460  3622 I [MALI][Gralloc]: [-]r_hnd(0x7f85c62d20), client(36), share_fd(48)
12-19 15:31:19.166  3460  3622 D GraphicBuffer: unregister, handle(0x7f85c62be0) (w:1080 h:1920 s:1088 f:0x1 u:0x000b00)
12-19 15:31:19.166  3460  3622 I [MALI][Gralloc]: [-]r_hnd(0x7f85c62be0), client(36), share_fd(45)
12-19 15:31:19.167  3460  3622 D GraphicBuffer: unregister, handle(0x7f85c634a0) (w:1080 h:1920 s:1088 f:0x1 u:0x000b00)
12-19 15:31:19.167  3460  3622 I [MALI][Gralloc]: [-]r_hnd(0x7f85c634a0), client(36), share_fd(46)
12-19 15:31:19.167  3460  3622 D Surface : Surface::disconnect(this=0x7f7be92800,api=1)
12-19 15:31:19.168   290  1717 I BufferQueueProducer: [com.lenovo.olauncher/com.android.launcher3.Launcher](this:0x7f9fea5000,id:390,api:1,p:-1,c:290) disconnect(P): api 1
12-19 15:31:19.170   988  6700 V WindowManager: Looking for focus: 8 = Window{cd0135c u0 StatusBar}, flags=-2122055608, canReceive=false
12-19 15:31:19.170   988  6700 V WindowManager: findFocusedWindow: No focusable windows.
12-19 15:31:19.171   988  6700 D SettingsInterface:  from settings cache , name = full_screen_expand_statusbar , value = 1
12-19 15:31:19.172   988  1009 V ActivityManager: windowsGone(): ActivityRecord{c022ff7 u0 com.lenovo.olauncher/com.android.launcher3.Launcher t2}
12-19 15:31:19.175 25444 25444 D ActivityThread: installProvider: context.getPackageName()=br.com.gestaodopromotor.app
12-19 15:31:19.179 25444 25444 I FirebaseInitProvider: FirebaseApp initialization unsuccessful
12-19 15:31:19.179 25444 25444 D ActivityThread: installProvider: context.getPackageName()=br.com.gestaodopromotor.app
12-19 15:31:19.189 25444 25444 I FacebookInitProvider: Failed to auto initialize the Facebook SDK
12-19 15:31:19.189 25444 25444 I FacebookInitProvider: A valid Facebook app id must be set in the AndroidManifest.xml or set by calling FacebookSdk.setApplicationId before initializing the sdk.
12-19 15:31:19.189 25444 25444 I FacebookInitProvider: 	at com.facebook.FacebookSdk.sdkInitialize(FacebookSdk.java:275)
12-19 15:31:19.189 25444 25444 I FacebookInitProvider: 	at com.facebook.FacebookSdk.sdkInitialize(FacebookSdk.java:231)
12-19 15:31:19.189 25444 25444 I FacebookInitProvider: 	at com.facebook.internal.FacebookInitProvider.onCreate(FacebookInitProvider.java:20)
12-19 15:31:19.189 25444 25444 I FacebookInitProvider: 	at android.content.ContentProvider.attachInfo(ContentProvider.java:1811)
12-19 15:31:19.189 25444 25444 I FacebookInitProvider: 	at android.content.ContentProvider.attachInfo(ContentProvider.java:1786)
12-19 15:31:19.189 25444 25444 I FacebookInitProvider: 	at android.app.ActivityThread.installProvider(ActivityThread.java:5461)
12-19 15:31:19.189 25444 25444 I FacebookInitProvider: 	at android.app.ActivityThread.installContentProviders(ActivityThread.java:5032)
12-19 15:31:19.189 25444 25444 I FacebookInitProvider: 	at android.app.ActivityThread.handleBindApplication(ActivityThread.java:4972)
12-19 15:31:19.189 25444 25444 I FacebookInitProvider: 	at android.app.ActivityThread.-wrap1(ActivityThread.java)
12-19 15:31:19.189 25444 25444 I FacebookInitProvider: 	at android.app.ActivityThread$H.handleMessage(ActivityThread.java:1555)
12-19 15:31:19.189 25444 25444 I FacebookInitProvider: 	at android.os.Handler.dispatchMessage(Handler.java:111)
12-19 15:31:19.189 25444 25444 I FacebookInitProvider: 	at android.os.Looper.loop(Looper.java:207)
12-19 15:31:19.189 25444 25444 I FacebookInitProvider: 	at android.app.ActivityThread.main(ActivityThread.java:5776)
12-19 15:31:19.189 25444 25444 I FacebookInitProvider: 	at java.lang.reflect.Method.invoke(Native Method)
12-19 15:31:19.189 25444 25444 I FacebookInitProvider: 	at com.android.internal.os.ZygoteInit$MethodAndArgsCaller.run(ZygoteInit.java:789)
12-19 15:31:19.189 25444 25444 I FacebookInitProvider: 	at com.android.internal.os.ZygoteInit.main(ZygoteInit.java:679)
12-19 15:31:19.189   988  1015 I LcdStepRate: mHandler: on msg MSG_RESET_LCD_STEP_RATE
12-19 15:31:19.191   988  1451 D ActivityManager: publishContentProviders: from caller=android.app.ApplicationThreadProxy@6239b72 (pid=25444)
12-19 15:31:19.191   988  1451 V ActivityManager_MU: ProcessRecord uid = 10190
12-19 15:31:19.191   988  1451 V ActivityManager_MU: ContentProviderRecord uid = 10190
12-19 15:31:19.191   988  1451 V ActivityManager_MU: ContentProviderRecord uid = 10190
12-19 15:31:19.195   290   290 I BufferQueueProducer: [FrameBufferSurface_0](this:0x7fa4a35000,id:0,api:1,p:290,c:290) queueBuffer: fps=1.36 dur=6601.06 max=6468.03 min=15.85
12-19 15:31:19.197 25444 25444 V fb-UnpackingSoSource: locked dso store /data/user/0/br.com.gestaodopromotor.app/lib-main
12-19 15:31:19.199 25444 25444 I fb-UnpackingSoSource: dso store is up-to-date: /data/user/0/br.com.gestaodopromotor.app/lib-main
12-19 15:31:19.199 25444 25444 V fb-UnpackingSoSource: releasing dso store lock for /data/user/0/br.com.gestaodopromotor.app/lib-main
12-19 15:31:19.201 25444 25444 D AndroidRuntime: Shutting down VM
--------- beginning of crash
12-19 15:31:19.202 25444 25444 E AndroidRuntime: FATAL EXCEPTION: main
12-19 15:31:19.202 25444 25444 E AndroidRuntime: Process: br.com.gestaodopromotor.app, PID: 25444
12-19 15:31:19.202 25444 25444 E AndroidRuntime: java.lang.RuntimeException: Unable to create application br.com.gestaodopromotor.app.MainApplication: A valid Facebook app id must be set in the AndroidManifest.xml or set by calling FacebookSdk.setApplicationId before initializing the sdk.
12-19 15:31:19.202 25444 25444 E AndroidRuntime: 	at android.app.ActivityThread.handleBindApplication(ActivityThread.java:4994)
12-19 15:31:19.202 25444 25444 E AndroidRuntime: 	at android.app.ActivityThread.-wrap1(ActivityThread.java)
12-19 15:31:19.202 25444 25444 E AndroidRuntime: 	at android.app.ActivityThread$H.handleMessage(ActivityThread.java:1555)
12-19 15:31:19.202 25444 25444 E AndroidRuntime: 	at android.os.Handler.dispatchMessage(Handler.java:111)
12-19 15:31:19.202 25444 25444 E AndroidRuntime: 	at android.os.Looper.loop(Looper.java:207)
12-19 15:31:19.202 25444 25444 E AndroidRuntime: 	at android.app.ActivityThread.main(ActivityThread.java:5776)
12-19 15:31:19.202 25444 25444 E AndroidRuntime: 	at java.lang.reflect.Method.invoke(Native Method)
12-19 15:31:19.202 25444 25444 E AndroidRuntime: 	at com.android.internal.os.ZygoteInit$MethodAndArgsCaller.run(ZygoteInit.java:789)
12-19 15:31:19.202 25444 25444 E AndroidRuntime: 	at com.android.internal.os.ZygoteInit.main(ZygoteInit.java:679)
12-19 15:31:19.202 25444 25444 E AndroidRuntime: Caused by: A valid Facebook app id must be set in the AndroidManifest.xml or set by calling FacebookSdk.setApplicationId before initializing the sdk.
12-19 15:31:19.202 25444 25444 E AndroidRuntime: 	at com.facebook.FacebookSdk.sdkInitialize(FacebookSdk.java:275)
12-19 15:31:19.202 25444 25444 E AndroidRuntime: 	at com.facebook.FacebookSdk.sdkInitialize(FacebookSdk.java:231)
12-19 15:31:19.202 25444 25444 E AndroidRuntime: 	at br.com.gestaodopromotor.app.MainApplication.onCreate(MainApplication.java:64)
12-19 15:31:19.202 25444 25444 E AndroidRuntime: 	at android.app.Instrumentation.callApplicationOnCreate(Instrumentation.java:1018)
12-19 15:31:19.202 25444 25444 E AndroidRuntime: 	at android.app.ActivityThread.handleBindApplication(ActivityThread.java:4991)
12-19 15:31:19.202 25444 25444 E AndroidRuntime: 	... 8 more
12-19 15:31:19.203   988  4080 D SettingsInterface:  from settings cache , name = dropbox:data_app_crash , value = null
12-19 15:31:19.204   988 25458 D SettingsInterface:  from settings cache , name = logcat_for_data_app_crash , value = null
12-19 15:31:19.204   988 25458 D SettingsInterface:  from settings cache , name = dropbox:data_app_crash , value = null
12-19 15:31:19.204   988  4080 D SettingsInterface:  from settings cache , name = send_action_app_error , value = 1
12-19 15:31:19.205   988 25458 D SettingsInterface:  from settings cache , name = dropbox:data_app_crash , value = null
12-19 15:31:19.205   988  4080 D ActivityManager: SVC-mBroadcastQueues: com.android.server.am.BroadcastQueue@fc8dabe
12-19 15:31:19.205   988  4080 D ActivityManager: SVC-mBroadcastQueues: com.android.server.am.BroadcastQueue@81f371f
12-19 15:31:19.205   988 25458 D SettingsInterface:  from settings cache , name = dropbox_age_seconds , value = null
12-19 15:31:19.205   988 25458 D SettingsInterface:  from settings cache , name = dropbox_max_files , value = null
12-19 15:31:19.205   988  4080 W ActivityManager:   Force finishing activity br.com.gestaodopromotor.app/.MainActivity
12-19 15:31:19.205   988 25459 D ActivityManager: notifyAppAppExecption: br.com.gestaodopromotor.app
12-19 15:31:19.205   988  4080 V WindowManager: Pausing WindowToken AppWindowToken{dfc2e4b token=Token{da7c31a ActivityRecord{aec1c3c u0 br.com.gestaodopromotor.app/.MainActivity t53}}}
12-19 15:31:19.205   988  4080 D ActivityManager: moveHomeStackTaskToTop: moving TaskRecord{795de64 #2 A=com.lenovo.olauncher U=0 sz=1}
12-19 15:31:19.205   988  4080 D ActivityManager: setMovingToBack false to TaskRecord{795de64 #2 A=com.lenovo.olauncher U=0 sz=1}
12-19 15:31:19.206   988  4080 V WindowManager: Looking for focus: 8 = Window{cd0135c u0 StatusBar}, flags=-2122055608, canReceive=false
12-19 15:31:19.206   988  4080 V WindowManager: findFocusedWindow: No focusable windows.
12-19 15:31:19.207   988  4080 D SettingsInterface:  from settings cache , name = full_screen_expand_statusbar , value = 1
12-19 15:31:19.208   988  4080 V WindowManager: Set focused app to: AppWindowToken{b647582 token=Token{9ea58cd ActivityRecord{c022ff7 u0 com.lenovo.olauncher/com.android.launcher3.Launcher t2}}} old focus=AppWindowToken{dfc2e4b token=Token{da7c31a ActivityRecord{aec1c3c u0 br.com.gestaodopromotor.app/.MainActivity t53}}} moveFocusNow=true
12-19 15:31:19.208   988  4080 V WindowManager: Looking for focus: 8 = Window{cd0135c u0 StatusBar}, flags=-2122055608, canReceive=false
12-19 15:31:19.208   988  4080 V WindowManager: findFocusedWindow: No focusable windows.
12-19 15:31:19.209   988  4080 V ActivityManager: Prepare close transition: finishing ActivityRecord{aec1c3c u0 br.com.gestaodopromotor.app/.MainActivity t53 f}
12-19 15:31:19.209   988  4080 V ActivityManager: Finish needs to pause: ActivityRecord{aec1c3c u0 br.com.gestaodopromotor.app/.MainActivity t53 f}
12-19 15:31:19.210   988  4080 V ActivityManager: Moving to PAUSING: ActivityRecord{aec1c3c u0 br.com.gestaodopromotor.app/.MainActivity t53 f}
12-19 15:31:19.210   988  4080 I ActivityManager: startPausingLocked.updateThumbnail is run here
12-19 15:31:19.211   988  4080 I BufferQueue: [unnamed-988-81](this:0x7f8709c400,id:81,api:0,p:-1,c:-1) BufferQueue core=(988:system_server)
12-19 15:31:19.211   988  4080 D BufferQueueDump: [unnamed-988-81] this:0x7f86c84c80, value:0x7f80fba58c, iLen:6
12-19 15:31:19.211   988  4080 I BufferQueueConsumer: [unnamed-988-81](this:0x7f8709c400,id:81,api:0,p:-1,c:988) connect(C): consumer=(988:system_server) controlledByApp=false
12-19 15:31:19.211   988  4080 D BufferQueueDump: [unnamed-988-81] this:0x7f86c84c80, value:0x7f80fba5bc, iLen:6
12-19 15:31:19.211   988  4080 I BufferQueueConsumer: [unnamed-988-81](this:0x7f8709c400,id:81,api:0,p:-1,c:988) setConsumerName: unnamed-988-81
12-19 15:31:19.211   988  4080 D BufferQueueDump: [ScreenshotClient] this:0x7f86c84c80, value:0x7f80fba61c, iLen:6
12-19 15:31:19.211   988  4080 I BufferQueueConsumer: [ScreenshotClient](this:0x7f8709c400,id:81,api:0,p:-1,c:988) setConsumerName: ScreenshotClient
12-19 15:31:19.213   290   290 D Surface : Surface::connect(this=0x7fa2c22c00,api=1)
12-19 15:31:19.214   988  4080 I BufferQueueProducer: [ScreenshotClient](this:0x7f8709c400,id:81,api:1,p:290,c:988) connect(P): api=1 producer=(290:/system/bin/surfaceflinger) producerControlledByApp=false
12-19 15:31:19.214   988  4080 I BufferQueueProducer: [ScreenshotClient](this:0x7f8709c400,id:81,api:1,p:290,c:988) new GraphicBuffer needed
12-19 15:31:19.215   290  3657 I [MALI][Gralloc]: [+]hnd(0x7fa4bde5e0), client(27), share_fd(49), hnd->flags:4
12-19 15:31:19.215   290  3657 D GraphicBuffer: alloc, handle(0x7fa4bde5e0) (w:576 h:576 s:576 f:0x1 u:0x000333) err(0)
12-19 15:31:19.216   988  4080 I [MALI][Gralloc]: [+]r_hnd(0x7f86c5e260), client(122), share_fd(252)
12-19 15:31:19.216   988  4080 D GraphicBuffer: register, handle(0x7f86c5e260) (w:576 h:576 s:576 f:0x1 u:0x000333)
12-19 15:31:19.217   290  3199 D GraphicBuffer: free, handle(0x7fa4bde5e0) (w:576 h:576 s:576 f:0x1 u:0x000333)
12-19 15:31:19.217   290  3199 I [MALI][Gralloc]: [-]hnd(0x7fa4bde5e0), client(27), share_fd(49)
12-19 15:31:19.218   290   290 I [MALI][Gralloc]: [+]r_hnd(0x7fa45c93c0), client(27), share_fd(41)
12-19 15:31:19.218   290   290 D GraphicBuffer: register, handle(0x7fa45c93c0) (w:576 h:576 s:576 f:0x1 u:0x000333)
12-19 15:31:19.219   290   290 D GraphicBuffer: free, handle(0x7fa4bde180) (w:1080 h:1920 s:1088 f:0x1 u:0x000b00)
12-19 15:31:19.219   290   290 I [MALI][Gralloc]: [-]hnd(0x7fa4bde180), client(27), share_fd(38)
12-19 15:31:19.224   290   290 D Surface : Surface::disconnect(this=0x7fa2c22c00,api=1)
12-19 15:31:19.224   988  4080 I BufferQueueProducer: [ScreenshotClient](this:0x7f8709c400,id:81,api:1,p:-1,c:988) disconnect(P): api 1
12-19 15:31:19.225   988  4080 I BufferQueueConsumer: [ScreenshotClient](this:0x7f8709c400,id:81,api:1,p:-1,c:988) getReleasedBuffers: returning mask 0xffffffffffffffff
12-19 15:31:19.229   290   325 D GraphicBuffer: unregister, handle(0x7fa45c93c0) (w:576 h:576 s:576 f:0x1 u:0x000333)
12-19 15:31:19.229   290   325 I [MALI][Gralloc]: [-]r_hnd(0x7fa45c93c0), client(27), share_fd(41)
12-19 15:31:19.232   988  4080 I BufferQueueConsumer: [ScreenshotClient](this:0x7f8709c400,id:81,api:1,p:-1,c:-1) disconnect(C)
12-19 15:31:19.233   988  4080 D GraphicBuffer: unregister, handle(0x7f86c5e260) (w:576 h:576 s:576 f:0x1 u:0x000333)
12-19 15:31:19.234   988  4080 I [MALI][Gralloc]: [-]r_hnd(0x7f86c5e260), client(122), share_fd(252)
12-19 15:31:19.234   988  4080 I BufferQueue: [ScreenshotClient](this:0x7f8709c400,id:81,api:1,p:-1,c:-1) ~BufferQueueCore
12-19 15:31:19.243   988  4080 V ActivityManager: Enqueueing pending pause: ActivityRecord{aec1c3c u0 br.com.gestaodopromotor.app/.MainActivity t53 f}
12-19 15:31:19.243   988  4080 D ActivityManager: updateUsageStats: comp=ActivityRecord{aec1c3c u0 br.com.gestaodopromotor.app/.MainActivity t53 f}res=false
12-19 15:31:19.243   988  1009 V WindowManager: Looking for focus: 8 = Window{cd0135c u0 StatusBar}, flags=-2122055608, canReceive=false
12-19 15:31:19.243   988  1009 V WindowManager: findFocusedWindow: No focusable windows.
12-19 15:31:19.243   988  4080 D PowerManagerService: acquireWakeLockInternal: lock=115036150, flags=0x1, tag="*launch*", ws=WorkSource{10190}, uid=1000, pid=988
12-19 15:31:19.243   988  4080 D PowerManagerService: updateWakeLockSummaryLocked: mWakefulness=Awake, mWakeLockSummary=0x1
12-19 15:31:19.244   988  4080 D PowerManagerService: updateUserActivitySummaryLocked: mWakefulness=Awake, mUserActivitySummary=0x9, nextTimeout=23045625 (in 1104 ms)
12-19 15:31:19.244   988  4080 D DisplayPowerController: requestPowerState: policy=BRIGHT, useProximitySensor=false, screenBrightness=102, screenAutoBrightnessAdjustment=1.0, brightnessSetByUser=true, useAutoBrightness=true, blockScreenOn=false, lowPowerMode=false, boostScreenBrightness=false, dozeScreenBrightness=-1, dozeScreenState=UNKNOWN, waitForNegativeProximity=false
12-19 15:31:19.244   988  4080 I PowerManagerService: setBrightness mButtonLight, screenBrightness=102
12-19 15:31:19.244   988  4080 D PowerManagerService: updateDisplayPowerStateLocked: mDisplayReady=true, policy=3, mWakefulness=1, mWakeLockSummary=0x1, mUserActivitySummary=0x9, mBootCompleted=true, mScreenBrightnessBoostInProgress=false
12-19 15:31:19.244   988  4080 V ActivityManager: Waiting for pause to complete...
12-19 15:31:19.244   988  1005 D SettingsInterface:  from settings cache , name = anr_show_background , value = null
12-19 15:31:19.247   988  1009 D WindowClient: Remove from mViews: android.view.View{37cc028 V.ED..... ......ID 0,0-1080,1920}, this = android.view.WindowManagerGlobal@fcfa244
12-19 15:31:19.249   988 25458 W AES     : Exception Log handling...
12-19 15:31:19.250   988   988 V ActivityManager: Broadcast: Intent { act=android.intent.action.DROPBOX_ENTRY_ADDED flg=0x10 (has extras) } ordered=false userid=0 callerApp=ProcessRecord{313d9ba 988:system/1000}
12-19 15:31:19.251   988   988 D RestrictedPackageService: filterBroadcastReceiver for android.intent.action.DROPBOX_ENTRY_ADDED
12-19 15:31:19.252   988 25458 D AES     : ExceptionLog: notify aed
12-19 15:31:19.252   988 25458 D AES     :     process : br.com.gestaodopromotor.app
12-19 15:31:19.252   988 25458 D AES     :      module : br.com.gestaodopromotor.app v10 (2.3.1)
12-19 15:31:19.252   988 25458 D AES     : 
12-19 15:31:19.252   988 25458 D AES     :       cause : data_app_crash
12-19 15:31:19.252   988 25458 D AES     :       pid : 25444
12-19 15:31:19.252   988 25458 D AEE/LIBAEE: shell: raise_exp(4, 25444, -1361051648, br.com.gestaodopromotor.app, 0x0x7f86f71f00, 0x0x0)
12-19 15:31:19.253   988  1004 V ActivityManager_MU: isSingleton(com.google.android.gms, ApplicationInfo{8d0c6c com.google.android.gms}, com.google.android.gms.stats.service.DropBoxEntryAddedReceiver, 0x0) = false
12-19 15:31:19.253   988 25458 D AEE/LIBAEE: shell: connected with AED OK
12-19 15:31:19.253   359   359 D AEE/AED : $===AEE===AEE===AEE===$
12-19 15:31:19.254   359   359 D AEE/AED : p 0 poll events 1 revents 0
12-19 15:31:19.254   359   359 D AEE/AED : not know revents:0
12-19 15:31:19.254   359   359 D AEE/AED : p 1 poll events 1 revents 1
12-19 15:31:19.254   359   359 D AEE/AED : aed_main_fork_worker: generator 0x7f93852060, worker 0x7ff218aba0, recv_fd 12
12-19 15:31:19.255   988  1004 I libPerfService: perfSetFavorPid - pid:3460, d84
12-19 15:31:19.256 25460 25460 D AEE/AED : read success, handling msg (Ind, AE_IND_EXP_RAISED)
12-19 15:31:19.257 25460 25460 I AEE/AED : [OnPurpose Redunant in void preset_info(aed_report_record*, int, int)] pid: 25444, tid: -1361051648, name: UNKNOWN  >>> br.com.gestaodopromotor.app <<<
12-19 15:31:19.257 25460 25460 V AEE/AED : dashboard_record_update() : rec->module = br.com.gestaodopromotor.app 
12-19 15:31:19.257   359   359 D AEE/AED : aee handle:-1, cpu cores:8, online:8
12-19 15:31:19.257   359   359 D AEE/AED : p 2 poll events 1 revents 0
12-19 15:31:19.257 25460 25460 D AEE/AED : Skip duplicated exception ! 
12-19 15:31:19.257   359   359 D AEE/AED : not know revents:0
12-19 15:31:19.257 25460 25460 D AEE/AED : Exception Class: 4 
12-19 15:31:19.257 25460 25460 D AEE/AED : Module: br.com.gestaodopromotor.app 
12-19 15:31:19.257   359   359 D AEE/AED : p 3 poll events 1 revents 0
12-19 15:31:19.257 25460 25460 D AEE/AED : Count: 17 
12-19 15:31:19.257   359   359 D AEE/AED : not know revents:0
12-19 15:31:19.257 25460 25460 D AEE/AED : Last exception time: 1513704642 
12-19 15:31:19.257 25460 25460 D AEE/AED :  
12-19 15:31:19.257 25460 25460 V AEE/AED : process session - skipped 
12-19 15:31:19.257   988 25458 D AEE/LIBAEE: shell: got the request (cmd:Ind,AE_IND_LOG_CLOSE)
12-19 15:31:19.257   988 25458 D AEE/LIBAEE: shell: Got session close ind from AED
12-19 15:31:19.257  1773  1773 D ActivityThread: BDC-Calling onReceive: intent=Intent { act=android.intent.action.DROPBOX_ENTRY_ADDED flg=0x10 cmp=com.google.android.gms/.stats.service.DropBoxEntryAddedReceiver (has extras) }, receiver=com.google.android.gms.stats.service.DropBoxEntryAddedReceiver@f454bf1
12-19 15:31:19.259   359   359 D AEE/AED : $===AEE===AEE===AEE===$
12-19 15:31:19.259   359   359 D AEE/AED : p 0 poll events 1 revents 0
12-19 15:31:19.259   359   359 D AEE/AED : not know revents:0
12-19 15:31:19.259   359   359 D AEE/AED : p 1 poll events 1 revents 0
12-19 15:31:19.259   359   359 D AEE/AED : not know revents:0
12-19 15:31:19.259   359   359 D AEE/AED : p 2 poll events 1 revents 0
12-19 15:31:19.259   359   359 D AEE/AED : not know revents:0
12-19 15:31:19.259   359   359 D AEE/AED : p 3 poll events 1 revents 0
12-19 15:31:19.259   359   359 D AEE/AED : not know revents:0
12-19 15:31:19.262   988  4179 V ActivityManager_MU: bringUpServiceLocked: appInfo.uid=10012 app=ProcessRecord{d106068 1773:com.google.android.gms/u0a12}
12-19 15:31:19.262   988  4179 V ActivityManager_MU: realStartServiceLocked, ServiceRecord.uid = 10012, ProcessRecord.uid = 10012
12-19 15:31:19.264  1773  1773 D ActivityThread: BDC-Calling onReceive end receiver=class com.google.android.gms.stats.service.DropBoxEntryAddedReceiver
12-19 15:31:19.264  1773  1773 D ActivityThread: BDC-RECEIVER handled : 0 / ReceiverData{intent=Intent { act=android.intent.action.DROPBOX_ENTRY_ADDED flg=0x10 cmp=com.google.android.gms/.stats.service.DropBoxEntryAddedReceiver (has extras) } packageName=com.google.android.gms resultCode=-1 resultData=null resultExtras=null}
12-19 15:31:19.265   988   999 V ActivityManager_MU: isSingleton(com.google.android.gms.persistent, ApplicationInfo{f116e com.google.android.gms}, com.google.android.gms.chimera.GmsIntentOperationService$PersistentTrustedReceiver, 0x0) = false
12-19 15:31:19.265  1773  1773 D ActivityThread: SVC-Creating service: CreateServiceData{token=android.os.BinderProxy@b0af3d6 className=com.google.android.gms.stats.service.DropBoxEntryAddedService packageName=com.google.android.gms intent=null}
12-19 15:31:19.269  1773  1773 D ActivityThread: SVC-CREATE_SERVICE handled : 0 / CreateServiceData{token=android.os.BinderProxy@b0af3d6 className=com.google.android.gms.stats.service.DropBoxEntryAddedService packageName=com.google.android.gms intent=null}
12-19 15:31:19.269  1773  1773 D ActivityThread: SVC-Calling onStartCommand: com.google.android.gms.stats.service.DropBoxEntryAddedService@7793657, flags=0, startId=1
12-19 15:31:19.269  1773  1773 D ActivityThread: SVC-SERVICE_ARGS handled : 0 / ServiceArgsData{token=android.os.BinderProxy@b0af3d6 startId=1 args=Intent { act=com.google.android.gms.stats.ACTION_UPLOAD_DROPBOX_ENTRIES pkg=com.google.android.gms }}
12-19 15:31:19.270  1881  1881 D ActivityThread: BDC-Calling onReceive: intent=Intent { act=android.intent.action.DROPBOX_ENTRY_ADDED flg=0x10 cmp=com.google.android.gms/.chimera.GmsIntentOperationService$PersistentTrustedReceiver (has extras) }, receiver=com.google.android.gms.chimera.GmsIntentOperationService$PersistentTrustedReceiver@4a416d2
12-19 15:31:19.273  1881  1881 D ActivityThread: BDC-Calling onReceive end receiver=class com.google.android.gms.chimera.GmsIntentOperationService$PersistentTrustedReceiver
12-19 15:31:19.273  1881  1881 D ActivityThread: BDC-RECEIVER handled : 0 / ReceiverData{intent=Intent { act=android.intent.action.DROPBOX_ENTRY_ADDED flg=0x10 cmp=com.google.android.gms/.chimera.GmsIntentOperationService$PersistentTrustedReceiver (has extras) } packageName=com.google.android.gms resultCode=0 resultData=null resultExtras=null}
12-19 15:31:19.281   988  1005 D WindowClient: Add to mViews: com.android.internal.policy.PhoneWindow$DecorView{2b21bc3 V.E...... R.....I. 0,0-0,0}, this = android.view.WindowManagerGlobal@fcfa244
12-19 15:31:19.283   988 23113 D OpenGLRenderer: CanvasContext() 0x7f87152800
12-19 15:31:19.285   988  1005 D ViewRootImpl: hardware acceleration is enabled, this = ViewRoot{793215d Application Error: br.com.gestaodopromotor.app,ident = 60}
12-19 15:31:19.288   988  1005 D AppOps  : startOperation: reject #3 for code 24 (24) uid 1000 package android
12-19 15:31:19.289   988  1005 D WindowManager: addWindowToListInOrderLocked: win=Window{820b7a3 u0 Application Error: br.com.gestaodopromotor.app} Callers=com.android.server.wm.WindowManagerService.addWindow:2864 com.android.server.wm.Session.addToDisplay:171 android.view.ViewRootImpl.setView:643 android.view.WindowManagerGlobal.addView:319 
12-19 15:31:19.289   988  1005 V WindowManager: Free window: Adding window Window{820b7a3 u0 Application Error: br.com.gestaodopromotor.app} at 7 of 9
12-19 15:31:19.289   988  1005 V WindowManager: Looking for focus: 9 = Window{cd0135c u0 StatusBar}, flags=-2122055608, canReceive=false
12-19 15:31:19.290   988  1005 V WindowManager: findFocusedWindow: Found new focus @ 7 = Window{820b7a3 u0 Application Error: br.com.gestaodopromotor.app}
12-19 15:31:19.291   988  1005 V WindowManager: Changing focus from null to Window{820b7a3 u0 Application Error: br.com.gestaodopromotor.app} Callers=com.android.server.wm.WindowManagerService.addWindow:2904 com.android.server.wm.Session.addToDisplay:171 android.view.ViewRootImpl.setView:643 android.view.WindowManagerGlobal.addView:319 
12-19 15:31:19.291   988  1005 D SettingsInterface:  from settings cache , name = full_screen_expand_statusbar , value = 1
12-19 15:31:19.291   988  1005 D WindowManager: Input focus has changed to Window{820b7a3 u0 Application Error: br.com.gestaodopromotor.app}
12-19 15:31:19.293   988  1009 I WindowManager: Focus moving from null to Window{820b7a3 u0 Application Error: br.com.gestaodopromotor.app}
12-19 15:31:19.294   988  1009 I WindowManager: Gaining focus: Window{820b7a3 u0 Application Error: br.com.gestaodopromotor.app}
12-19 15:31:19.295   988  6700 D AppOps  : noteOperation: allowing code 62 uid 10012 package com.google.android.gms
12-19 15:31:19.295   988  6700 I AccountManagerService: getTypesVisibleToCaller: isPermitted? true
12-19 15:31:19.301   290   290 I BufferQueue: [unnamed-290-392](this:0x7f9feadc00,id:392,api:0,p:-1,c:-1) BufferQueue core=(290:/system/bin/surfaceflinger)
12-19 15:31:19.301   290   290 D BufferQueueDump: [unnamed-290-392] this:0x7fa4a07b40, value:0x7fd63de4cc, iLen:6
12-19 15:31:19.301   290   290 I BufferQueueConsumer: [unnamed-290-392](this:0x7f9feadc00,id:392,api:0,p:-1,c:290) connect(C): consumer=(290:/system/bin/surfaceflinger) controlledByApp=false
12-19 15:31:19.302   290   290 D BufferQueueDump: [unnamed-290-392] this:0x7fa4a07b40, value:0x7fd63de4ec, iLen:6
12-19 15:31:19.302   290   290 I BufferQueueConsumer: [unnamed-290-392](this:0x7f9feadc00,id:392,api:0,p:-1,c:290) setConsumerName: unnamed-290-392
12-19 15:31:19.302   290   290 D BufferQueueDump: [Application Error: br.com.gestaodopromotor.app] this:0x7fa4a07b40, value:0x7fd63de55c, iLen:6
12-19 15:31:19.302   290   290 I BufferQueueConsumer: [Application Error: br.com.gestaodopromotor.app](this:0x7f9feadc00,id:392,api:0,p:-1,c:290) setConsumerName: Application Error: br.com.gestaodopromotor.app
12-19 15:31:19.302   290   290 I BufferQueueConsumer: [Application Error: br.com.gestaodopromotor.app](this:0x7f9feadc00,id:392,api:0,p:-1,c:290) setDefaultBufferSize: width=193 height=193
12-19 15:31:19.305   988  1005 V WindowManager: Looking for focus: 9 = Window{cd0135c u0 StatusBar}, flags=-2122055608, canReceive=false
12-19 15:31:19.305   988  1005 V WindowManager: findFocusedWindow: Found new focus @ 7 = Window{820b7a3 u0 Application Error: br.com.gestaodopromotor.app}
12-19 15:31:19.306   988  1005 D SettingsInterface:  from settings cache , name = full_screen_expand_statusbar , value = 1
12-19 15:31:19.308   290   290 I BufferQueueConsumer: [Application Error: br.com.gestaodopromotor.app](this:0x7f9feadc00,id:392,api:0,p:-1,c:290) setDefaultBufferSize: width=1218 height=686
12-19 15:31:19.308  1881  1881 D ActivityThread: SVC-Calling onStartCommand: com.google.android.gms.udc.service.UdcApiService@dbd49c5, flags=0, startId=3
12-19 15:31:19.308  1881  1881 D ActivityThread: SVC-SERVICE_ARGS handled : 0 / ServiceArgsData{token=android.os.BinderProxy@3a983c startId=3 args=Intent { cmp=com.google.android.gms/.udc.service.UdcApiService }}
12-19 15:31:19.310   988  1005 D SettingsInterface:  from settings cache , name = full_screen_expand_statusbar , value = 1
