12-19 15:31:28.435   988  3783 D PerfServiceManager: [PerfService] getLastBoostPid 3460 
12-19 15:31:28.435   988  3783 I libPerfService: perfGetLastBoostPid 3460
12-19 15:31:28.795   988  1015 I LcdStepRate: mHandler: on msg MSG_RESET_LCD_STEP_RATE
12-19 15:31:28.924   988  1015 D AutoBrightnessLenovo.LightSensorSample: onSensorChanged: lux = 534.0
12-19 15:31:28.925   988  1015 D AutoBrightnessLenovo: updateAmbientLux: Scheduling ambient lux update for 2305570223055702 (in 1500 ms)
12-19 15:31:29.184   290  1717 I BufferQueueProducer: [StatusBar](this:0x7fa4a3b400,id:5,api:1,p:1121,c:290) queueBuffer: fps=0.67 dur=1496.79 max=1496.79 min=1496.79
12-19 15:31:29.193   290   290 I SurfaceFlinger: [Built-in Screen (type:0)] fps:0.674106,dur:1483.45,max:1483.45,min:1483.45
12-19 15:31:29.424   988  1015 D AutoBrightnessLenovo.LightSensorSample: onSensorChanged: lux = 535.0
12-19 15:31:29.425   988  1015 D AutoBrightnessLenovo: updateAmbientLux: Scheduling ambient lux update for 2305620223056202 (in 1500 ms)
12-19 15:31:29.436  4658  4675 I PerfService: PerfServiceNative_getPackName
12-19 15:31:29.437   988  4082 I libPerfService: perfGetLastBoostPid 3460
12-19 15:31:29.437   988  4082 D PerfServiceManager: [PerfService] getLastBoostPid 3460 
12-19 15:31:29.437   988  4082 I libPerfService: perfGetLastBoostPid 3460
12-19 15:31:29.596   988  1015 I LcdStepRate: mHandler: on msg MSG_RESET_LCD_STEP_RATE
12-19 15:31:29.924   988  1015 D AutoBrightnessLenovo.LightSensorSample: onSensorChanged: lux = 560.0
12-19 15:31:29.925   988  1015 D AutoBrightnessLenovo: updateAmbientLux: Scheduling ambient lux update for 2305670223056702 (in 1500 ms)
12-19 15:31:29.983 20671 20739 D MAL-Daemon:  (void* rilproxy_urc_threa,  964) URC = (+ECSQ: 19,34,1,1,1,-41,-428,7,25
12-19 15:31:29.983 20671 20739 D MAL-Daemon: )
12-19 15:31:29.984 20671 20739 W MAL-Daemon:  (    mdfx_task_send_event,  636) mdfx_task_send_event(): [ACT] should NOT enter this leagcy API!!
12-19 15:31:29.984 20671 20739 W MAL-Daemon:  (    mdfx_task_send_event,  636) mdfx_task_send_event(): [ACT] should NOT enter this leagcy API!!
12-19 15:31:29.985 20671 20713 I MAL-Daemon:  (             rds_ru_task,  445) [RDS-I][RU][rds_ru_task] RCV Event: 104 
12-19 15:31:29.985 20671 20713 I MAL-Daemon:  (         rds_ru_urc_hdlr, 1733) [RDS-I][RDS][rds_ru_urc_hdlr] get URC: +ECSQ: 19,34,1,1,1,-41,-428,7,25
12-19 15:31:29.985 20671 20713 I MAL-Daemon: 
12-19 15:31:29.985 20671 20713 I MAL-Daemon:  (     ru_parse_3gppsigval, 1458) [RDS-I][RDS][ru_parse_3gppsigval] 3gppsigval #args act<7>
12-19 15:31:29.985 20671 20713 I MAL-Daemon:  (         rds_ru_urc_hdlr, 1913) [RDS-I][RDS][RU][rds_ru_urc_hdlr] Update 3GPP STATUS rsrp<-107> rsrq<19> regstat<6> 
12-19 15:31:29.986 20671 20713 I MAL-Daemon:  (         rds_ru_urc_hdlr, 1915) [RDS-I][RDS][RU][rds_ru_urc_hdlr] ru_check_ctx_ptr<0xf6073c9c, 0xf6073c9c>
12-19 15:31:29.986 20671 20713 W MAL-Daemon:  (    mdfx_task_send_event,  636) mdfx_task_send_event(): [ACT] should NOT enter this leagcy API!!
12-19 15:31:29.986 20671 20713 I MAL-Daemon:  (    ru_send_event_entity,  350) [RDS-I][RDS][RU][ru_send_event_entity] send event 605 to 602 with ret(0)
12-19 15:31:29.986 20671 20713 I MAL-Daemon:  (             rds_ru_task,  445) [RDS-I][RU][rds_ru_task] RCV Event: 605 
12-19 15:31:29.986 20671 20713 I MAL-Daemon:  (  rds_ru_3gpp_status_ind, 1390) [RDS-I][RU][EVENT_RU_DM_3GPP_STATUS_IND] i4ltersrp:-107, i4ltersrq:19, u43gpp_status:0x6
12-19 15:31:29.986 20671 20713 E MAL-Daemon:  (  rds_ru_3gpp_status_ind, 1421) [RDS-E][RU][EVENT_RU_DM_3GPP_STATUS_IND] Invalid u43gpp_status:0x6
12-19 15:31:29.987 20671 20713 I MAL-Daemon:  (          rds_ru_rpl_gen, 4866) [RDS-I][RU][rds_ru_rpl_gen][RDS][OP0] TYPE : <0>, UI Policy : <3>, RDS Policy : <3>
12-19 15:31:29.987 20671 20713 I MAL-Daemon:  (      rds_cell_only_orng, 3608) [RDS-I][RU][RDS IMS/MMS][rds_cell_only_orng] 
12-19 15:31:29.987 20671 20713 I MAL-Daemon:  (          rds_ru_rpl_gen, 4877) [RDS-I][RU][rds_ru_rpl_gen][RDS][OP0] TYPE : <0>, RAN1 : <254> ,RAN2 : <254>
12-19 15:31:29.987 20671 20713 I MAL-Daemon:  (          rds_ru_rpl_gen, 4866) [RDS-I][RU][rds_ru_rpl_gen][RDS][OP0] TYPE : <1>, UI Policy : <3>, RDS Policy : <3>
12-19 15:31:29.987 20671 20713 I MAL-Daemon:  (      rds_cell_only_orng, 3608) [RDS-I][RU][RDS IMS/MMS][rds_cell_only_orng] 
12-19 15:31:29.987 20671 20713 I MAL-Daemon:  (          rds_ru_rpl_gen, 4877) [RDS-I][RU][rds_ru_rpl_gen][RDS][OP0] TYPE : <1>, RAN1 : <254> ,RAN2 : <254>
12-19 15:31:29.987 20671 20713 I MAL-Daemon:  (          rds_ru_rpl_gen, 4866) [RDS-I][RU][rds_ru_rpl_gen][RDS][OP0] TYPE : <2>, UI Policy : <3>, RDS Policy : <3>
12-19 15:31:29.987 20671 20713 I MAL-Daemon:  (      rds_cell_only_orng, 3608) [RDS-I][RU][RDS IMS/MMS][rds_cell_only_orng] 
12-19 15:31:29.988 20671 20713 I MAL-Daemon:  (          rds_ru_rpl_gen, 4877) [RDS-I][RU][rds_ru_rpl_gen][RDS][OP0] TYPE : <2>, RAN1 : <254> ,RAN2 : <254>
12-19 15:31:29.988 20671 20713 I MAL-Daemon:  (          rds_ru_rpl_gen, 4866) [RDS-I][RU][rds_ru_rpl_gen][RDS][OP0] TYPE : <3>, UI Policy : <3>, RDS Policy : <3>
12-19 15:31:29.988 20671 20713 I MAL-Daemon:  (          rds_ru_rpl_gen, 4877) [RDS-I][RU][rds_ru_rpl_gen][RDS][OP0] TYPE : <3>, RAN1 : <1> ,RAN2 : <255>
12-19 15:31:29.988 20671 20713 I MAL-Daemon:  (          rds_ru_rpl_gen, 4866) [RDS-I][RU][rds_ru_rpl_gen][RDS][OP0] TYPE : <4>, UI Policy : <3>, RDS Policy : <3>
12-19 15:31:29.988 20671 20713 I MAL-Daemon:  (          rds_ru_rpl_gen, 4877) [RDS-I][RU][rds_ru_rpl_gen][RDS][OP0] TYPE : <4>, RAN1 : <1> ,RAN2 : <255>
12-19 15:31:29.988 20671 20713 I MAL-Daemon:  (          rds_ru_rpl_gen, 4866) [RDS-I][RU][rds_ru_rpl_gen][RDS][OP0] TYPE : <5>, UI Policy : <3>, RDS Policy : <3>
12-19 15:31:29.988 20671 20713 I MAL-Daemon:  (          rds_ru_rpl_gen, 4877) [RDS-I][RU][rds_ru_rpl_gen][RDS][OP0] TYPE : <5>, RAN1 : <1> ,RAN2 : <255>
12-19 15:31:29.988 20671 20713 I MAL-Daemon:  (          rds_ru_rpl_gen, 4877) [RDS-I][RU][rds_ru_rpl_gen][RDS][OP0] TYPE : <6>, RAN1 : <254> ,RAN2 : <254>
12-19 15:31:29.989 20671 20713 I MAL-Daemon:  (    rds_op_check_feature,  304) [RDS-I][RDS][OP][rds_op_check_feature] operator id(0) check feature<0>, curr_opmsk is <1>, sys_opmsk is <0x0001, 1>
12-19 15:31:29.989 20671 20713 I MAL-Daemon:  (  rds_ru_ims_vops_update, 4666) [RDS-I][RU][rds_ru_ims_vops_update][RDS IMS]Policy type: 0 IMS VOPS IE is Disabled, update IMS RPL from Ori:(254, 254) New:(254,254)
12-19 15:31:29.989 20671 20713 I MAL-Daemon:  (  rds_ru_ims_vops_update, 4666) [RDS-I][RU][rds_ru_ims_vops_update][RDS IMS]Policy type: 1 IMS VOPS IE is Disabled, update IMS RPL from Ori:(254, 254) New:(254,254)
12-19 15:31:29.989 20671 20695 D MAL-Daemon:  (          atmngr_urc_hdl,  206) atmngr_urc_hdl(): [AT_URC] "
12-19 15:31:29.989 20671 20695 D MAL-Daemon: +ECSQ: 19,34,1,1,1,-41,-428,7,25
12-19 15:31:29.989 20671 20695 D MAL-Daemon: "!!
12-19 15:31:30.003 20671 20713 I MAL-Daemon:  (  rds_ru_ims_vops_update, 4666) [RDS-I][RU][rds_ru_ims_vops_update][RDS IMS]Policy type: 2 IMS VOPS IE is Disabled, update IMS RPL from Ori:(254, 254) New:(254,254)
12-19 15:31:30.003 20671 20713 I MAL-Daemon:  (          rds_ru_rpl_gen, 4901) [RDS-I][RU][rds_ru_rpl_gen][RDS] Current policy: fgimsolte_en<0>, fgwfc_en<0>, erdspolicy<3>, 
12-19 15:31:30.003 20671 20713 I MAL-Daemon:  (          rds_ru_rpl_gen, 4904) [RDS-I][RU][rds_ru_rpl_gen][RDS] Threshold i4wifirssih<-75>, i4wifirssil<-85>, i4wifirssih_ho<-78>, i4wifirssil_ho<-88>, i4wifisnrh<10>, i4wifisnrl<6>
12-19 15:31:30.003 20671 20713 I MAL-Daemon:  (          rds_ru_rpl_gen, 4907) [RDS-I][RU][rds_ru_rpl_gen][RDS] Threshold i4ltersrph<-106>, i4ltersrpm<-111>, i4ltersrpl<-116>, i4ltersrqh<5>, i4ltersrqm<3>, i4ltersrql<1>
12-19 15:31:30.003 20671 20713 I MAL-Daemon:  (          rds_ru_rpl_gen, 4910) [RDS-I][RU][rds_ru_rpl_gen][RDS] current rds ru status: i4wifirssi<-127>, i4wifisnr<0>, i4ltersrp<-107>, i4ltersrq<19>, u4active_ran<65538> 
12-19 15:31:30.003 20671 20713 I MAL-Daemon:  (          rds_ru_rpl_gen, 4913) [RDS-I][RU][rds_ru_rpl_gen][RDS] current wifi backhaul : rtp_plr<0>, rtp_jitter<0>, ping_ind<0>
12-19 15:31:30.003 20671 20713 I MAL-Daemon:  (          rds_ru_rpl_gen, 4916) [RDS-I][RU][rds_ru_rpl_gen][RDS] Call stat : IR92<0>, IR94<0> 
12-19 15:31:30.003 20671 20713 I MAL-Daemon:  (          rds_ru_rpl_gen, 4922) [RDS-I][RU][RDS IMS/MMS][rds_ru_rpl_gen] Ori:(254,254)/(1,255) New:(254,254)/(1,255)
12-19 15:31:30.003 20671 20713 I MAL-Daemon:  (          rds_ru_rpl_gen, 4927) [RDS-I][RU][RDS IMS/MMS WIFI][rds_ru_rpl_gen] Ori:(254,254)/(1,255) New:(254,254)/(1,255)
12-19 15:31:30.003 20671 20713 I MAL-Daemon:  (          rds_ru_rpl_gen, 4932) [RDS-I][RU][RDS IMS/MMS CELL][rds_ru_rpl_gen] Ori:(254,254)/(1,255) New:(254,254)/(1,255)
12-19 15:31:30.003 20671 20713 I MAL-Daemon:  (          rds_ru_rpl_gen, 4936) [RDS-I][RU][RDS EMG][rds_ru_rpl_gen] Ori:(254,254) New:(254,254)
12-19 15:31:30.008   988  6700 V ActivityManager: Broadcast sticky: Intent { act=android.intent.action.SIG_STR flg=0x20000010 (has extras) } ordered=false userid=-1 callerApp=ProcessRecord{313d9ba 988:system/1000}
12-19 15:31:30.008   988  6700 D RestrictedPackageService: filterBroadcastReceiver for android.intent.action.SIG_STR
12-19 15:31:30.008   988  1004 V ActivityManager_MU: isSingleton(com.lenovo.ideafriend, ApplicationInfo{3b664fc com.lenovo.ideafriend}, com.lenovo.ideafriend.mms.android.transaction.MmsSystemEventReceiver, 0x0) = false
12-19 15:31:30.010  3043  3043 D ActivityThread: BDC-Calling onReceive: intent=Intent { act=android.intent.action.SIG_STR flg=0x20000010 cmp=com.lenovo.ideafriend/.mms.android.transaction.MmsSystemEventReceiver (has extras) }, receiver=com.lenovo.ideafriend.mms.android.transaction.MmsSystemEventReceiver@bfeb473
12-19 15:31:30.011  3043  3043 D Mms     : onReceive(): intent=Intent { act=android.intent.action.SIG_STR flg=0x20000010 cmp=com.lenovo.ideafriend/.mms.android.transaction.MmsSystemEventReceiver (has extras) }
12-19 15:31:30.011  3043  3043 D ActivityThread: BDC-Calling onReceive end receiver=class com.lenovo.ideafriend.mms.android.transaction.MmsSystemEventReceiver
12-19 15:31:30.013  3043  3043 D ActivityThread: BDC-RECEIVER handled : 0 / ReceiverData{intent=Intent { act=android.intent.action.SIG_STR flg=0x20000010 cmp=com.lenovo.ideafriend/.mms.android.transaction.MmsSystemEventReceiver (has extras) } packageName=com.lenovo.ideafriend resultCode=-1 resultData=null resultExtras=null}
12-19 15:31:30.397   988  1015 I LcdStepRate: mHandler: on msg MSG_RESET_LCD_STEP_RATE
12-19 15:31:30.424   988  1015 D AutoBrightnessLenovo.LightSensorSample: onSensorChanged: lux = 542.0
12-19 15:31:30.425   988  1015 D AutoBrightnessLenovo: updateAmbientLux: Scheduling ambient lux update for 2305720223057202 (in 1500 ms)
12-19 15:31:30.438  4658  4675 I PerfService: PerfServiceNative_getPackName
12-19 15:31:30.439   988  1002 I libPerfService: perfGetLastBoostPid 3460
12-19 15:31:30.439   988  1002 D PerfServiceManager: [PerfService] getLastBoostPid 3460 
12-19 15:31:30.439   988  1002 I libPerfService: perfGetLastBoostPid 3460
12-19 15:31:30.681   290   313 I BufferQueueProducer: [StatusBar](this:0x7fa4a3b400,id:5,api:1,p:1121,c:290) queueBuffer: fps=0.67 dur=1497.03 max=1497.03 min=1497.03
12-19 15:31:30.692   290   290 I SurfaceFlinger: [Built-in Screen (type:0)] fps:0.666901,dur:1499.47,max:1499.47,min:1499.47
12-19 15:31:30.924   988  1015 D AutoBrightnessLenovo.LightSensorSample: onSensorChanged: lux = 559.0
12-19 15:31:30.925   988  1015 D AutoBrightnessLenovo: updateAmbientLux: Scheduling ambient lux update for 2305770223057702 (in 1500 ms)
12-19 15:31:31.198   988  1015 I LcdStepRate: mHandler: on msg MSG_RESET_LCD_STEP_RATE
12-19 15:31:31.204   387   387 I thermal_repeater: select timeout
12-19 15:31:31.424   988  1015 D AutoBrightnessLenovo.LightSensorSample: onSensorChanged: lux = 528.0
12-19 15:31:31.425   988  1015 D AutoBrightnessLenovo: updateAmbientLux: Scheduling ambient lux update for 2305820223058202 (in 1500 ms)
12-19 15:31:31.440  4658  4675 I PerfService: PerfServiceNative_getPackName
12-19 15:31:31.441   988  1450 I libPerfService: perfGetLastBoostPid 3460
12-19 15:31:31.441   988  1450 D PerfServiceManager: [PerfService] getLastBoostPid 3460 
12-19 15:31:31.442   988  1450 I libPerfService: perfGetLastBoostPid 3460
12-19 15:31:31.924   988  1015 D AutoBrightnessLenovo.LightSensorSample: onSensorChanged: lux = 516.0
12-19 15:31:31.925   988  1015 D AutoBrightnessLenovo: updateAmbientLux: Scheduling ambient lux update for 2305870223058702 (in 1500 ms)
12-19 15:31:31.999   988  1015 I LcdStepRate: mHandler: on msg MSG_RESET_LCD_STEP_RATE
12-19 15:31:32.179   290  3199 I BufferQueueProducer: [StatusBar](this:0x7fa4a3b400,id:5,api:1,p:1121,c:290) queueBuffer: fps=0.67 dur=1498.21 max=1498.21 min=1498.21
12-19 15:31:32.191   290   290 I SurfaceFlinger: [Built-in Screen (type:0)] fps:0.666958,dur:1499.35,max:1499.35,min:1499.35
12-19 15:31:32.424   988  1015 D AutoBrightnessLenovo.LightSensorSample: onSensorChanged: lux = 545.0
12-19 15:31:32.425   988  1015 D AutoBrightnessLenovo: updateAmbientLux: Scheduling ambient lux update for 2305920223059202 (in 1500 ms)
12-19 15:31:32.443  4658  4675 I PerfService: PerfServiceNative_getPackName
12-19 15:31:32.443   988  1451 I libPerfService: perfGetLastBoostPid 3460
12-19 15:31:32.444   988  1451 D PerfServiceManager: [PerfService] getLastBoostPid 3460 
12-19 15:31:32.444   988  1451 I libPerfService: perfGetLastBoostPid 3460
12-19 15:31:32.652   988  1483 W Watchdog: SWT Watchdog after wait current time:23057929
12-19 15:31:32.652   988  1483 D AES     : AEEIOCTL_GET/SET_SF_STATE IOCTL,cmd= 1074294797, lParam=0. 
12-19 15:31:32.652   988  1483 W Watchdog: **Get SF Time **1
12-19 15:31:32.653   988  1483 D AES     : AEEIOCTL_RT_MON_Kick IOCTL,cmd= -2147192822, lParam=300. 
12-19 15:31:32.653   988  1483 W Watchdog: SWT Watchdog before synchronized:23057930
12-19 15:31:32.653   988  1483 W Watchdog: SWT Watchdog after synchronized:23057930
12-19 15:31:32.653   988  1483 W Watchdog: SWT Watchdog before wait timeout:30000
12-19 15:31:32.653   988  1483 W Watchdog: SWT Watchdog before wait current time:23057931
12-19 15:31:32.653   988  1483 W Watchdog: SWT Watchdog before wait start:23057930
12-19 15:31:32.653   988  1483 W Watchdog: SWT Watchdog before wait CHECK_INTERVAL:30000
12-19 15:31:32.655   988  1006 D InputReader: InputReader::monitor: lock
12-19 15:31:32.655   988  1006 D InputReader: InputReader::monitor: wait 
12-19 15:31:32.655   988  1006 D InputReader: InputReader::monitor: unlock
12-19 15:31:32.656   988  1006 D InputReader: InputReader::monitor: done
12-19 15:31:32.799   988  1015 I LcdStepRate: mHandler: on msg MSG_RESET_LCD_STEP_RATE
12-19 15:31:32.924   988  1015 D AutoBrightnessLenovo.LightSensorSample: onSensorChanged: lux = 551.0
12-19 15:31:32.925   988  1015 D AutoBrightnessLenovo: updateAmbientLux: Scheduling ambient lux update for 2305970223059702 (in 1500 ms)
12-19 15:31:33.425   988  1015 D AutoBrightnessLenovo.LightSensorSample: onSensorChanged: lux = 533.0
12-19 15:31:33.425   988  1015 D AutoBrightnessLenovo: updateAmbientLux: Scheduling ambient lux update for 2306020223060202 (in 1500 ms)
12-19 15:31:33.445  4658  4675 I PerfService: PerfServiceNative_getPackName
12-19 15:31:33.446   988  4084 I libPerfService: perfGetLastBoostPid 3460
12-19 15:31:33.447   988  4084 D PerfServiceManager: [PerfService] getLastBoostPid 3460 
12-19 15:31:33.447   988  4084 I libPerfService: perfGetLastBoostPid 3460
12-19 15:31:33.600   988  1015 I LcdStepRate: mHandler: on msg MSG_RESET_LCD_STEP_RATE
12-19 15:31:33.676   290   311 I BufferQueueProducer: [StatusBar](this:0x7fa4a3b400,id:5,api:1,p:1121,c:290) queueBuffer: fps=0.67 dur=1497.01 max=1497.01 min=1497.01
12-19 15:31:33.691   290   290 I SurfaceFlinger: [Built-in Screen (type:0)] fps:0.666832,dur:1499.63,max:1499.63,min:1499.63
12-19 15:31:33.924   988  1015 D AutoBrightnessLenovo.LightSensorSample: onSensorChanged: lux = 548.0
12-19 15:31:33.925   988  1015 D AutoBrightnessLenovo: updateAmbientLux: Scheduling ambient lux update for 2306070123060701 (in 1499 ms)
12-19 15:31:34.217 20671 21136 I MAL-Daemon:  (    ru_mdmngr_send_atcmd, 1931) [RDS-I][RDS][RU][ru_mdmngr_send_atcmd] try to send ATcmd : AT+ECSQ 
12-19 15:31:34.217 20671 21136 I MAL-Daemon:  (    ru_mdmngr_send_atcmd, 1940) [RDS-I][RDS][RU][ru_mdmngr_send_atcmd] ru_check_ctx_ptr<0xf6073c9c, 0xf6073c9c>
12-19 15:31:34.217 20671 21136 W MAL-Daemon:  (    mdfx_task_send_event,  636) mdfx_task_send_event(): [ACT] should NOT enter this leagcy API!!
12-19 15:31:34.218 20671 21136 I MAL-Daemon:  (    ru_send_event_entity,  350) [RDS-I][RDS][RU][ru_send_event_entity] send event 101 to 101 with ret(0)
12-19 15:31:34.218 20671 20702 D MAL-Daemon:  (         mdmngr_task_hdl,   36) mdmngr_task_hdl(), receive event = 101 (vendor/mediatek/proprietary/frameworks/opt/mal/entity/mdmngr/mdmngr.c:36)
12-19 15:31:34.218 20671 20702 D MAL-Daemon:  (         mdmngr_task_hdl,   67) EVENT_MDMNGR_ATCMD_REQ@MDMNGR, priv_data = f732e400, channel = 1, cmd = (AT+ECSQ) (vendor/mediatek/proprietary/frameworks/opt/mal/entity/mdmngr/mdmngr.c:67)
12-19 15:31:34.219 20671 20702 W MAL-Daemon:  (    mdfx_task_send_event,  636) mdfx_task_send_event(): [ACT] should NOT enter this leagcy API!!
12-19 15:31:34.219 20671 20740 I MAL-Daemon:  ( mdfx_event_do_statistic,  153) mdfx_event_do_statistic(): [STATISTIC] TID = 20740 has used 9853272 bytes!!
12-19 15:31:34.219 20671 20740 E MAL-Daemon:  (void* rilproxy_task_hdl(,  439) rilproxy_task_hdl(), receive event = 401
12-19 15:31:34.219 20671 20740 D MAL-Daemon:  (int rilproxy_send_ril_re,  320) send ril request, request_id = 2130, serial_no = 18300, length = 18000000, send_size = 24(18), fd = 31
12-19 15:31:34.238 20671 20738 D MAL-Daemon:  (void* rilproxy_cmd_resp_,  670) recv ril resp, length = 60, type = 0, result = 0, serial_no = 18300
12-19 15:31:34.238 20671 20738 D MAL-Daemon:  (void* rilproxy_cmd_resp_,  676) event_id = 401
12-19 15:31:34.238 20671 20702 D MAL-Daemon:  (         mdmngr_task_hdl,   36) mdmngr_task_hdl(), receive event = 102 (vendor/mediatek/proprietary/frameworks/opt/mal/entity/mdmngr/mdmngr.c:36)
12-19 15:31:34.238 20671 20702 D MAL-Daemon:  (         mdmngr_task_hdl,  115) EVENT_MDMNGR_ATCMD_RESP@MDMNGR (vendor/mediatek/proprietary/frameworks/opt/mal/entity/mdmngr/mdmngr.c:115)
12-19 15:31:34.238 20671 20702 D MAL-Daemon:  (         mdmngr_task_hdl,  122) event_req = f732e400, ID = 101 (vendor/mediatek/proprietary/frameworks/opt/mal/entity/mdmngr/mdmngr.c:122)
12-19 15:31:34.239 20671 20702 D MAL-Daemon:  (         mdmngr_task_hdl,  125) atcmd_resp->priv_data = f63f6fc8 (vendor/mediatek/proprietary/frameworks/opt/mal/entity/mdmngr/mdmngr.c:125)
12-19 15:31:34.239 20671 20713 I MAL-Daemon:  (             rds_ru_task,  445) [RDS-I][RU][rds_ru_task] RCV Event: 102 
12-19 15:31:34.239 20671 20713 I MAL-Daemon:  (rds_ru_mdmngr_atrsp_hndl, 2186) [RDS-I][RDS][RU][rds_ru_mdmngr_atrsp_hndl] get AT resp: +ECSQ: 19,34,1,1,1,-41,-428,7,25
12-19 15:31:34.239 20671 20713 I MAL-Daemon: 
12-19 15:31:34.239 20671 20713 I MAL-Daemon: OK
12-19 15:31:34.239 20671 20713 I MAL-Daemon: 
12-19 15:31:34.239 20671 20713 I MAL-Daemon:  (     ru_parse_3gppsigval, 1458) [RDS-I][RDS][ru_parse_3gppsigval] 3gppsigval #args act<7>
12-19 15:31:34.401   988  1015 I LcdStepRate: mHandler: on msg MSG_RESET_LCD_STEP_RATE
12-19 15:31:34.424   988  1015 D AutoBrightnessLenovo.LightSensorSample: onSensorChanged: lux = 532.0
12-19 15:31:34.425   988  1015 D AutoBrightnessLenovo: updateAmbientLux: Scheduling ambient lux update for 2306120223061202 (in 1500 ms)
12-19 15:31:34.448  4658  4675 I PerfService: PerfServiceNative_getPackName
12-19 15:31:34.449   988  1623 I libPerfService: perfGetLastBoostPid 3460
12-19 15:31:34.449   988  1623 D PerfServiceManager: [PerfService] getLastBoostPid 3460 
12-19 15:31:34.449   988  1623 I libPerfService: perfGetLastBoostPid 3460
12-19 15:31:34.924   988  1015 D AutoBrightnessLenovo.LightSensorSample: onSensorChanged: lux = 554.0
12-19 15:31:34.925   988  1015 D AutoBrightnessLenovo: updateAmbientLux: Scheduling ambient lux update for 2306170123061701 (in 1499 ms)
12-19 15:31:35.104 20671 20739 D MAL-Daemon:  (void* rilproxy_urc_threa,  964) URC = (+ECSQ: 19,34,1,1,1,-41,-425,7,24
12-19 15:31:35.104 20671 20739 D MAL-Daemon: )
12-19 15:31:35.104 20671 20739 W MAL-Daemon:  (    mdfx_task_send_event,  636) mdfx_task_send_event(): [ACT] should NOT enter this leagcy API!!
12-19 15:31:35.104 20671 20739 W MAL-Daemon:  (    mdfx_task_send_event,  636) mdfx_task_send_event(): [ACT] should NOT enter this leagcy API!!
12-19 15:31:35.105 20671 20713 I MAL-Daemon:  (             rds_ru_task,  445) [RDS-I][RU][rds_ru_task] RCV Event: 104 
12-19 15:31:35.105 20671 20713 I MAL-Daemon:  (         rds_ru_urc_hdlr, 1733) [RDS-I][RDS][rds_ru_urc_hdlr] get URC: +ECSQ: 19,34,1,1,1,-41,-425,7,24
12-19 15:31:35.105 20671 20713 I MAL-Daemon: 
12-19 15:31:35.105 20671 20713 I MAL-Daemon:  (     ru_parse_3gppsigval, 1458) [RDS-I][RDS][ru_parse_3gppsigval] 3gppsigval #args act<7>
12-19 15:31:35.106 20671 20695 D MAL-Daemon:  (          atmngr_urc_hdl,  206) atmngr_urc_hdl(): [AT_URC] "
12-19 15:31:35.106 20671 20695 D MAL-Daemon: +ECSQ: 19,34,1,1,1,-41,-425,7,24
12-19 15:31:35.106 20671 20695 D MAL-Daemon: "!!
12-19 15:31:35.125   988  1450 V ActivityManager: Broadcast sticky: Intent { act=android.intent.action.SIG_STR flg=0x20000010 (has extras) } ordered=false userid=-1 callerApp=ProcessRecord{313d9ba 988:system/1000}
12-19 15:31:35.126   988  1450 D RestrictedPackageService: filterBroadcastReceiver for android.intent.action.SIG_STR
12-19 15:31:35.126   988  1004 V ActivityManager_MU: isSingleton(com.lenovo.ideafriend, ApplicationInfo{e55f785 com.lenovo.ideafriend}, com.lenovo.ideafriend.mms.android.transaction.MmsSystemEventReceiver, 0x0) = false
12-19 15:31:35.133  3043  3043 D ActivityThread: BDC-Calling onReceive: intent=Intent { act=android.intent.action.SIG_STR flg=0x20000010 cmp=com.lenovo.ideafriend/.mms.android.transaction.MmsSystemEventReceiver (has extras) }, receiver=com.lenovo.ideafriend.mms.android.transaction.MmsSystemEventReceiver@a600f30
12-19 15:31:35.133  3043  3043 D Mms     : onReceive(): intent=Intent { act=android.intent.action.SIG_STR flg=0x20000010 cmp=com.lenovo.ideafriend/.mms.android.transaction.MmsSystemEventReceiver (has extras) }
12-19 15:31:35.133  3043  3043 D ActivityThread: BDC-Calling onReceive end receiver=class com.lenovo.ideafriend.mms.android.transaction.MmsSystemEventReceiver
12-19 15:31:35.135  3043  3043 D ActivityThread: BDC-RECEIVER handled : 0 / ReceiverData{intent=Intent { act=android.intent.action.SIG_STR flg=0x20000010 cmp=com.lenovo.ideafriend/.mms.android.transaction.MmsSystemEventReceiver (has extras) } packageName=com.lenovo.ideafriend resultCode=-1 resultData=null resultExtras=null}
12-19 15:31:35.163   290  3657 I BufferQueueProducer: [StatusBar](this:0x7fa4a3b400,id:5,api:1,p:1121,c:290) queueBuffer: fps=0.67 dur=1486.73 max=1486.73 min=1486.73
12-19 15:31:35.190   290   290 I SurfaceFlinger: [Built-in Screen (type:0)] fps:0.667011,dur:1499.22,max:1499.22,min:1499.22
12-19 15:31:35.202   988  1015 I LcdStepRate: mHandler: on msg MSG_RESET_LCD_STEP_RATE
12-19 15:31:35.424   988  1015 D AutoBrightnessLenovo.LightSensorSample: onSensorChanged: lux = 549.0
12-19 15:31:35.425   988  1015 D AutoBrightnessLenovo: updateAmbientLux: Scheduling ambient lux update for 2306220223062202 (in 1500 ms)
12-19 15:31:35.450  4658  4675 I PerfService: PerfServiceNative_getPackName
12-19 15:31:35.452   988  4084 I libPerfService: perfGetLastBoostPid 3460
12-19 15:31:35.452   988  4084 D PerfServiceManager: [PerfService] getLastBoostPid 3460 
12-19 15:31:35.452   988  4084 I libPerfService: perfGetLastBoostPid 3460
12-19 15:31:35.806   988  1039 D AlarmManager: set alarm to RTC 28913277
12-19 15:31:35.806   988  1039 D SettingsInterface:  from settings cache , name = background_power_saving_enable , value = 1
12-19 15:31:35.806   988  1039 D DataShapingService: Alarm manager openLteDataUpLinkGate: false
12-19 15:31:35.806   988  1039 V AlarmManager: openLteGateSuccess = false
12-19 15:31:35.807   988  1039 I ActivityManager: [Background Service Priority Adjustment] Set callerFg as false for service.getFlags():260
12-19 15:31:35.811   988   988 D AlarmManager: onSendFinished begin
12-19 15:31:35.811   988  1039 V AlarmManager: sending alarm Alarm{1e319da type 1 when 1513704695805 com.lenovo.lsf.device} success
12-19 15:31:35.812   988  1039 D PowerManagerService: acquireWakeLockInternal: lock=214225706, flags=0x1, tag="*alarm*", ws=WorkSource{10017}, uid=1000, pid=988
12-19 15:31:35.813   988  1039 D PowerManagerService: updateWakeLockSummaryLocked: mWakefulness=Awake, mWakeLockSummary=0x1
12-19 15:31:35.813   988  1039 D PowerManagerService: updateUserActivitySummaryLocked: mWakefulness=Awake, mUserActivitySummary=0x1, nextTimeout=24838914 (in 1777824 ms)
12-19 15:31:35.813   988  1039 D DisplayPowerController: requestPowerState: policy=BRIGHT, useProximitySensor=false, screenBrightness=102, screenAutoBrightnessAdjustment=1.0, brightnessSetByUser=true, useAutoBrightness=true, blockScreenOn=false, lowPowerMode=false, boostScreenBrightness=false, dozeScreenBrightness=-1, dozeScreenState=UNKNOWN, waitForNegativeProximity=false
12-19 15:31:35.813   988  1039 I PowerManagerService: setBrightness mButtonLight 0.
12-19 15:31:35.813   988  1039 D PowerManagerService: updateDisplayPowerStateLocked: mDisplayReady=true, policy=3, mWakefulness=1, mWakeLockSummary=0x1, mUserActivitySummary=0x1, mBootCompleted=true, mScreenBrightnessBoostInProgress=false
12-19 15:31:35.814  3759  3759 D ActivityThread: SVC-Calling onStartCommand: com.lenovo.lsf.push.service.PushService@ee42bfb, flags=0, startId=55
12-19 15:31:35.816   988  1039 D PowerManagerService: Acquiring suspend blocker "PowerManagerService.WakeLocks".
12-19 15:31:35.816   988  1039 D PowerManagerNotifier: onWakeLockAcquired: flags=1, tag="*alarm*", packageName=android, ownerUid=1000, ownerPid=988, workSource=WorkSource{10017}
12-19 15:31:35.817   988   988 D PowerManagerService: releaseWakeLockInternal: lock=214225706 [*alarm*], flags=0x0, total_time=6ms
12-19 15:31:35.818   988   988 D PowerManagerNotifier: onWakeLockReleased: flags=1, tag="*alarm*", packageName=android, ownerUid=1000, ownerPid=988, workSource=WorkSource{10017}
12-19 15:31:35.818   988   988 D PowerManagerService: updateWakeLockSummaryLocked: mWakefulness=Awake, mWakeLockSummary=0x0
12-19 15:31:35.818   988   988 D PowerManagerService: updateUserActivitySummaryLocked: mWakefulness=Awake, mUserActivitySummary=0x1, nextTimeout=24838914 (in 1777819 ms)
12-19 15:31:35.818   988   988 D DisplayPowerController: requestPowerState: policy=BRIGHT, useProximitySensor=false, screenBrightness=102, screenAutoBrightnessAdjustment=1.0, brightnessSetByUser=true, useAutoBrightness=true, blockScreenOn=false, lowPowerMode=false, boostScreenBrightness=false, dozeScreenBrightness=-1, dozeScreenState=UNKNOWN, waitForNegativeProximity=false
12-19 15:31:35.818   988   988 I PowerManagerService: setBrightness mButtonLight 0.
12-19 15:31:35.818   988   988 D PowerManagerService: updateDisplayPowerStateLocked: mDisplayReady=true, policy=3, mWakefulness=1, mWakeLockSummary=0x0, mUserActivitySummary=0x1, mBootCompleted=true, mScreenBrightnessBoostInProgress=false
12-19 15:31:35.819   988   988 D PowerManagerService: Releasing suspend blocker "PowerManagerService.WakeLocks".
12-19 15:31:35.821   988  6700 D PowerManagerService: acquireWakeLockInternal: lock=137272843, flags=0x1, tag="PUSH_SERVICE_WAKE_LOCK", ws=null, uid=10017, pid=3759
12-19 15:31:35.821   988  6700 D PowerManagerService: updateWakeLockSummaryLocked: mWakefulness=Awake, mWakeLockSummary=0x1
12-19 15:31:35.821   988  6700 D PowerManagerService: updateUserActivitySummaryLocked: mWakefulness=Awake, mUserActivitySummary=0x1, nextTimeout=24838914 (in 1777815 ms)
12-19 15:31:35.822   988  6700 D DisplayPowerController: requestPowerState: policy=BRIGHT, useProximitySensor=false, screenBrightness=102, screenAutoBrightnessAdjustment=1.0, brightnessSetByUser=true, useAutoBrightness=true, blockScreenOn=false, lowPowerMode=false, boostScreenBrightness=false, dozeScreenBrightness=-1, dozeScreenState=UNKNOWN, waitForNegativeProximity=false
12-19 15:31:35.822   988  6700 I PowerManagerService: setBrightness mButtonLight 0.
12-19 15:31:35.822   988  6700 D PowerManagerService: updateDisplayPowerStateLocked: mDisplayReady=true, policy=3, mWakefulness=1, mWakeLockSummary=0x1, mUserActivitySummary=0x1, mBootCompleted=true, mScreenBrightnessBoostInProgress=false
12-19 15:31:35.823   988  6700 D PowerManagerService: Acquiring suspend blocker "PowerManagerService.WakeLocks".
12-19 15:31:35.823   988  6700 D PowerManagerNotifier: onWakeLockAcquired: flags=1, tag="PUSH_SERVICE_WAKE_LOCK", packageName=com.lenovo.lsf.device, ownerUid=10017, ownerPid=3759, workSource=null
12-19 15:31:35.824   988  6700 D AppOps  : startOperation: allowing code 40 uid 10017 package com.lenovo.lsf.device
12-19 15:31:35.826  3759  3759 D SettingsInterface:  from settings cache , name = lsf_push_reg , value = []
12-19 15:31:35.828   988   999 D PowerManagerService: releaseWakeLockInternal: lock=137272843 [PUSH_SERVICE_WAKE_LOCK], flags=0x0, total_time=6ms
12-19 15:31:35.828   988   999 D PowerManagerNotifier: onWakeLockReleased: flags=1, tag="PUSH_SERVICE_WAKE_LOCK", packageName=com.lenovo.lsf.device, ownerUid=10017, ownerPid=3759, workSource=null
12-19 15:31:35.829   988   999 D PowerManagerService: updateWakeLockSummaryLocked: mWakefulness=Awake, mWakeLockSummary=0x0
12-19 15:31:35.829   988   999 D PowerManagerService: updateUserActivitySummaryLocked: mWakefulness=Awake, mUserActivitySummary=0x1, nextTimeout=24838914 (in 1777808 ms)
12-19 15:31:35.829   988   999 D DisplayPowerController: requestPowerState: policy=BRIGHT, useProximitySensor=false, screenBrightness=102, screenAutoBrightnessAdjustment=1.0, brightnessSetByUser=true, useAutoBrightness=true, blockScreenOn=false, lowPowerMode=false, boostScreenBrightness=false, dozeScreenBrightness=-1, dozeScreenState=UNKNOWN, waitForNegativeProximity=false
12-19 15:31:35.829   988   999 I PowerManagerService: setBrightness mButtonLight 0.
12-19 15:31:35.829   988   999 D PowerManagerService: updateDisplayPowerStateLocked: mDisplayReady=true, policy=3, mWakefulness=1, mWakeLockSummary=0x0, mUserActivitySummary=0x1, mBootCompleted=true, mScreenBrightnessBoostInProgress=false
12-19 15:31:35.830   988   999 D PowerManagerService: Releasing suspend blocker "PowerManagerService.WakeLocks".
12-19 15:31:35.832   988  1002 D ConnectivityService: getActiveNetworkInfo networkInfo = null
12-19 15:31:35.833   988  4179 D CSLegacyTypeTracker: getNetworkForType type 1
12-19 15:31:35.834  3759  3896 I keyPushLog: LSF_DEVICE_PUSH: in zuk net: wifi
12-19 15:31:35.835   988  1623 D ConnectivityService: getActiveNetworkInfo networkInfo = null
12-19 15:31:35.835   988  1450 D CSLegacyTypeTracker: getNetworkForType type 1
12-19 15:31:35.836  3759  3896 I keyPushLog: LSF_DEVICE_PUSH: in zuk net: wifi
12-19 15:31:35.836  3759  3896 D SettingsInterface:  from settings cache , name = lsf_push_reg , value = []
12-19 15:31:35.836   988  4082 V AlarmManager: APP set(PendingIntent{782d4e8: PendingIntentRecord{79c7df com.lenovo.lsf.device startService}}) : type=1 triggerAtTime=1513704995836 win=-1 tElapsed=29189113 maxElapsed=29414113 interval=0 flags=0x0
12-19 15:31:35.837   988  4082 D AlarmManager:  whichBatch = -1
12-19 15:31:35.837  3759  3896 D SettingsInterface:  from settings cache , name = lsf_device_push_switch , value = null
12-19 15:31:35.837   988  4083 D ConnectivityService: getActiveNetworkInfo networkInfo = null
12-19 15:31:35.837   988  1622 D CSLegacyTypeTracker: getNetworkForType type 1
12-19 15:31:35.838   988  1451 D CSLegacyTypeTracker: getNetworkForType type 0
12-19 15:31:35.838  3759  3896 I keyPushLog: LSF_DEVICE_PUSH: net: 
12-19 15:31:35.838  3759  3896 I keyPushLog: LSF_DEVICE_PUSH:Net unavailable, stop.
12-19 15:31:35.839  3759  3759 D ActivityThread: SVC-SERVICE_ARGS handled : 0 / ServiceArgsData{token=android.os.BinderProxy@33f698a startId=55 args=Intent { act=com.lenovo.lsf.intent.internal.START_ALL_SERVICE flg=0x104 cmp=com.lenovo.lsf.device/com.lenovo.lsf.push.service.PushService (has extras) }}
12-19 15:31:35.925   988  1015 D AutoBrightnessLenovo.LightSensorSample: onSensorChanged: lux = 534.0
12-19 15:31:35.925   988  1015 D AutoBrightnessLenovo: updateAmbientLux: Scheduling ambient lux update for 2306270223062702 (in 1500 ms)
12-19 15:31:36.002   988  1015 I LcdStepRate: mHandler: on msg MSG_RESET_LCD_STEP_RATE
12-19 15:31:36.205   387   387 I thermal_repeater: oh, queryMdThermalInfo (0)Connection refused
12-19 15:31:36.224   387   387 I thermal_repeater: [recvMdThermalInfo] ret=27, strLen=127,  3, 42, -127, -1, 32767, 17
12-19 15:31:36.424   988  1015 D AutoBrightnessLenovo.LightSensorSample: onSensorChanged: lux = 523.0
12-19 15:31:36.425   988  1015 D AutoBrightnessLenovo: updateAmbientLux: Scheduling ambient lux update for 2306320123063201 (in 1499 ms)
12-19 15:31:36.453  4658  4675 I PerfService: PerfServiceNative_getPackName
12-19 15:31:36.454   988  6700 I libPerfService: perfGetLastBoostPid 3460
12-19 15:31:36.454   988  6700 D PerfServiceManager: [PerfService] getLastBoostPid 3460 
12-19 15:31:36.454   988  6700 I libPerfService: perfGetLastBoostPid 3460
12-19 15:31:36.686   290  1717 I BufferQueueProducer: [StatusBar](this:0x7fa4a3b400,id:5,api:1,p:1121,c:290) queueBuffer: fps=0.66 dur=1523.08 max=1523.08 min=1523.08
12-19 15:31:36.706   290   290 I SurfaceFlinger: [Built-in Screen (type:0)] fps:0.659664,dur:1515.92,max:1515.92,min:1515.92
12-19 15:31:36.802   988  1015 I LcdStepRate: mHandler: on msg MSG_RESET_LCD_STEP_RATE
12-19 15:31:36.923   988  1015 D AutoBrightnessLenovo.LightSensorSample: onSensorChanged: lux = 543.0
12-19 15:31:36.923   988  1015 D AutoBrightnessLenovo: updateAmbientLux: Scheduling ambient lux update for 2306370123063701 (in 1500 ms)
12-19 15:31:37.424   988  1015 D AutoBrightnessLenovo.LightSensorSample: onSensorChanged: lux = 535.0
12-19 15:31:37.424   988  1015 D AutoBrightnessLenovo: updateAmbientLux: Scheduling ambient lux update for 2306420123064201 (in 1499 ms)
12-19 15:31:37.455  4658  4675 I PerfService: PerfServiceNative_getPackName
12-19 15:31:37.456   988  4079 I libPerfService: perfGetLastBoostPid 3460
12-19 15:31:37.457   988  4079 D PerfServiceManager: [PerfService] getLastBoostPid 3460 
12-19 15:31:37.457   988  4079 I libPerfService: perfGetLastBoostPid 3460
12-19 15:31:37.603   988  1015 I LcdStepRate: mHandler: on msg MSG_RESET_LCD_STEP_RATE
12-19 15:31:37.924   988  1015 D AutoBrightnessLenovo.LightSensorSample: onSensorChanged: lux = 517.0
12-19 15:31:37.924   988  1015 D AutoBrightnessLenovo: updateAmbientLux: Scheduling ambient lux update for 2306470123064701 (in 1499 ms)
12-19 15:31:38.183   290   313 I BufferQueueProducer: [StatusBar](this:0x7fa4a3b400,id:5,api:1,p:1121,c:290) queueBuffer: fps=0.67 dur=1497.19 max=1497.19 min=1497.19
12-19 15:31:38.207   290   290 I SurfaceFlinger: [Built-in Screen (type:0)] fps:0.666447,dur:1500.50,max:1500.50,min:1500.50
12-19 15:31:38.403   988  1015 I LcdStepRate: mHandler: on msg MSG_RESET_LCD_STEP_RATE
12-19 15:31:38.424   988  1015 D AutoBrightnessLenovo.LightSensorSample: onSensorChanged: lux = 540.0
12-19 15:31:38.425   988  1015 D AutoBrightnessLenovo: updateAmbientLux: Scheduling ambient lux update for 2306520223065202 (in 1500 ms)
12-19 15:31:38.458  4658  4675 I PerfService: PerfServiceNative_getPackName
12-19 15:31:38.458   988  4083 I libPerfService: perfGetLastBoostPid 3460
12-19 15:31:38.458   988  4083 D PerfServiceManager: [PerfService] getLastBoostPid 3460 
12-19 15:31:38.459   988  4083 I libPerfService: perfGetLastBoostPid 3460
12-19 15:31:38.924   988  1015 D AutoBrightnessLenovo.LightSensorSample: onSensorChanged: lux = 519.0
12-19 15:31:38.925   988  1015 D AutoBrightnessLenovo: updateAmbientLux: Scheduling ambient lux update for 2306570223065702 (in 1500 ms)
12-19 15:31:39.204   988  1015 I LcdStepRate: mHandler: on msg MSG_RESET_LCD_STEP_RATE
12-19 15:31:39.424   988  1015 D AutoBrightnessLenovo.LightSensorSample: onSensorChanged: lux = 531.0
12-19 15:31:39.425   988  1015 D AutoBrightnessLenovo: updateAmbientLux: Scheduling ambient lux update for 2306620123066201 (in 1499 ms)
12-19 15:31:39.460  4658  4675 I PerfService: PerfServiceNative_getPackName
12-19 15:31:39.461   988  1622 I libPerfService: perfGetLastBoostPid 3460
12-19 15:31:39.461   988  1622 D PerfServiceManager: [PerfService] getLastBoostPid 3460 
12-19 15:31:39.461   988  1622 I libPerfService: perfGetLastBoostPid 3460
12-19 15:31:39.680   290  3199 I BufferQueueProducer: [StatusBar](this:0x7fa4a3b400,id:5,api:1,p:1121,c:290) queueBuffer: fps=0.67 dur=1496.99 max=1496.99 min=1496.99
12-19 15:31:39.690   290   290 I SurfaceFlinger: [Built-in Screen (type:0)] fps:0.674161,dur:1483.33,max:1483.33,min:1483.33
12-19 15:31:39.924   988  1015 D AutoBrightnessLenovo.LightSensorSample: onSensorChanged: lux = 540.0
12-19 15:31:39.925   988  1015 D AutoBrightnessLenovo: updateAmbientLux: Scheduling ambient lux update for 2306670123066701 (in 1499 ms)
12-19 15:31:40.005   988  1015 I LcdStepRate: mHandler: on msg MSG_RESET_LCD_STEP_RATE
12-19 15:31:40.224 20671 20739 D MAL-Daemon:  (void* rilproxy_urc_threa,  964) URC = (+ECSQ: 19,34,1,1,1,-42,-427,7,24
12-19 15:31:40.224 20671 20739 D MAL-Daemon: )
12-19 15:31:40.224 20671 20739 W MAL-Daemon:  (    mdfx_task_send_event,  636) mdfx_task_send_event(): [ACT] should NOT enter this leagcy API!!
12-19 15:31:40.224 20671 20739 W MAL-Daemon:  (    mdfx_task_send_event,  636) mdfx_task_send_event(): [ACT] should NOT enter this leagcy API!!
12-19 15:31:40.225 20671 20713 I MAL-Daemon:  (             rds_ru_task,  445) [RDS-I][RU][rds_ru_task] RCV Event: 104 
12-19 15:31:40.225 20671 20713 I MAL-Daemon:  (         rds_ru_urc_hdlr, 1733) [RDS-I][RDS][rds_ru_urc_hdlr] get URC: +ECSQ: 19,34,1,1,1,-42,-427,7,24
12-19 15:31:40.225 20671 20713 I MAL-Daemon: 
12-19 15:31:40.225 20671 20713 I MAL-Daemon:  (     ru_parse_3gppsigval, 1458) [RDS-I][RDS][ru_parse_3gppsigval] 3gppsigval #args act<7>
12-19 15:31:40.226 20671 20695 D MAL-Daemon:  (          atmngr_urc_hdl,  206) atmngr_urc_hdl(): [AT_URC] "
12-19 15:31:40.226 20671 20695 D MAL-Daemon: +ECSQ: 19,34,1,1,1,-42,-427,7,24
12-19 15:31:40.226 20671 20695 D MAL-Daemon: "!!
12-19 15:31:40.424   988  1015 D AutoBrightnessLenovo.LightSensorSample: onSensorChanged: lux = 533.0
12-19 15:31:40.425   988  1015 D AutoBrightnessLenovo: updateAmbientLux: Scheduling ambient lux update for 2306720223067202 (in 1500 ms)
12-19 15:31:40.463  4658  4675 I PerfService: PerfServiceNative_getPackName
12-19 15:31:40.464   988  1623 I libPerfService: perfGetLastBoostPid 3460
12-19 15:31:40.464   988  1623 D PerfServiceManager: [PerfService] getLastBoostPid 3460 
12-19 15:31:40.464   988  1623 I libPerfService: perfGetLastBoostPid 3460
12-19 15:31:40.806   988  1015 I LcdStepRate: mHandler: on msg MSG_RESET_LCD_STEP_RATE
12-19 15:31:40.924   988  1015 D AutoBrightnessLenovo.LightSensorSample: onSensorChanged: lux = 528.0
12-19 15:31:40.925   988  1015 D AutoBrightnessLenovo: updateAmbientLux: Scheduling ambient lux update for 2306770123067701 (in 1499 ms)
12-19 15:31:41.178   290   311 I BufferQueueProducer: [StatusBar](this:0x7fa4a3b400,id:5,api:1,p:1121,c:290) queueBuffer: fps=0.67 dur=1498.35 max=1498.35 min=1498.35
12-19 15:31:41.189   290   290 I SurfaceFlinger: [Built-in Screen (type:0)] fps:0.667092,dur:1499.04,max:1499.04,min:1499.04
12-19 15:31:41.228   387   387 I thermal_repeater: select timeout
12-19 15:31:41.424   988  1015 D AutoBrightnessLenovo.LightSensorSample: onSensorChanged: lux = 539.0
12-19 15:31:41.425   988  1015 D AutoBrightnessLenovo: updateAmbientLux: Scheduling ambient lux update for 2306820223068202 (in 1500 ms)
12-19 15:31:41.466  4658  4675 I PerfService: PerfServiceNative_getPackName
12-19 15:31:41.467   988  1622 I libPerfService: perfGetLastBoostPid 3460
12-19 15:31:41.467   988  1622 D PerfServiceManager: [PerfService] getLastBoostPid 3460 
12-19 15:31:41.467   988  1622 I libPerfService: perfGetLastBoostPid 3460
12-19 15:31:41.607   988  1015 I LcdStepRate: mHandler: on msg MSG_RESET_LCD_STEP_RATE
12-19 15:31:41.925   988  1015 D AutoBrightnessLenovo.LightSensorSample: onSensorChanged: lux = 542.0
12-19 15:31:41.925   988  1015 D AutoBrightnessLenovo: updateAmbientLux: Scheduling ambient lux update for 2306870223068702 (in 1500 ms)
12-19 15:31:42.409   988  1015 I LcdStepRate: mHandler: on msg MSG_RESET_LCD_STEP_RATE
12-19 15:31:42.424   988  1015 D AutoBrightnessLenovo.LightSensorSample: onSensorChanged: lux = 547.0
12-19 15:31:42.425   988  1015 D AutoBrightnessLenovo: updateAmbientLux: Scheduling ambient lux update for 2306920223069202 (in 1500 ms)
12-19 15:31:42.468  4658  4675 I PerfService: PerfServiceNative_getPackName
12-19 15:31:42.469   988  1451 I libPerfService: perfGetLastBoostPid 3460
12-19 15:31:42.469   988  1451 D PerfServiceManager: [PerfService] getLastBoostPid 3460 
12-19 15:31:42.469   988  1451 I libPerfService: perfGetLastBoostPid 3460
12-19 15:31:42.691   290  3657 I BufferQueueProducer: [StatusBar](this:0x7fa4a3b400,id:5,api:1,p:1121,c:290) queueBuffer: fps=0.66 dur=1512.97 max=1512.97 min=1512.97
12-19 15:31:42.705   290   290 I SurfaceFlinger: [Built-in Screen (type:0)] fps:0.659544,dur:1516.20,max:1516.20,min:1516.20
12-19 15:31:42.924   988  1015 D AutoBrightnessLenovo.LightSensorSample: onSensorChanged: lux = 549.0
12-19 15:31:42.925   988  1015 D AutoBrightnessLenovo: updateAmbientLux: Scheduling ambient lux update for 2306970223069702 (in 1500 ms)
12-19 15:31:43.209   988  1015 I LcdStepRate: mHandler: on msg MSG_RESET_LCD_STEP_RATE
12-19 15:31:43.424   988  1015 D AutoBrightnessLenovo.LightSensorSample: onSensorChanged: lux = 525.0
12-19 15:31:43.425   988  1015 D AutoBrightnessLenovo: updateAmbientLux: Scheduling ambient lux update for 2307020223070202 (in 1500 ms)
12-19 15:31:43.471  4658  4675 I PerfService: PerfServiceNative_getPackName
12-19 15:31:43.471   988   998 I libPerfService: perfGetLastBoostPid 3460
12-19 15:31:43.472   988   998 D PerfServiceManager: [PerfService] getLastBoostPid 3460 
12-19 15:31:43.472   988   998 I libPerfService: perfGetLastBoostPid 3460
12-19 15:31:43.924   988  1015 D AutoBrightnessLenovo.LightSensorSample: onSensorChanged: lux = 507.0
12-19 15:31:43.925   988  1015 D AutoBrightnessLenovo: updateAmbientLux: Scheduling ambient lux update for 2307070223070702 (in 1500 ms)
12-19 15:31:44.010   988  1015 I LcdStepRate: mHandler: on msg MSG_RESET_LCD_STEP_RATE
12-19 15:31:44.189   290  1717 I BufferQueueProducer: [StatusBar](this:0x7fa4a3b400,id:5,api:1,p:1121,c:290) queueBuffer: fps=0.67 dur=1497.58 max=1497.58 min=1497.58
12-19 15:31:44.205   290   290 I SurfaceFlinger: [Built-in Screen (type:0)] fps:0.666846,dur:1499.60,max:1499.60,min:1499.60
12-19 15:31:44.217 20671 21136 I MAL-Daemon:  (    ru_mdmngr_send_atcmd, 1931) [RDS-I][RDS][RU][ru_mdmngr_send_atcmd] try to send ATcmd : AT+ECSQ 
12-19 15:31:44.217 20671 21136 I MAL-Daemon:  (    ru_mdmngr_send_atcmd, 1940) [RDS-I][RDS][RU][ru_mdmngr_send_atcmd] ru_check_ctx_ptr<0xf6073c9c, 0xf6073c9c>
12-19 15:31:44.217 20671 21136 W MAL-Daemon:  (    mdfx_task_send_event,  636) mdfx_task_send_event(): [ACT] should NOT enter this leagcy API!!
12-19 15:31:44.218 20671 21136 I MAL-Daemon:  (    ru_send_event_entity,  350) [RDS-I][RDS][RU][ru_send_event_entity] send event 101 to 101 with ret(0)
12-19 15:31:44.218 20671 20702 D MAL-Daemon:  (         mdmngr_task_hdl,   36) mdmngr_task_hdl(), receive event = 101 (vendor/mediatek/proprietary/frameworks/opt/mal/entity/mdmngr/mdmngr.c:36)
12-19 15:31:44.218 20671 20702 D MAL-Daemon:  (         mdmngr_task_hdl,   67) EVENT_MDMNGR_ATCMD_REQ@MDMNGR, priv_data = f732e800, channel = 1, cmd = (AT+ECSQ) (vendor/mediatek/proprietary/frameworks/opt/mal/entity/mdmngr/mdmngr.c:67)
12-19 15:31:44.219 20671 20702 W MAL-Daemon:  (    mdfx_task_send_event,  636) mdfx_task_send_event(): [ACT] should NOT enter this leagcy API!!
12-19 15:31:44.219 20671 20740 I MAL-Daemon:  ( mdfx_event_do_statistic,  153) mdfx_event_do_statistic(): [STATISTIC] TID = 20740 has used 9899044 bytes!!
12-19 15:31:44.219 20671 20740 E MAL-Daemon:  (void* rilproxy_task_hdl(,  439) rilproxy_task_hdl(), receive event = 401
12-19 15:31:44.219 20671 20740 D MAL-Daemon:  (int rilproxy_send_ril_re,  320) send ril request, request_id = 2130, serial_no = 18400, length = 18000000, send_size = 24(18), fd = 31
12-19 15:31:44.235 20671 20738 D MAL-Daemon:  (void* rilproxy_cmd_resp_,  670) recv ril resp, length = 60, type = 0, result = 0, serial_no = 18400
12-19 15:31:44.235 20671 20738 D MAL-Daemon:  (void* rilproxy_cmd_resp_,  676) event_id = 401
12-19 15:31:44.236 20671 20702 D MAL-Daemon:  (         mdmngr_task_hdl,   36) mdmngr_task_hdl(), receive event = 102 (vendor/mediatek/proprietary/frameworks/opt/mal/entity/mdmngr/mdmngr.c:36)
12-19 15:31:44.236 20671 20702 D MAL-Daemon:  (         mdmngr_task_hdl,  115) EVENT_MDMNGR_ATCMD_RESP@MDMNGR (vendor/mediatek/proprietary/frameworks/opt/mal/entity/mdmngr/mdmngr.c:115)
12-19 15:31:44.236 20671 20702 D MAL-Daemon:  (         mdmngr_task_hdl,  122) event_req = f732e800, ID = 101 (vendor/mediatek/proprietary/frameworks/opt/mal/entity/mdmngr/mdmngr.c:122)
12-19 15:31:44.236 20671 20702 D MAL-Daemon:  (         mdmngr_task_hdl,  125) atcmd_resp->priv_data = f63c2060 (vendor/mediatek/proprietary/frameworks/opt/mal/entity/mdmngr/mdmngr.c:125)
12-19 15:31:44.237 20671 20713 I MAL-Daemon:  (             rds_ru_task,  445) [RDS-I][RU][rds_ru_task] RCV Event: 102 
12-19 15:31:44.237 20671 20713 I MAL-Daemon:  (rds_ru_mdmngr_atrsp_hndl, 2186) [RDS-I][RDS][RU][rds_ru_mdmngr_atrsp_hndl] get AT resp: +ECSQ: 19,34,1,1,1,-42,-427,7,24
12-19 15:31:44.237 20671 20713 I MAL-Daemon: 
12-19 15:31:44.237 20671 20713 I MAL-Daemon: OK
12-19 15:31:44.237 20671 20713 I MAL-Daemon: 
12-19 15:31:44.237 20671 20713 I MAL-Daemon:  (     ru_parse_3gppsigval, 1458) [RDS-I][RDS][ru_parse_3gppsigval] 3gppsigval #args act<7>
12-19 15:31:44.424   988  1015 D AutoBrightnessLenovo.LightSensorSample: onSensorChanged: lux = 529.0
12-19 15:31:44.425   988  1015 D AutoBrightnessLenovo: updateAmbientLux: Scheduling ambient lux update for 2307120223071202 (in 1500 ms)
12-19 15:31:44.473  4658  4675 I PerfService: PerfServiceNative_getPackName
12-19 15:31:44.474   988  4080 I libPerfService: perfGetLastBoostPid 3460
12-19 15:31:44.474   988  4080 D PerfServiceManager: [PerfService] getLastBoostPid 3460 
12-19 15:31:44.474   988  4080 I libPerfService: perfGetLastBoostPid 3460
12-19 15:31:44.810   988  1015 I LcdStepRate: mHandler: on msg MSG_RESET_LCD_STEP_RATE
12-19 15:31:44.924   988  1015 D AutoBrightnessLenovo.LightSensorSample: onSensorChanged: lux = 542.0
12-19 15:31:44.925   988  1015 D AutoBrightnessLenovo: updateAmbientLux: Scheduling ambient lux update for 2307170223071702 (in 1500 ms)
12-19 15:31:45.344 20671 20739 D MAL-Daemon:  (void* rilproxy_urc_threa,  964) URC = (+ECSQ: 18,33,1,1,1,-43,-429,7,24
12-19 15:31:45.344 20671 20739 D MAL-Daemon: )
12-19 15:31:45.344 20671 20739 W MAL-Daemon:  (    mdfx_task_send_event,  636) mdfx_task_send_event(): [ACT] should NOT enter this leagcy API!!
12-19 15:31:45.344 20671 20739 W MAL-Daemon:  (    mdfx_task_send_event,  636) mdfx_task_send_event(): [ACT] should NOT enter this leagcy API!!
12-19 15:31:45.345 20671 20713 I MAL-Daemon:  (             rds_ru_task,  445) [RDS-I][RU][rds_ru_task] RCV Event: 104 
12-19 15:31:45.345 20671 20713 I MAL-Daemon:  (         rds_ru_urc_hdlr, 1733) [RDS-I][RDS][rds_ru_urc_hdlr] get URC: +ECSQ: 18,33,1,1,1,-43,-429,7,24
12-19 15:31:45.345 20671 20713 I MAL-Daemon: 
12-19 15:31:45.345 20671 20713 I MAL-Daemon:  (     ru_parse_3gppsigval, 1458) [RDS-I][RDS][ru_parse_3gppsigval] 3gppsigval #args act<7>
12-19 15:31:45.346 20671 20713 I MAL-Daemon:  (         rds_ru_urc_hdlr, 1913) [RDS-I][RDS][RU][rds_ru_urc_hdlr] Update 3GPP STATUS rsrp<-108> rsrq<18> regstat<6> 
12-19 15:31:45.346 20671 20713 I MAL-Daemon:  (         rds_ru_urc_hdlr, 1915) [RDS-I][RDS][RU][rds_ru_urc_hdlr] ru_check_ctx_ptr<0xf6073c9c, 0xf6073c9c>
12-19 15:31:45.346 20671 20713 W MAL-Daemon:  (    mdfx_task_send_event,  636) mdfx_task_send_event(): [ACT] should NOT enter this leagcy API!!
12-19 15:31:45.346 20671 20713 I MAL-Daemon:  (    ru_send_event_entity,  350) [RDS-I][RDS][RU][ru_send_event_entity] send event 605 to 602 with ret(0)
12-19 15:31:45.346 20671 20713 I MAL-Daemon:  (             rds_ru_task,  445) [RDS-I][RU][rds_ru_task] RCV Event: 605 
12-19 15:31:45.346 20671 20713 I MAL-Daemon:  (  rds_ru_3gpp_status_ind, 1390) [RDS-I][RU][EVENT_RU_DM_3GPP_STATUS_IND] i4ltersrp:-108, i4ltersrq:18, u43gpp_status:0x6
12-19 15:31:45.346 20671 20713 E MAL-Daemon:  (  rds_ru_3gpp_status_ind, 1421) [RDS-E][RU][EVENT_RU_DM_3GPP_STATUS_IND] Invalid u43gpp_status:0x6
12-19 15:31:45.347 20671 20713 I MAL-Daemon:  (          rds_ru_rpl_gen, 4866) [RDS-I][RU][rds_ru_rpl_gen][RDS][OP0] TYPE : <0>, UI Policy : <3>, RDS Policy : <3>
12-19 15:31:45.347 20671 20713 I MAL-Daemon:  (      rds_cell_only_orng, 3608) [RDS-I][RU][RDS IMS/MMS][rds_cell_only_orng] 
12-19 15:31:45.347 20671 20713 I MAL-Daemon:  (          rds_ru_rpl_gen, 4877) [RDS-I][RU][rds_ru_rpl_gen][RDS][OP0] TYPE : <0>, RAN1 : <254> ,RAN2 : <254>
12-19 15:31:45.347 20671 20713 I MAL-Daemon:  (          rds_ru_rpl_gen, 4866) [RDS-I][RU][rds_ru_rpl_gen][RDS][OP0] TYPE : <1>, UI Policy : <3>, RDS Policy : <3>
12-19 15:31:45.347 20671 20713 I MAL-Daemon:  (      rds_cell_only_orng, 3608) [RDS-I][RU][RDS IMS/MMS][rds_cell_only_orng] 
