12-19 15:31:45.347 20671 20713 I MAL-Daemon:  (          rds_ru_rpl_gen, 4877) [RDS-I][RU][rds_ru_rpl_gen][RDS][OP0] TYPE : <1>, RAN1 : <254> ,RAN2 : <254>
12-19 15:31:45.347 20671 20713 I MAL-Daemon:  (          rds_ru_rpl_gen, 4866) [RDS-I][RU][rds_ru_rpl_gen][RDS][OP0] TYPE : <2>, UI Policy : <3>, RDS Policy : <3>
12-19 15:31:45.348 20671 20713 I MAL-Daemon:  (      rds_cell_only_orng, 3608) [RDS-I][RU][RDS IMS/MMS][rds_cell_only_orng] 
12-19 15:31:45.348 20671 20713 I MAL-Daemon:  (          rds_ru_rpl_gen, 4877) [RDS-I][RU][rds_ru_rpl_gen][RDS][OP0] TYPE : <2>, RAN1 : <254> ,RAN2 : <254>
12-19 15:31:45.348 20671 20713 I MAL-Daemon:  (          rds_ru_rpl_gen, 4866) [RDS-I][RU][rds_ru_rpl_gen][RDS][OP0] TYPE : <3>, UI Policy : <3>, RDS Policy : <3>
12-19 15:31:45.348 20671 20713 I MAL-Daemon:  (          rds_ru_rpl_gen, 4877) [RDS-I][RU][rds_ru_rpl_gen][RDS][OP0] TYPE : <3>, RAN1 : <1> ,RAN2 : <255>
12-19 15:31:45.348 20671 20713 I MAL-Daemon:  (          rds_ru_rpl_gen, 4866) [RDS-I][RU][rds_ru_rpl_gen][RDS][OP0] TYPE : <4>, UI Policy : <3>, RDS Policy : <3>
12-19 15:31:45.348 20671 20713 I MAL-Daemon:  (          rds_ru_rpl_gen, 4877) [RDS-I][RU][rds_ru_rpl_gen][RDS][OP0] TYPE : <4>, RAN1 : <1> ,RAN2 : <255>
12-19 15:31:45.348 20671 20713 I MAL-Daemon:  (          rds_ru_rpl_gen, 4866) [RDS-I][RU][rds_ru_rpl_gen][RDS][OP0] TYPE : <5>, UI Policy : <3>, RDS Policy : <3>
12-19 15:31:45.349 20671 20713 I MAL-Daemon:  (          rds_ru_rpl_gen, 4877) [RDS-I][RU][rds_ru_rpl_gen][RDS][OP0] TYPE : <5>, RAN1 : <1> ,RAN2 : <255>
12-19 15:31:45.349 20671 20713 I MAL-Daemon:  (          rds_ru_rpl_gen, 4877) [RDS-I][RU][rds_ru_rpl_gen][RDS][OP0] TYPE : <6>, RAN1 : <254> ,RAN2 : <254>
12-19 15:31:45.349 20671 20713 I MAL-Daemon:  (    rds_op_check_feature,  304) [RDS-I][RDS][OP][rds_op_check_feature] operator id(0) check feature<0>, curr_opmsk is <1>, sys_opmsk is <0x0001, 1>
12-19 15:31:45.349 20671 20713 I MAL-Daemon:  (  rds_ru_ims_vops_update, 4666) [RDS-I][RU][rds_ru_ims_vops_update][RDS IMS]Policy type: 0 IMS VOPS IE is Disabled, update IMS RPL from Ori:(254, 254) New:(254,254)
12-19 15:31:45.349 20671 20713 I MAL-Daemon:  (  rds_ru_ims_vops_update, 4666) [RDS-I][RU][rds_ru_ims_vops_update][RDS IMS]Policy type: 1 IMS VOPS IE is Disabled, update IMS RPL from Ori:(254, 254) New:(254,254)
12-19 15:31:45.349 20671 20713 I MAL-Daemon:  (  rds_ru_ims_vops_update, 4666) [RDS-I][RU][rds_ru_ims_vops_update][RDS IMS]Policy type: 2 IMS VOPS IE is Disabled, update IMS RPL from Ori:(254, 254) New:(254,254)
12-19 15:31:45.350 20671 20713 I MAL-Daemon:  (          rds_ru_rpl_gen, 4901) [RDS-I][RU][rds_ru_rpl_gen][RDS] Current policy: fgimsolte_en<0>, fgwfc_en<0>, erdspolicy<3>, 
12-19 15:31:45.350 20671 20713 I MAL-Daemon:  (          rds_ru_rpl_gen, 4904) [RDS-I][RU][rds_ru_rpl_gen][RDS] Threshold i4wifirssih<-75>, i4wifirssil<-85>, i4wifirssih_ho<-78>, i4wifirssil_ho<-88>, i4wifisnrh<10>, i4wifisnrl<6>
12-19 15:31:45.350 20671 20713 I MAL-Daemon:  (          rds_ru_rpl_gen, 4907) [RDS-I][RU][rds_ru_rpl_gen][RDS] Threshold i4ltersrph<-106>, i4ltersrpm<-111>, i4ltersrpl<-116>, i4ltersrqh<5>, i4ltersrqm<3>, i4ltersrql<1>
12-19 15:31:45.350 20671 20713 I MAL-Daemon:  (          rds_ru_rpl_gen, 4910) [RDS-I][RU][rds_ru_rpl_gen][RDS] current rds ru status: i4wifirssi<-127>, i4wifisnr<0>, i4ltersrp<-108>, i4ltersrq<18>, u4active_ran<65538> 
12-19 15:31:45.350 20671 20713 I MAL-Daemon:  (          rds_ru_rpl_gen, 4913) [RDS-I][RU][rds_ru_rpl_gen][RDS] current wifi backhaul : rtp_plr<0>, rtp_jitter<0>, ping_ind<0>
12-19 15:31:45.350 20671 20713 I MAL-Daemon:  (          rds_ru_rpl_gen, 4916) [RDS-I][RU][rds_ru_rpl_gen][RDS] Call stat : IR92<0>, IR94<0> 
12-19 15:31:45.350 20671 20713 I MAL-Daemon:  (          rds_ru_rpl_gen, 4922) [RDS-I][RU][RDS IMS/MMS][rds_ru_rpl_gen] Ori:(254,254)/(1,255) New:(254,254)/(1,255)
12-19 15:31:45.351 20671 20713 I MAL-Daemon:  (          rds_ru_rpl_gen, 4927) [RDS-I][RU][RDS IMS/MMS WIFI][rds_ru_rpl_gen] Ori:(254,254)/(1,255) New:(254,254)/(1,255)
12-19 15:31:45.351 20671 20713 I MAL-Daemon:  (          rds_ru_rpl_gen, 4932) [RDS-I][RU][RDS IMS/MMS CELL][rds_ru_rpl_gen] Ori:(254,254)/(1,255) New:(254,254)/(1,255)
12-19 15:31:45.351 20671 20713 I MAL-Daemon:  (          rds_ru_rpl_gen, 4936) [RDS-I][RU][RDS EMG][rds_ru_rpl_gen] Ori:(254,254) New:(254,254)
12-19 15:31:45.351 20671 20695 D MAL-Daemon:  (          atmngr_urc_hdl,  206) atmngr_urc_hdl(): [AT_URC] "
12-19 15:31:45.351 20671 20695 D MAL-Daemon: +ECSQ: 18,33,1,1,1,-43,-429,7,24
12-19 15:31:45.351 20671 20695 D MAL-Daemon: "!!
12-19 15:31:45.367   988  4082 V ActivityManager: Broadcast sticky: Intent { act=android.intent.action.SIG_STR flg=0x20000010 (has extras) } ordered=false userid=-1 callerApp=ProcessRecord{313d9ba 988:system/1000}
12-19 15:31:45.368   988  4082 D RestrictedPackageService: filterBroadcastReceiver for android.intent.action.SIG_STR
12-19 15:31:45.368   988  1004 V ActivityManager_MU: isSingleton(com.lenovo.ideafriend, ApplicationInfo{3038701 com.lenovo.ideafriend}, com.lenovo.ideafriend.mms.android.transaction.MmsSystemEventReceiver, 0x0) = false
12-19 15:31:45.373  3043  3043 D ActivityThread: BDC-Calling onReceive: intent=Intent { act=android.intent.action.SIG_STR flg=0x20000010 cmp=com.lenovo.ideafriend/.mms.android.transaction.MmsSystemEventReceiver (has extras) }, receiver=com.lenovo.ideafriend.mms.android.transaction.MmsSystemEventReceiver@ea747a9
12-19 15:31:45.373  3043  3043 D Mms     : onReceive(): intent=Intent { act=android.intent.action.SIG_STR flg=0x20000010 cmp=com.lenovo.ideafriend/.mms.android.transaction.MmsSystemEventReceiver (has extras) }
12-19 15:31:45.373  3043  3043 D ActivityThread: BDC-Calling onReceive end receiver=class com.lenovo.ideafriend.mms.android.transaction.MmsSystemEventReceiver
12-19 15:31:45.375  3043  3043 D ActivityThread: BDC-RECEIVER handled : 0 / ReceiverData{intent=Intent { act=android.intent.action.SIG_STR flg=0x20000010 cmp=com.lenovo.ideafriend/.mms.android.transaction.MmsSystemEventReceiver (has extras) } packageName=com.lenovo.ideafriend resultCode=-1 resultData=null resultExtras=null}
12-19 15:31:45.423   988  1015 D AutoBrightnessLenovo.LightSensorSample: onSensorChanged: lux = 517.0
12-19 15:31:45.423   988  1015 D AutoBrightnessLenovo: updateAmbientLux: Scheduling ambient lux update for 2307220123072201 (in 1500 ms)
12-19 15:31:45.475  4658  4675 I PerfService: PerfServiceNative_getPackName
12-19 15:31:45.475   988  1622 I libPerfService: perfGetLastBoostPid 3460
12-19 15:31:45.475   988  1622 D PerfServiceManager: [PerfService] getLastBoostPid 3460 
12-19 15:31:45.475   988  1622 I libPerfService: perfGetLastBoostPid 3460
12-19 15:31:45.611   988  1015 I LcdStepRate: mHandler: on msg MSG_RESET_LCD_STEP_RATE
12-19 15:31:45.684   290   313 I BufferQueueProducer: [StatusBar](this:0x7fa4a3b400,id:5,api:1,p:1121,c:290) queueBuffer: fps=0.67 dur=1495.57 max=1495.57 min=1495.57
12-19 15:31:45.705   290   290 I SurfaceFlinger: [Built-in Screen (type:0)] fps:0.666576,dur:1500.20,max:1500.20,min:1500.20
12-19 15:31:45.924   988  1015 D AutoBrightnessLenovo.LightSensorSample: onSensorChanged: lux = 533.0
12-19 15:31:45.925   988  1015 D AutoBrightnessLenovo: updateAmbientLux: Scheduling ambient lux update for 2307270223072702 (in 1500 ms)
12-19 15:31:46.229   387   387 I thermal_repeater: oh, queryMdThermalInfo (0)Connection refused
12-19 15:31:46.250   387   387 I thermal_repeater: [recvMdThermalInfo] ret=27, strLen=127,  3, 42, -127, -1, 32767, 17
12-19 15:31:46.411   988  1015 I LcdStepRate: mHandler: on msg MSG_RESET_LCD_STEP_RATE
12-19 15:31:46.424   988  1015 D AutoBrightnessLenovo.LightSensorSample: onSensorChanged: lux = 515.0
12-19 15:31:46.425   988  1015 D AutoBrightnessLenovo: updateAmbientLux: Scheduling ambient lux update for 2307320223073202 (in 1500 ms)
12-19 15:31:46.476  4658  4675 I PerfService: PerfServiceNative_getPackName
12-19 15:31:46.477   988  4179 I libPerfService: perfGetLastBoostPid 3460
12-19 15:31:46.477   988  4179 D PerfServiceManager: [PerfService] getLastBoostPid 3460 
12-19 15:31:46.477   988  4179 I libPerfService: perfGetLastBoostPid 3460
12-19 15:31:46.924   988  1015 D AutoBrightnessLenovo.LightSensorSample: onSensorChanged: lux = 498.0
12-19 15:31:46.925   988  1015 D AutoBrightnessLenovo: updateAmbientLux: Scheduling ambient lux update for 2307370223073702 (in 1500 ms)
12-19 15:31:47.182   290  3199 I BufferQueueProducer: [StatusBar](this:0x7fa4a3b400,id:5,api:1,p:1121,c:290) queueBuffer: fps=0.67 dur=1497.41 max=1497.41 min=1497.41
12-19 15:31:47.205   290   290 I SurfaceFlinger: [Built-in Screen (type:0)] fps:0.666771,dur:1499.76,max:1499.76,min:1499.76
12-19 15:31:47.212   988  1015 I LcdStepRate: mHandler: on msg MSG_RESET_LCD_STEP_RATE
12-19 15:31:47.424   988  1015 D AutoBrightnessLenovo.LightSensorSample: onSensorChanged: lux = 518.0
12-19 15:31:47.425   988  1015 D AutoBrightnessLenovo: updateAmbientLux: Scheduling ambient lux update for 2307420223074202 (in 1500 ms)
12-19 15:31:47.479  4658  4675 I PerfService: PerfServiceNative_getPackName
12-19 15:31:47.479   988  1624 I libPerfService: perfGetLastBoostPid 3460
12-19 15:31:47.480   988  1624 D PerfServiceManager: [PerfService] getLastBoostPid 3460 
12-19 15:31:47.480   988  1624 I libPerfService: perfGetLastBoostPid 3460
12-19 15:31:47.923   988  1015 D AutoBrightnessLenovo.LightSensorSample: onSensorChanged: lux = 528.0
12-19 15:31:47.923   988  1015 D AutoBrightnessLenovo: updateAmbientLux: Scheduling ambient lux update for 2307470123074701 (in 1500 ms)
12-19 15:31:48.013   988  1015 I LcdStepRate: mHandler: on msg MSG_RESET_LCD_STEP_RATE
12-19 15:31:48.424   988  1015 D AutoBrightnessLenovo.LightSensorSample: onSensorChanged: lux = 521.0
12-19 15:31:48.424   988  1015 D AutoBrightnessLenovo: updateAmbientLux: Scheduling ambient lux update for 2307520123075201 (in 1499 ms)
12-19 15:31:48.481  4658  4675 I PerfService: PerfServiceNative_getPackName
12-19 15:31:48.482   988  4080 I libPerfService: perfGetLastBoostPid 3460
12-19 15:31:48.482   988  4080 D PerfServiceManager: [PerfService] getLastBoostPid 3460 
12-19 15:31:48.482   988  4080 I libPerfService: perfGetLastBoostPid 3460
12-19 15:31:48.680   290   311 I BufferQueueProducer: [StatusBar](this:0x7fa4a3b400,id:5,api:1,p:1121,c:290) queueBuffer: fps=0.67 dur=1497.99 max=1497.99 min=1497.99
12-19 15:31:48.687   290   290 I SurfaceFlinger: [Built-in Screen (type:0)] fps:0.674623,dur:1482.31,max:1482.31,min:1482.31
12-19 15:31:48.813   988  1015 I LcdStepRate: mHandler: on msg MSG_RESET_LCD_STEP_RATE
12-19 15:31:48.924   988  1015 D AutoBrightnessLenovo.LightSensorSample: onSensorChanged: lux = 515.0
12-19 15:31:48.925   988  1015 D AutoBrightnessLenovo: updateAmbientLux: Scheduling ambient lux update for 2307570223075702 (in 1500 ms)
12-19 15:31:49.424   988  1015 D AutoBrightnessLenovo.LightSensorSample: onSensorChanged: lux = 538.0
12-19 15:31:49.425   988  1015 D AutoBrightnessLenovo: updateAmbientLux: Scheduling ambient lux update for 2307620123076201 (in 1499 ms)
12-19 15:31:49.484  4658  4675 I PerfService: PerfServiceNative_getPackName
12-19 15:31:49.486   988  6700 I libPerfService: perfGetLastBoostPid 3460
12-19 15:31:49.488   988  6700 D PerfServiceManager: [PerfService] getLastBoostPid 3460 
12-19 15:31:49.489   988  6700 I libPerfService: perfGetLastBoostPid 3460
12-19 15:31:49.614   988  1015 I LcdStepRate: mHandler: on msg MSG_RESET_LCD_STEP_RATE
12-19 15:31:49.924   988  1015 D AutoBrightnessLenovo.LightSensorSample: onSensorChanged: lux = 519.0
12-19 15:31:49.925   988  1015 D AutoBrightnessLenovo: updateAmbientLux: Scheduling ambient lux update for 2307670123076701 (in 1499 ms)
12-19 15:31:50.195   290  3657 I BufferQueueProducer: [StatusBar](this:0x7fa4a3b400,id:5,api:1,p:1121,c:290) queueBuffer: fps=0.66 dur=1514.75 max=1514.75 min=1514.75
12-19 15:31:50.203   290   290 I SurfaceFlinger: [Built-in Screen (type:0)] fps:0.659647,dur:1515.96,max:1515.96,min:1515.96
12-19 15:31:50.415   988  1015 I LcdStepRate: mHandler: on msg MSG_RESET_LCD_STEP_RATE
12-19 15:31:50.424   988  1015 D AutoBrightnessLenovo.LightSensorSample: onSensorChanged: lux = 539.0
12-19 15:31:50.425   988  1015 D AutoBrightnessLenovo: updateAmbientLux: Scheduling ambient lux update for 2307720223077202 (in 1500 ms)
12-19 15:31:50.463 20671 20739 D MAL-Daemon:  (void* rilproxy_urc_threa,  964) URC = (+ECSQ: 18,35,1,1,1,-43,-423,7,24
12-19 15:31:50.463 20671 20739 D MAL-Daemon: )
12-19 15:31:50.464 20671 20739 W MAL-Daemon:  (    mdfx_task_send_event,  636) mdfx_task_send_event(): [ACT] should NOT enter this leagcy API!!
12-19 15:31:50.464 20671 20739 W MAL-Daemon:  (    mdfx_task_send_event,  636) mdfx_task_send_event(): [ACT] should NOT enter this leagcy API!!
12-19 15:31:50.464 20671 20713 I MAL-Daemon:  (             rds_ru_task,  445) [RDS-I][RU][rds_ru_task] RCV Event: 104 
12-19 15:31:50.464 20671 20713 I MAL-Daemon:  (         rds_ru_urc_hdlr, 1733) [RDS-I][RDS][rds_ru_urc_hdlr] get URC: +ECSQ: 18,35,1,1,1,-43,-423,7,24
12-19 15:31:50.464 20671 20713 I MAL-Daemon: 
12-19 15:31:50.465 20671 20713 I MAL-Daemon:  (     ru_parse_3gppsigval, 1458) [RDS-I][RDS][ru_parse_3gppsigval] 3gppsigval #args act<7>
12-19 15:31:50.465 20671 20713 I MAL-Daemon:  (         rds_ru_urc_hdlr, 1913) [RDS-I][RDS][RU][rds_ru_urc_hdlr] Update 3GPP STATUS rsrp<-106> rsrq<18> regstat<6> 
12-19 15:31:50.465 20671 20713 I MAL-Daemon:  (         rds_ru_urc_hdlr, 1915) [RDS-I][RDS][RU][rds_ru_urc_hdlr] ru_check_ctx_ptr<0xf6073c9c, 0xf6073c9c>
12-19 15:31:50.465 20671 20713 W MAL-Daemon:  (    mdfx_task_send_event,  636) mdfx_task_send_event(): [ACT] should NOT enter this leagcy API!!
12-19 15:31:50.465 20671 20713 I MAL-Daemon:  (    ru_send_event_entity,  350) [RDS-I][RDS][RU][ru_send_event_entity] send event 605 to 602 with ret(0)
12-19 15:31:50.465 20671 20713 I MAL-Daemon:  (             rds_ru_task,  445) [RDS-I][RU][rds_ru_task] RCV Event: 605 
12-19 15:31:50.466 20671 20713 I MAL-Daemon:  (  rds_ru_3gpp_status_ind, 1390) [RDS-I][RU][EVENT_RU_DM_3GPP_STATUS_IND] i4ltersrp:-106, i4ltersrq:18, u43gpp_status:0x6
12-19 15:31:50.466 20671 20713 E MAL-Daemon:  (  rds_ru_3gpp_status_ind, 1421) [RDS-E][RU][EVENT_RU_DM_3GPP_STATUS_IND] Invalid u43gpp_status:0x6
12-19 15:31:50.466 20671 20713 I MAL-Daemon:  (          rds_ru_rpl_gen, 4866) [RDS-I][RU][rds_ru_rpl_gen][RDS][OP0] TYPE : <0>, UI Policy : <3>, RDS Policy : <3>
12-19 15:31:50.466 20671 20713 I MAL-Daemon:  (      rds_cell_only_orng, 3608) [RDS-I][RU][RDS IMS/MMS][rds_cell_only_orng] 
12-19 15:31:50.466 20671 20713 I MAL-Daemon:  (          rds_ru_rpl_gen, 4877) [RDS-I][RU][rds_ru_rpl_gen][RDS][OP0] TYPE : <0>, RAN1 : <254> ,RAN2 : <254>
12-19 15:31:50.466 20671 20713 I MAL-Daemon:  (          rds_ru_rpl_gen, 4866) [RDS-I][RU][rds_ru_rpl_gen][RDS][OP0] TYPE : <1>, UI Policy : <3>, RDS Policy : <3>
12-19 15:31:50.466 20671 20713 I MAL-Daemon:  (      rds_cell_only_orng, 3608) [RDS-I][RU][RDS IMS/MMS][rds_cell_only_orng] 
12-19 15:31:50.467 20671 20713 I MAL-Daemon:  (          rds_ru_rpl_gen, 4877) [RDS-I][RU][rds_ru_rpl_gen][RDS][OP0] TYPE : <1>, RAN1 : <254> ,RAN2 : <254>
12-19 15:31:50.467 20671 20713 I MAL-Daemon:  (          rds_ru_rpl_gen, 4866) [RDS-I][RU][rds_ru_rpl_gen][RDS][OP0] TYPE : <2>, UI Policy : <3>, RDS Policy : <3>
12-19 15:31:50.467 20671 20713 I MAL-Daemon:  (      rds_cell_only_orng, 3608) [RDS-I][RU][RDS IMS/MMS][rds_cell_only_orng] 
12-19 15:31:50.467 20671 20713 I MAL-Daemon:  (          rds_ru_rpl_gen, 4877) [RDS-I][RU][rds_ru_rpl_gen][RDS][OP0] TYPE : <2>, RAN1 : <254> ,RAN2 : <254>
12-19 15:31:50.467 20671 20713 I MAL-Daemon:  (          rds_ru_rpl_gen, 4866) [RDS-I][RU][rds_ru_rpl_gen][RDS][OP0] TYPE : <3>, UI Policy : <3>, RDS Policy : <3>
12-19 15:31:50.467 20671 20713 I MAL-Daemon:  (          rds_ru_rpl_gen, 4877) [RDS-I][RU][rds_ru_rpl_gen][RDS][OP0] TYPE : <3>, RAN1 : <1> ,RAN2 : <255>
12-19 15:31:50.467 20671 20713 I MAL-Daemon:  (          rds_ru_rpl_gen, 4866) [RDS-I][RU][rds_ru_rpl_gen][RDS][OP0] TYPE : <4>, UI Policy : <3>, RDS Policy : <3>
12-19 15:31:50.467 20671 20713 I MAL-Daemon:  (          rds_ru_rpl_gen, 4877) [RDS-I][RU][rds_ru_rpl_gen][RDS][OP0] TYPE : <4>, RAN1 : <1> ,RAN2 : <255>
12-19 15:31:50.468 20671 20713 I MAL-Daemon:  (          rds_ru_rpl_gen, 4866) [RDS-I][RU][rds_ru_rpl_gen][RDS][OP0] TYPE : <5>, UI Policy : <3>, RDS Policy : <3>
12-19 15:31:50.468 20671 20713 I MAL-Daemon:  (          rds_ru_rpl_gen, 4877) [RDS-I][RU][rds_ru_rpl_gen][RDS][OP0] TYPE : <5>, RAN1 : <1> ,RAN2 : <255>
12-19 15:31:50.468 20671 20713 I MAL-Daemon:  (          rds_ru_rpl_gen, 4877) [RDS-I][RU][rds_ru_rpl_gen][RDS][OP0] TYPE : <6>, RAN1 : <254> ,RAN2 : <254>
12-19 15:31:50.468 20671 20713 I MAL-Daemon:  (    rds_op_check_feature,  304) [RDS-I][RDS][OP][rds_op_check_feature] operator id(0) check feature<0>, curr_opmsk is <1>, sys_opmsk is <0x0001, 1>
12-19 15:31:50.468 20671 20713 I MAL-Daemon:  (  rds_ru_ims_vops_update, 4666) [RDS-I][RU][rds_ru_ims_vops_update][RDS IMS]Policy type: 0 IMS VOPS IE is Disabled, update IMS RPL from Ori:(254, 254) New:(254,254)
12-19 15:31:50.468 20671 20713 I MAL-Daemon:  (  rds_ru_ims_vops_update, 4666) [RDS-I][RU][rds_ru_ims_vops_update][RDS IMS]Policy type: 1 IMS VOPS IE is Disabled, update IMS RPL from Ori:(254, 254) New:(254,254)
12-19 15:31:50.469 20671 20713 I MAL-Daemon:  (  rds_ru_ims_vops_update, 4666) [RDS-I][RU][rds_ru_ims_vops_update][RDS IMS]Policy type: 2 IMS VOPS IE is Disabled, update IMS RPL from Ori:(254, 254) New:(254,254)
12-19 15:31:50.469 20671 20713 I MAL-Daemon:  (          rds_ru_rpl_gen, 4901) [RDS-I][RU][rds_ru_rpl_gen][RDS] Current policy: fgimsolte_en<0>, fgwfc_en<0>, erdspolicy<3>, 
12-19 15:31:50.469 20671 20713 I MAL-Daemon:  (          rds_ru_rpl_gen, 4904) [RDS-I][RU][rds_ru_rpl_gen][RDS] Threshold i4wifirssih<-75>, i4wifirssil<-85>, i4wifirssih_ho<-78>, i4wifirssil_ho<-88>, i4wifisnrh<10>, i4wifisnrl<6>
12-19 15:31:50.469 20671 20713 I MAL-Daemon:  (          rds_ru_rpl_gen, 4907) [RDS-I][RU][rds_ru_rpl_gen][RDS] Threshold i4ltersrph<-106>, i4ltersrpm<-111>, i4ltersrpl<-116>, i4ltersrqh<5>, i4ltersrqm<3>, i4ltersrql<1>
12-19 15:31:50.469 20671 20713 I MAL-Daemon:  (          rds_ru_rpl_gen, 4910) [RDS-I][RU][rds_ru_rpl_gen][RDS] current rds ru status: i4wifirssi<-127>, i4wifisnr<0>, i4ltersrp<-106>, i4ltersrq<18>, u4active_ran<65538> 
12-19 15:31:50.469 20671 20713 I MAL-Daemon:  (          rds_ru_rpl_gen, 4913) [RDS-I][RU][rds_ru_rpl_gen][RDS] current wifi backhaul : rtp_plr<0>, rtp_jitter<0>, ping_ind<0>
12-19 15:31:50.470 20671 20713 I MAL-Daemon:  (          rds_ru_rpl_gen, 4916) [RDS-I][RU][rds_ru_rpl_gen][RDS] Call stat : IR92<0>, IR94<0> 
12-19 15:31:50.470 20671 20713 I MAL-Daemon:  (          rds_ru_rpl_gen, 4922) [RDS-I][RU][RDS IMS/MMS][rds_ru_rpl_gen] Ori:(254,254)/(1,255) New:(254,254)/(1,255)
12-19 15:31:50.470 20671 20713 I MAL-Daemon:  (          rds_ru_rpl_gen, 4927) [RDS-I][RU][RDS IMS/MMS WIFI][rds_ru_rpl_gen] Ori:(254,254)/(1,255) New:(254,254)/(1,255)
12-19 15:31:50.470 20671 20713 I MAL-Daemon:  (          rds_ru_rpl_gen, 4932) [RDS-I][RU][RDS IMS/MMS CELL][rds_ru_rpl_gen] Ori:(254,254)/(1,255) New:(254,254)/(1,255)
12-19 15:31:50.470 20671 20713 I MAL-Daemon:  (          rds_ru_rpl_gen, 4936) [RDS-I][RU][RDS EMG][rds_ru_rpl_gen] Ori:(254,254) New:(254,254)
12-19 15:31:50.470 20671 20695 D MAL-Daemon:  (          atmngr_urc_hdl,  206) atmngr_urc_hdl(): [AT_URC] "
12-19 15:31:50.470 20671 20695 D MAL-Daemon: +ECSQ: 18,35,1,1,1,-43,-423,7,24
12-19 15:31:50.470 20671 20695 D MAL-Daemon: "!!
12-19 15:31:50.490   988  4080 V ActivityManager: Broadcast sticky: Intent { act=android.intent.action.SIG_STR flg=0x20000010 (has extras) } ordered=false userid=-1 callerApp=ProcessRecord{313d9ba 988:system/1000}
12-19 15:31:50.490   988  4080 D RestrictedPackageService: filterBroadcastReceiver for android.intent.action.SIG_STR
12-19 15:31:50.490  4658  4675 I PerfService: PerfServiceNative_getPackName
12-19 15:31:50.491   988  4082 I libPerfService: perfGetLastBoostPid 3460
12-19 15:31:50.491   988  4082 D PerfServiceManager: [PerfService] getLastBoostPid 3460 
12-19 15:31:50.491   988  4082 I libPerfService: perfGetLastBoostPid 3460
12-19 15:31:50.491   988  1004 V ActivityManager_MU: isSingleton(com.lenovo.ideafriend, ApplicationInfo{768f9a6 com.lenovo.ideafriend}, com.lenovo.ideafriend.mms.android.transaction.MmsSystemEventReceiver, 0x0) = false
12-19 15:31:50.496  3043  3043 D ActivityThread: BDC-Calling onReceive: intent=Intent { act=android.intent.action.SIG_STR flg=0x20000010 cmp=com.lenovo.ideafriend/.mms.android.transaction.MmsSystemEventReceiver (has extras) }, receiver=com.lenovo.ideafriend.mms.android.transaction.MmsSystemEventReceiver@ac5312e
12-19 15:31:50.496  3043  3043 D Mms     : onReceive(): intent=Intent { act=android.intent.action.SIG_STR flg=0x20000010 cmp=com.lenovo.ideafriend/.mms.android.transaction.MmsSystemEventReceiver (has extras) }
12-19 15:31:50.496  3043  3043 D ActivityThread: BDC-Calling onReceive end receiver=class com.lenovo.ideafriend.mms.android.transaction.MmsSystemEventReceiver
12-19 15:31:50.499  3043  3043 D ActivityThread: BDC-RECEIVER handled : 0 / ReceiverData{intent=Intent { act=android.intent.action.SIG_STR flg=0x20000010 cmp=com.lenovo.ideafriend/.mms.android.transaction.MmsSystemEventReceiver (has extras) } packageName=com.lenovo.ideafriend resultCode=-1 resultData=null resultExtras=null}
12-19 15:31:50.924   988  1015 D AutoBrightnessLenovo.LightSensorSample: onSensorChanged: lux = 544.0
12-19 15:31:50.925   988  1015 D AutoBrightnessLenovo: updateAmbientLux: Scheduling ambient lux update for 2307770123077701 (in 1499 ms)
12-19 15:31:51.216   988  1015 I LcdStepRate: mHandler: on msg MSG_RESET_LCD_STEP_RATE
12-19 15:31:51.256   387   387 I thermal_repeater: select timeout
12-19 15:31:51.424   988  1015 D AutoBrightnessLenovo.LightSensorSample: onSensorChanged: lux = 307.0
12-19 15:31:51.425   988  1015 D AutoBrightnessLenovo: updateAmbientLux: Scheduling ambient lux update for 2307820223078202 (in 1500 ms)
12-19 15:31:51.491  4658  4675 I PerfService: PerfServiceNative_getPackName
12-19 15:31:51.492   988  1622 I libPerfService: perfGetLastBoostPid 3460
12-19 15:31:51.492   988  1622 D PerfServiceManager: [PerfService] getLastBoostPid 3460 
12-19 15:31:51.492   988  1622 I libPerfService: perfGetLastBoostPid 3460
12-19 15:31:51.691   290  1717 I BufferQueueProducer: [StatusBar](this:0x7fa4a3b400,id:5,api:1,p:1121,c:290) queueBuffer: fps=0.67 dur=1496.03 max=1496.03 min=1496.03
12-19 15:31:51.703   290   290 I SurfaceFlinger: [Built-in Screen (type:0)] fps:0.666674,dur:1499.98,max:1499.98,min:1499.98
12-19 15:31:51.924   988  1015 D AutoBrightnessLenovo.LightSensorSample: onSensorChanged: lux = 527.0
12-19 15:31:51.925   988  1015 D AutoBrightnessLenovo: updateAmbientLux: Scheduling ambient lux update for 2307870123078701 (in 1499 ms)
12-19 15:31:52.017   988  1015 I LcdStepRate: mHandler: on msg MSG_RESET_LCD_STEP_RATE
12-19 15:31:52.424   988  1015 D AutoBrightnessLenovo.LightSensorSample: onSensorChanged: lux = 538.0
12-19 15:31:52.425   988  1015 D AutoBrightnessLenovo: updateAmbientLux: Scheduling ambient lux update for 2307920223079202 (in 1500 ms)
12-19 15:31:52.494  4658  4675 I PerfService: PerfServiceNative_getPackName
12-19 15:31:52.495   988  4179 I libPerfService: perfGetLastBoostPid 3460
12-19 15:31:52.495   988  4179 D PerfServiceManager: [PerfService] getLastBoostPid 3460 
12-19 15:31:52.495   988  4179 I libPerfService: perfGetLastBoostPid 3460
12-19 15:31:52.817   988  1015 I LcdStepRate: mHandler: on msg MSG_RESET_LCD_STEP_RATE
12-19 15:31:52.924   988  1015 D AutoBrightnessLenovo.LightSensorSample: onSensorChanged: lux = 514.0
12-19 15:31:52.925   988  1015 D AutoBrightnessLenovo: updateAmbientLux: Scheduling ambient lux update for 2307970123079701 (in 1498 ms)
12-19 15:31:53.187   290   313 I BufferQueueProducer: [StatusBar](this:0x7fa4a3b400,id:5,api:1,p:1121,c:290) queueBuffer: fps=0.67 dur=1496.27 max=1496.27 min=1496.27
12-19 15:31:53.203   290   290 I SurfaceFlinger: [Built-in Screen (type:0)] fps:0.666842,dur:1499.61,max:1499.61,min:1499.61
12-19 15:31:53.424   988  1015 D AutoBrightnessLenovo.LightSensorSample: onSensorChanged: lux = 486.0
12-19 15:31:53.425   988  1015 D AutoBrightnessLenovo: updateAmbientLux: Scheduling ambient lux update for 2308020223080202 (in 1500 ms)
12-19 15:31:53.498  4658  4675 I PerfService: PerfServiceNative_getPackName
12-19 15:31:53.499   988  1624 I libPerfService: perfGetLastBoostPid 3460
12-19 15:31:53.499   988  1624 D PerfServiceManager: [PerfService] getLastBoostPid 3460 
12-19 15:31:53.499   988  1624 I libPerfService: perfGetLastBoostPid 3460
12-19 15:31:53.618   988  1015 I LcdStepRate: mHandler: on msg MSG_RESET_LCD_STEP_RATE
12-19 15:31:53.924   988  1015 D AutoBrightnessLenovo.LightSensorSample: onSensorChanged: lux = 504.0
12-19 15:31:53.925   988  1015 D AutoBrightnessLenovo: updateAmbientLux: Scheduling ambient lux update for 2308070123080701 (in 1499 ms)
12-19 15:31:54.217 20671 21136 I MAL-Daemon:  (    ru_mdmngr_send_atcmd, 1931) [RDS-I][RDS][RU][ru_mdmngr_send_atcmd] try to send ATcmd : AT+ECSQ 
12-19 15:31:54.217 20671 21136 I MAL-Daemon:  (    ru_mdmngr_send_atcmd, 1940) [RDS-I][RDS][RU][ru_mdmngr_send_atcmd] ru_check_ctx_ptr<0xf6073c9c, 0xf6073c9c>
12-19 15:31:54.217 20671 21136 W MAL-Daemon:  (    mdfx_task_send_event,  636) mdfx_task_send_event(): [ACT] should NOT enter this leagcy API!!
12-19 15:31:54.218 20671 21136 I MAL-Daemon:  (    ru_send_event_entity,  350) [RDS-I][RDS][RU][ru_send_event_entity] send event 101 to 101 with ret(0)
12-19 15:31:54.218 20671 20702 D MAL-Daemon:  (         mdmngr_task_hdl,   36) mdmngr_task_hdl(), receive event = 101 (vendor/mediatek/proprietary/frameworks/opt/mal/entity/mdmngr/mdmngr.c:36)
12-19 15:31:54.219 20671 20702 D MAL-Daemon:  (         mdmngr_task_hdl,   67) EVENT_MDMNGR_ATCMD_REQ@MDMNGR, priv_data = f732e800, channel = 1, cmd = (AT+ECSQ) (vendor/mediatek/proprietary/frameworks/opt/mal/entity/mdmngr/mdmngr.c:67)
12-19 15:31:54.219 20671 20702 W MAL-Daemon:  (    mdfx_task_send_event,  636) mdfx_task_send_event(): [ACT] should NOT enter this leagcy API!!
12-19 15:31:54.219 20671 20740 I MAL-Daemon:  ( mdfx_event_do_statistic,  153) mdfx_event_do_statistic(): [STATISTIC] TID = 20740 has used 9944816 bytes!!
12-19 15:31:54.219 20671 20740 E MAL-Daemon:  (void* rilproxy_task_hdl(,  439) rilproxy_task_hdl(), receive event = 401
12-19 15:31:54.219 20671 20740 D MAL-Daemon:  (int rilproxy_send_ril_re,  320) send ril request, request_id = 2130, serial_no = 18500, length = 18000000, send_size = 24(18), fd = 31
12-19 15:31:54.239 20671 20738 D MAL-Daemon:  (void* rilproxy_cmd_resp_,  670) recv ril resp, length = 60, type = 0, result = 0, serial_no = 18500
12-19 15:31:54.239 20671 20738 D MAL-Daemon:  (void* rilproxy_cmd_resp_,  676) event_id = 401
12-19 15:31:54.240 20671 20702 D MAL-Daemon:  (         mdmngr_task_hdl,   36) mdmngr_task_hdl(), receive event = 102 (vendor/mediatek/proprietary/frameworks/opt/mal/entity/mdmngr/mdmngr.c:36)
12-19 15:31:54.240 20671 20702 D MAL-Daemon:  (         mdmngr_task_hdl,  115) EVENT_MDMNGR_ATCMD_RESP@MDMNGR (vendor/mediatek/proprietary/frameworks/opt/mal/entity/mdmngr/mdmngr.c:115)
12-19 15:31:54.240 20671 20702 D MAL-Daemon:  (         mdmngr_task_hdl,  122) event_req = f732e800, ID = 101 (vendor/mediatek/proprietary/frameworks/opt/mal/entity/mdmngr/mdmngr.c:122)
12-19 15:31:54.240 20671 20702 D MAL-Daemon:  (         mdmngr_task_hdl,  125) atcmd_resp->priv_data = f63c2068 (vendor/mediatek/proprietary/frameworks/opt/mal/entity/mdmngr/mdmngr.c:125)
12-19 15:31:54.240 20671 20713 I MAL-Daemon:  (             rds_ru_task,  445) [RDS-I][RU][rds_ru_task] RCV Event: 102 
12-19 15:31:54.240 20671 20713 I MAL-Daemon:  (rds_ru_mdmngr_atrsp_hndl, 2186) [RDS-I][RDS][RU][rds_ru_mdmngr_atrsp_hndl] get AT resp: +ECSQ: 18,35,1,1,1,-43,-423,7,24
12-19 15:31:54.240 20671 20713 I MAL-Daemon: 
12-19 15:31:54.240 20671 20713 I MAL-Daemon: OK
12-19 15:31:54.240 20671 20713 I MAL-Daemon: 
12-19 15:31:54.241 20671 20713 I MAL-Daemon:  (     ru_parse_3gppsigval, 1458) [RDS-I][RDS][ru_parse_3gppsigval] 3gppsigval #args act<7>
12-19 15:31:54.419   988  1015 I LcdStepRate: mHandler: on msg MSG_RESET_LCD_STEP_RATE
12-19 15:31:54.425   988  1015 D AutoBrightnessLenovo.LightSensorSample: onSensorChanged: lux = 485.0
12-19 15:31:54.425   988  1015 D AutoBrightnessLenovo: updateAmbientLux: Scheduling ambient lux update for 2308120223081202 (in 1500 ms)
12-19 15:31:54.501  4658  4675 I PerfService: PerfServiceNative_getPackName
12-19 15:31:54.502   988  4082 I libPerfService: perfGetLastBoostPid 3460
12-19 15:31:54.502   988  4082 D PerfServiceManager: [PerfService] getLastBoostPid 3460 
12-19 15:31:54.502   988  4082 I libPerfService: perfGetLastBoostPid 3460
12-19 15:31:54.683   290  3199 I BufferQueueProducer: [StatusBar](this:0x7fa4a3b400,id:5,api:1,p:1121,c:290) queueBuffer: fps=0.67 dur=1496.42 max=1496.42 min=1496.42
12-19 15:31:54.702   290   290 I SurfaceFlinger: [Built-in Screen (type:0)] fps:0.666929,dur:1499.41,max:1499.41,min:1499.41
12-19 15:31:54.924   988  1015 D AutoBrightnessLenovo.LightSensorSample: onSensorChanged: lux = 478.0
12-19 15:31:54.924   988  1015 D AutoBrightnessLenovo: updateAmbientLux: Scheduling ambient lux update for 2308170123081701 (in 1500 ms)
12-19 15:31:55.220   988  1015 I LcdStepRate: mHandler: on msg MSG_RESET_LCD_STEP_RATE
12-19 15:31:55.314 20276 20601 D bt_btm_pm: btm_pm_proc_mode_change switched from SNIFF to ACTIVE.
12-19 15:31:55.317 20276 20601 E bt_rfcomm: PORT_DataInd, p_port:0xdf3d9d04, p_data_co_callback is null
12-19 15:31:55.319 20276 20653 D HeadsetStateMachine: Connected process message: 101, size: 1
12-19 15:31:55.319 20276 20653 D HeadsetStateMachine: event type: 15event device : 78:44:05:B3:DF:0C
12-19 15:31:55.319 20276 20653 D HeadsetStateMachine: processUnknownAt - atString = +IPHONEACCEV=1,1,3
12-19 15:31:55.319 20276 20653 D HeadsetStateMachine: processVendorSpecificAt - atString = +IPHONEACCEV=1,1,3
12-19 15:31:55.320 20276 20653 D HeadsetStateMachine: broadcastVendorSpecificEventIntent(+IPHONEACCEV)
12-19 15:31:55.322   988  6700 V ActivityManager: Broadcast: Intent { act=android.bluetooth.headset.action.VENDOR_SPECIFIC_HEADSET_EVENT cat=[android.bluetooth.headset.intent.category.companyid.76] flg=0x10 (has extras) } ordered=false userid=-1 callerApp=ProcessRecord{7c42297 20276:com.android.bluetooth/1002}
12-19 15:31:55.327 20276 20653 D BluetoothDevice: mAddress: 78:44:05:B3:DF:0C
12-19 15:31:55.425   988  1015 D AutoBrightnessLenovo.LightSensorSample: onSensorChanged: lux = 494.0
12-19 15:31:55.425   988  1015 D AutoBrightnessLenovo: updateAmbientLux: Scheduling ambient lux update for 2308220223082202 (in 1500 ms)
12-19 15:31:55.505  4658  4675 I PerfService: PerfServiceNative_getPackName
12-19 15:31:55.506   988   999 I libPerfService: perfGetLastBoostPid 3460
12-19 15:31:55.506   988   999 D PerfServiceManager: [PerfService] getLastBoostPid 3460 
12-19 15:31:55.506   988   999 I libPerfService: perfGetLastBoostPid 3460
12-19 15:31:55.583 20671 20739 D MAL-Daemon:  (void* rilproxy_urc_threa,  964) URC = (+ECSQ: 16,34,1,1,1,-48,-427,7,26
12-19 15:31:55.583 20671 20739 D MAL-Daemon: )
12-19 15:31:55.584 20671 20739 W MAL-Daemon:  (    mdfx_task_send_event,  636) mdfx_task_send_event(): [ACT] should NOT enter this leagcy API!!
12-19 15:31:55.584 20671 20739 W MAL-Daemon:  (    mdfx_task_send_event,  636) mdfx_task_send_event(): [ACT] should NOT enter this leagcy API!!
12-19 15:31:55.585 20671 20713 I MAL-Daemon:  (             rds_ru_task,  445) [RDS-I][RU][rds_ru_task] RCV Event: 104 
12-19 15:31:55.585 20671 20713 I MAL-Daemon:  (         rds_ru_urc_hdlr, 1733) [RDS-I][RDS][rds_ru_urc_hdlr] get URC: +ECSQ: 16,34,1,1,1,-48,-427,7,26
12-19 15:31:55.585 20671 20713 I MAL-Daemon: 
12-19 15:31:55.585 20671 20713 I MAL-Daemon:  (     ru_parse_3gppsigval, 1458) [RDS-I][RDS][ru_parse_3gppsigval] 3gppsigval #args act<7>
12-19 15:31:55.585 20671 20713 I MAL-Daemon:  (         rds_ru_urc_hdlr, 1913) [RDS-I][RDS][RU][rds_ru_urc_hdlr] Update 3GPP STATUS rsrp<-107> rsrq<16> regstat<6> 
12-19 15:31:55.585 20671 20713 I MAL-Daemon:  (         rds_ru_urc_hdlr, 1915) [RDS-I][RDS][RU][rds_ru_urc_hdlr] ru_check_ctx_ptr<0xf6073c9c, 0xf6073c9c>
12-19 15:31:55.586 20671 20713 W MAL-Daemon:  (    mdfx_task_send_event,  636) mdfx_task_send_event(): [ACT] should NOT enter this leagcy API!!
12-19 15:31:55.586 20671 20713 I MAL-Daemon:  (    ru_send_event_entity,  350) [RDS-I][RDS][RU][ru_send_event_entity] send event 605 to 602 with ret(0)
12-19 15:31:55.586 20671 20713 I MAL-Daemon:  (             rds_ru_task,  445) [RDS-I][RU][rds_ru_task] RCV Event: 605 
12-19 15:31:55.586 20671 20713 I MAL-Daemon:  (  rds_ru_3gpp_status_ind, 1390) [RDS-I][RU][EVENT_RU_DM_3GPP_STATUS_IND] i4ltersrp:-107, i4ltersrq:16, u43gpp_status:0x6
12-19 15:31:55.586 20671 20713 E MAL-Daemon:  (  rds_ru_3gpp_status_ind, 1421) [RDS-E][RU][EVENT_RU_DM_3GPP_STATUS_IND] Invalid u43gpp_status:0x6
12-19 15:31:55.586 20671 20713 I MAL-Daemon:  (          rds_ru_rpl_gen, 4866) [RDS-I][RU][rds_ru_rpl_gen][RDS][OP0] TYPE : <0>, UI Policy : <3>, RDS Policy : <3>
12-19 15:31:55.587 20671 20713 I MAL-Daemon:  (      rds_cell_only_orng, 3608) [RDS-I][RU][RDS IMS/MMS][rds_cell_only_orng] 
12-19 15:31:55.587 20671 20713 I MAL-Daemon:  (          rds_ru_rpl_gen, 4877) [RDS-I][RU][rds_ru_rpl_gen][RDS][OP0] TYPE : <0>, RAN1 : <254> ,RAN2 : <254>
12-19 15:31:55.587 20671 20713 I MAL-Daemon:  (          rds_ru_rpl_gen, 4866) [RDS-I][RU][rds_ru_rpl_gen][RDS][OP0] TYPE : <1>, UI Policy : <3>, RDS Policy : <3>
12-19 15:31:55.587 20671 20713 I MAL-Daemon:  (      rds_cell_only_orng, 3608) [RDS-I][RU][RDS IMS/MMS][rds_cell_only_orng] 
12-19 15:31:55.587 20671 20713 I MAL-Daemon:  (          rds_ru_rpl_gen, 4877) [RDS-I][RU][rds_ru_rpl_gen][RDS][OP0] TYPE : <1>, RAN1 : <254> ,RAN2 : <254>
12-19 15:31:55.587 20671 20713 I MAL-Daemon:  (          rds_ru_rpl_gen, 4866) [RDS-I][RU][rds_ru_rpl_gen][RDS][OP0] TYPE : <2>, UI Policy : <3>, RDS Policy : <3>
12-19 15:31:55.587 20671 20713 I MAL-Daemon:  (      rds_cell_only_orng, 3608) [RDS-I][RU][RDS IMS/MMS][rds_cell_only_orng] 
12-19 15:31:55.587 20671 20713 I MAL-Daemon:  (          rds_ru_rpl_gen, 4877) [RDS-I][RU][rds_ru_rpl_gen][RDS][OP0] TYPE : <2>, RAN1 : <254> ,RAN2 : <254>
12-19 15:31:55.588 20671 20713 I MAL-Daemon:  (          rds_ru_rpl_gen, 4866) [RDS-I][RU][rds_ru_rpl_gen][RDS][OP0] TYPE : <3>, UI Policy : <3>, RDS Policy : <3>
12-19 15:31:55.588 20671 20713 I MAL-Daemon:  (          rds_ru_rpl_gen, 4877) [RDS-I][RU][rds_ru_rpl_gen][RDS][OP0] TYPE : <3>, RAN1 : <1> ,RAN2 : <255>
12-19 15:31:55.588 20671 20713 I MAL-Daemon:  (          rds_ru_rpl_gen, 4866) [RDS-I][RU][rds_ru_rpl_gen][RDS][OP0] TYPE : <4>, UI Policy : <3>, RDS Policy : <3>
12-19 15:31:55.588 20671 20713 I MAL-Daemon:  (          rds_ru_rpl_gen, 4877) [RDS-I][RU][rds_ru_rpl_gen][RDS][OP0] TYPE : <4>, RAN1 : <1> ,RAN2 : <255>
12-19 15:31:55.588 20671 20713 I MAL-Daemon:  (          rds_ru_rpl_gen, 4866) [RDS-I][RU][rds_ru_rpl_gen][RDS][OP0] TYPE : <5>, UI Policy : <3>, RDS Policy : <3>
12-19 15:31:55.588 20671 20713 I MAL-Daemon:  (          rds_ru_rpl_gen, 4877) [RDS-I][RU][rds_ru_rpl_gen][RDS][OP0] TYPE : <5>, RAN1 : <1> ,RAN2 : <255>
12-19 15:31:55.588 20671 20713 I MAL-Daemon:  (          rds_ru_rpl_gen, 4877) [RDS-I][RU][rds_ru_rpl_gen][RDS][OP0] TYPE : <6>, RAN1 : <254> ,RAN2 : <254>
12-19 15:31:55.589 20671 20713 I MAL-Daemon:  (    rds_op_check_feature,  304) [RDS-I][RDS][OP][rds_op_check_feature] operator id(0) check feature<0>, curr_opmsk is <1>, sys_opmsk is <0x0001, 1>
12-19 15:31:55.589 20671 20713 I MAL-Daemon:  (  rds_ru_ims_vops_update, 4666) [RDS-I][RU][rds_ru_ims_vops_update][RDS IMS]Policy type: 0 IMS VOPS IE is Disabled, update IMS RPL from Ori:(254, 254) New:(254,254)
12-19 15:31:55.589 20671 20713 I MAL-Daemon:  (  rds_ru_ims_vops_update, 4666) [RDS-I][RU][rds_ru_ims_vops_update][RDS IMS]Policy type: 1 IMS VOPS IE is Disabled, update IMS RPL from Ori:(254, 254) New:(254,254)
12-19 15:31:55.589 20671 20713 I MAL-Daemon:  (  rds_ru_ims_vops_update, 4666) [RDS-I][RU][rds_ru_ims_vops_update][RDS IMS]Policy type: 2 IMS VOPS IE is Disabled, update IMS RPL from Ori:(254, 254) New:(254,254)
12-19 15:31:55.589 20671 20713 I MAL-Daemon:  (          rds_ru_rpl_gen, 4901) [RDS-I][RU][rds_ru_rpl_gen][RDS] Current policy: fgimsolte_en<0>, fgwfc_en<0>, erdspolicy<3>, 
12-19 15:31:55.589 20671 20713 I MAL-Daemon:  (          rds_ru_rpl_gen, 4904) [RDS-I][RU][rds_ru_rpl_gen][RDS] Threshold i4wifirssih<-75>, i4wifirssil<-85>, i4wifirssih_ho<-78>, i4wifirssil_ho<-88>, i4wifisnrh<10>, i4wifisnrl<6>
12-19 15:31:55.590 20671 20713 I MAL-Daemon:  (          rds_ru_rpl_gen, 4907) [RDS-I][RU][rds_ru_rpl_gen][RDS] Threshold i4ltersrph<-106>, i4ltersrpm<-111>, i4ltersrpl<-116>, i4ltersrqh<5>, i4ltersrqm<3>, i4ltersrql<1>
12-19 15:31:55.590 20671 20713 I MAL-Daemon:  (          rds_ru_rpl_gen, 4910) [RDS-I][RU][rds_ru_rpl_gen][RDS] current rds ru status: i4wifirssi<-127>, i4wifisnr<0>, i4ltersrp<-107>, i4ltersrq<16>, u4active_ran<65538> 
12-19 15:31:55.590 20671 20713 I MAL-Daemon:  (          rds_ru_rpl_gen, 4913) [RDS-I][RU][rds_ru_rpl_gen][RDS] current wifi backhaul : rtp_plr<0>, rtp_jitter<0>, ping_ind<0>
12-19 15:31:55.590 20671 20713 I MAL-Daemon:  (          rds_ru_rpl_gen, 4916) [RDS-I][RU][rds_ru_rpl_gen][RDS] Call stat : IR92<0>, IR94<0> 
12-19 15:31:55.590 20671 20713 I MAL-Daemon:  (          rds_ru_rpl_gen, 4922) [RDS-I][RU][RDS IMS/MMS][rds_ru_rpl_gen] Ori:(254,254)/(1,255) New:(254,254)/(1,255)
12-19 15:31:55.590 20671 20713 I MAL-Daemon:  (          rds_ru_rpl_gen, 4927) [RDS-I][RU][RDS IMS/MMS WIFI][rds_ru_rpl_gen] Ori:(254,254)/(1,255) New:(254,254)/(1,255)
12-19 15:31:55.591 20671 20713 I MAL-Daemon:  (          rds_ru_rpl_gen, 4932) [RDS-I][RU][RDS IMS/MMS CELL][rds_ru_rpl_gen] Ori:(254,254)/(1,255) New:(254,254)/(1,255)
12-19 15:31:55.591 20671 20695 D MAL-Daemon:  (          atmngr_urc_hdl,  206) atmngr_urc_hdl(): [AT_URC] "
12-19 15:31:55.591 20671 20695 D MAL-Daemon: +ECSQ: 16,34,1,1,1,-48,-427,7,26
12-19 15:31:55.591 20671 20695 D MAL-Daemon: "!!
12-19 15:31:55.611   988  1002 V ActivityManager: Broadcast sticky: Intent { act=android.intent.action.SIG_STR flg=0x20000010 (has extras) } ordered=false userid=-1 callerApp=ProcessRecord{313d9ba 988:system/1000}
12-19 15:31:55.611   988  1002 D RestrictedPackageService: filterBroadcastReceiver for android.intent.action.SIG_STR
12-19 15:31:55.614   988  1004 V ActivityManager_MU: isSingleton(com.lenovo.ideafriend, ApplicationInfo{270fe7 com.lenovo.ideafriend}, com.lenovo.ideafriend.mms.android.transaction.MmsSystemEventReceiver, 0x0) = false
12-19 15:31:55.618 20671 20713 I MAL-Daemon:  (          rds_ru_rpl_gen, 4936) [RDS-I][RU][RDS EMG][rds_ru_rpl_gen] Ori:(254,254) New:(254,254)
12-19 15:31:55.619  3043  3043 D ActivityThread: BDC-Calling onReceive: intent=Intent { act=android.intent.action.SIG_STR flg=0x20000010 cmp=com.lenovo.ideafriend/.mms.android.transaction.MmsSystemEventReceiver (has extras) }, receiver=com.lenovo.ideafriend.mms.android.transaction.MmsSystemEventReceiver@28624cf
12-19 15:31:55.622  3043  3043 D Mms     : onReceive(): intent=Intent { act=android.intent.action.SIG_STR flg=0x20000010 cmp=com.lenovo.ideafriend/.mms.android.transaction.MmsSystemEventReceiver (has extras) }
12-19 15:31:55.623  3043  3043 D ActivityThread: BDC-Calling onReceive end receiver=class com.lenovo.ideafriend.mms.android.transaction.MmsSystemEventReceiver
12-19 15:31:55.625  3043  3043 D ActivityThread: BDC-RECEIVER handled : 0 / ReceiverData{intent=Intent { act=android.intent.action.SIG_STR flg=0x20000010 cmp=com.lenovo.ideafriend/.mms.android.transaction.MmsSystemEventReceiver (has extras) } packageName=com.lenovo.ideafriend resultCode=-1 resultData=null resultExtras=null}
12-19 15:31:55.654   988  1003 I memtrack_graphic: graphic_memtrack_get_memory match 4:      ion_mm_heap 1489 15204352   6 ffffffc0122aff80 ffffffc07437a900.
12-19 15:31:55.654   988  1003 I memtrack_graphic:  : 1489 1489 15204352 6 2534058
12-19 15:31:55.923   988  1015 D AutoBrightnessLenovo.LightSensorSample: onSensorChanged: lux = 508.0
12-19 15:31:55.923   988  1015 D AutoBrightnessLenovo: updateAmbientLux: Scheduling ambient lux update for 2308270123082701 (in 1500 ms)
12-19 15:31:56.021   988  1015 I LcdStepRate: mHandler: on msg MSG_RESET_LCD_STEP_RATE
12-19 15:31:56.177   290   311 I BufferQueueProducer: [StatusBar](this:0x7fa4a3b400,id:5,api:1,p:1121,c:290) queueBuffer: fps=0.67 dur=1493.27 max=1493.27 min=1493.27
12-19 15:31:56.202   290   290 I SurfaceFlinger: [Built-in Screen (type:0)] fps:0.666868,dur:1499.55,max:1499.55,min:1499.55
12-19 15:31:56.257   387   387 I thermal_repeater: oh, queryMdThermalInfo (0)Connection refused
12-19 15:31:56.274   387   387 I thermal_repeater: [recvMdThermalInfo] ret=27, strLen=127,  3, 42, -127, -1, 32767, 17
12-19 15:31:56.304   988   988 D SettingsInterface:  from settings cache , name = sys_free_storage_log_interval , value = null
12-19 15:31:56.304   988   988 D SettingsInterface:  from settings cache , name = disk_free_change_reporting_threshold , value = null
12-19 15:31:56.424   988  1015 D AutoBrightnessLenovo.LightSensorSample: onSensorChanged: lux = 492.0
12-19 15:31:56.425   988  1015 D AutoBrightnessLenovo: updateAmbientLux: Scheduling ambient lux update for 2308320123083201 (in 1499 ms)
12-19 15:31:56.509  4658  4675 I PerfService: PerfServiceNative_getPackName
12-19 15:31:56.509   988  1624 I libPerfService: perfGetLastBoostPid 3460
12-19 15:31:56.510   988  1624 D PerfServiceManager: [PerfService] getLastBoostPid 3460 
12-19 15:31:56.510   988  1624 I libPerfService: perfGetLastBoostPid 3460
12-19 15:31:56.821   988  1015 I LcdStepRate: mHandler: on msg MSG_RESET_LCD_STEP_RATE
12-19 15:31:56.924   988  1015 D AutoBrightnessLenovo.LightSensorSample: onSensorChanged: lux = 483.0
12-19 15:31:56.925   988  1015 D AutoBrightnessLenovo: updateAmbientLux: Scheduling ambient lux update for 2308370223083702 (in 1500 ms)
12-19 15:31:57.424   988  1015 D AutoBrightnessLenovo.LightSensorSample: onSensorChanged: lux = 491.0
12-19 15:31:57.425   988  1015 D AutoBrightnessLenovo: updateAmbientLux: Scheduling ambient lux update for 2308420223084202 (in 1500 ms)
12-19 15:31:57.511  4658  4675 I PerfService: PerfServiceNative_getPackName
12-19 15:31:57.512   988  4082 I libPerfService: perfGetLastBoostPid 3460
12-19 15:31:57.512   988  4082 D PerfServiceManager: [PerfService] getLastBoostPid 3460 
12-19 15:31:57.513   988  4082 I libPerfService: perfGetLastBoostPid 3460
12-19 15:31:57.622   988  1015 I LcdStepRate: mHandler: on msg MSG_RESET_LCD_STEP_RATE
12-19 15:31:57.696   290  3657 I BufferQueueProducer: [StatusBar](this:0x7fa4a3b400,id:5,api:1,p:1121,c:290) queueBuffer: fps=0.66 dur=1518.92 max=1518.92 min=1518.92
12-19 15:31:57.717   290   290 I SurfaceFlinger: [Built-in Screen (type:0)] fps:0.659898,dur:1515.38,max:1515.38,min:1515.38
12-19 15:31:57.924   988  1015 D AutoBrightnessLenovo.LightSensorSample: onSensorChanged: lux = 488.0
12-19 15:31:57.925   988  1015 D AutoBrightnessLenovo: updateAmbientLux: Scheduling ambient lux update for 2308470123084701 (in 1499 ms)
12-19 15:31:58.424   988  1015 D AutoBrightnessLenovo.LightSensorSample: onSensorChanged: lux = 509.0
12-19 15:31:58.424   988  1015 D AutoBrightnessLenovo: updateAmbientLux: Scheduling ambient lux update for 2308520123085201 (in 1499 ms)
12-19 15:31:58.425   988  1015 I LcdStepRate: mHandler: on msg MSG_RESET_LCD_STEP_RATE
12-19 15:31:58.515  4658  4675 I PerfService: PerfServiceNative_getPackName
12-19 15:31:58.516   988  6700 I libPerfService: perfGetLastBoostPid 3460
12-19 15:31:58.516   988  6700 D PerfServiceManager: [PerfService] getLastBoostPid 3460 
12-19 15:31:58.516   988  6700 I libPerfService: perfGetLastBoostPid 3460
12-19 15:31:58.924   988  1015 D AutoBrightnessLenovo.LightSensorSample: onSensorChanged: lux = 506.0
12-19 15:31:58.925   988  1015 D AutoBrightnessLenovo: updateAmbientLux: Scheduling ambient lux update for 2308570223085702 (in 1500 ms)
12-19 15:31:59.193   290  1717 I BufferQueueProducer: [StatusBar](this:0x7fa4a3b400,id:5,api:1,p:1121,c:290) queueBuffer: fps=0.67 dur=1497.81 max=1497.81 min=1497.81
12-19 15:31:59.201   290   290 I SurfaceFlinger: [Built-in Screen (type:0)] fps:0.673893,dur:1483.92,max:1483.92,min:1483.92
12-19 15:31:59.226   988  1015 I LcdStepRate: mHandler: on msg MSG_RESET_LCD_STEP_RATE
12-19 15:31:59.424   988  1015 D AutoBrightnessLenovo.LightSensorSample: onSensorChanged: lux = 488.0
12-19 15:31:59.425   988  1015 D AutoBrightnessLenovo: updateAmbientLux: Scheduling ambient lux update for 2308620223086202 (in 1500 ms)
12-19 15:31:59.518  4658  4675 I PerfService: PerfServiceNative_getPackName
12-19 15:31:59.519   988  4079 I libPerfService: perfGetLastBoostPid 3460
12-19 15:31:59.520   988  4079 D PerfServiceManager: [PerfService] getLastBoostPid 3460 
12-19 15:31:59.520   988  4079 I libPerfService: perfGetLastBoostPid 3460
12-19 15:31:59.860   988  1623 D BatteryService: mBatteryVoltage=4019, batteryLevel=50
12-19 15:31:59.862   988   988 V ActivityManager: Broadcast sticky: Intent { act=android.intent.action.BATTERY_CHANGED flg=0x60000010 (has extras) } ordered=false userid=-1 callerApp=null
12-19 15:31:59.868   988  1015 D PowerManagerService: updateIsPoweredLocked: wasPowered=true, mIsPowered=true, oldPlugType=2, mPlugType=2, mBatteryLevel=70
12-19 15:31:59.872  1121  1121 I lenovokeyguard.log: (1121.0/main/1.5)[LenovoAdapterMtk]{mBroadcastReceiver.onReceive}<Context com.android.systemui.SystemUIApplication@35ddbe7><Intent #Intent;action=android.intent.action.BATTERY_CHANGED;launchFlags=0x60000010;S.technology=Li-ion;i.level_2nd=50;i.icon-small=17303126;B.present_2nd=false;i.health=2;i.status=2;i.plugged=2;B.present=true;i.level=70;i.scale=100;i.status_2nd=1;i.temperature=330;i.voltage=4019;i.invalid_charger=0;end>
12-19 15:31:59.873  1121  1121 I lenovokeyguard.log: (1121.0/main/1.5)[LenovoAdapterMtk]{Intent.ACTION_BATTERY_CHANGED level:70 quickCharge:false}<chenfy2>
12-19 15:31:59.873  1121  1121 D ActivityThread: BDC-Calling onReceive end receiver=class com.lenovo.keyguard.adapter.LenovoAdapterMtk$1
12-19 15:31:59.873  1121  1121 I PowerUI : mBatteryStatus=2,plugged=true,isShowNoti=false
12-19 15:31:59.873  1121  1121 I PowerUI : oldHealth:2,health:2
12-19 15:31:59.874  1121  1121 I PowerUI : battery temperature = 330 cnt = 0
12-19 15:31:59.876  1502  1502 D ActivityThread: BDC-Calling onReceive end receiver=class com.mediatek.internal.telephony.dataconnection.FdManager$1
12-19 15:31:59.877  1502  1502 D ActivityThread: BDC-Calling onReceive end receiver=class com.mediatek.internal.telephony.dataconnection.FdManager$1
12-19 15:31:59.878  1629  1629 D ActivityThread: BDC-Calling onReceive end receiver=class com.lenovo.lps.reaper.sdk.receiver.BatteryInfoReceiver
12-19 15:31:59.879  1121  1121 D ActivityThread: BDC-Calling onReceive end receiver=class com.android.systemui.power.PowerUI$Receiver
12-19 15:31:59.880  1121  1121 I BatteryController: battery_quick_charge = false
12-19 15:31:59.880  1121  1121 D ActivityThread: BDC-Calling onReceive end receiver=class com.android.systemui.statusbar.policy.BatteryController
12-19 15:31:59.880  1121  1121 D ActivityThread: BDC-Calling onReceive end receiver=class com.android.systemui.BatteryMeterView$BatteryTracker
12-19 15:31:59.883   988   988 D WifiService: onReceive, action:android.intent.action.BATTERY_CHANGED
12-19 15:31:59.887  1773  1773 D ActivityThread: BDC-Calling onReceive end receiver=class ajls
12-19 15:31:59.889 20276 20276 D ActivityThread: BDC-Calling onReceive end receiver=class com.android.bluetooth.hfp.HeadsetService$1
12-19 15:31:59.889 20276 20653 D HeadsetStateMachine: Connected process message: 10, size: 1
12-19 15:31:59.901  1121  1121 D ActivityThread: BDC-Calling onReceive end receiver=class com.android.systemui.BatteryMeterView$BatteryTracker
12-19 15:31:59.901  1121  1121 D ActivityThread: BDC-Calling onReceive end receiver=class com.android.systemui.BatteryMeterView$BatteryTracker
12-19 15:31:59.901  1121  1121 D BatteryInfoReceiver: onReceive action:android.intent.action.BATTERY_CHANGED
12-19 15:31:59.902  1121  1121 I BatteryInfoReceiver: BATTERY_STATUS_CHARGING
12-19 15:31:59.902  1121  1121 D ActivityThread: BDC-Calling onReceive end receiver=class com.android.systemui.usb.BatteryInfoService$BatteryInfoReceiver
12-19 15:31:59.903 19102 19102 D ActivityThread: BDC-Calling onReceive end receiver=class X.1aw
12-19 15:31:59.905  4120  4120 D ActivityThread: BDC-Calling onReceive end receiver=class X.2fH
12-19 15:31:59.905 25213 25213 D ActivityThread: BDC-Calling onReceive end receiver=class com.whatsapp.an
12-19 15:31:59.904 22376 22376 D ActivityThread: BDC-Calling onReceive end receiver=class android.mtp.MtpDatabase$1
12-19 15:31:59.923   988  1015 D AutoBrightnessLenovo.LightSensorSample: onSensorChanged: lux = 495.0
12-19 15:31:59.924   988  1015 D AutoBrightnessLenovo: updateAmbientLux: Scheduling ambient lux update for 2308670123086701 (in 1500 ms)
12-19 15:32:00.000   988  1039 D AlarmManager: set alarm to RTC 28913375
12-19 15:32:00.001   988  1039 D SettingsInterface:  from settings cache , name = background_power_saving_enable , value = 1
12-19 15:32:00.001   988  1039 D DataShapingService: Alarm manager openLteDataUpLinkGate: false
12-19 15:32:00.001   988  1039 V AlarmManager: openLteGateSuccess = false
12-19 15:32:00.001   988  1039 V ActivityManager: Broadcast: Intent { act=android.intent.action.TIME_TICK flg=0x50000114 (has extras) } ordered=true userid=-1 callerApp=null
12-19 15:32:00.007   988  1039 V AlarmManager: sending alarm Alarm{b245794 type 3 when 28913277 android} success
